Archive member included to satisfy reference by file (symbol)

C:/devkitPro/libctru/lib\libctru.a(console.o)
                              main.o (consoleInit)
C:/devkitPro/libctru/lib\libctru.a(gfx.o)
                              C:/devkitPro/libctru/lib\libctru.a(console.o) (gfxIsWide)
C:/devkitPro/libctru/lib\libctru.a(apt.o)
                              main.o (aptSetSleepAllowed)
C:/devkitPro/libctru/lib\libctru.a(gspgpu.o)
                              C:/devkitPro/libctru/lib\libctru.a(gfx.o) (gspInit)
C:/devkitPro/libctru/lib\libctru.a(hid.o)
                              main.o (hidScanInput)
C:/devkitPro/libctru/lib\libctru.a(irrst.o)
                              C:/devkitPro/libctru/lib\libctru.a(hid.o) (irrstInit)
C:/devkitPro/libctru/lib\libctru.a(soc_inet_pton.o)
                              main.o (inet_pton)
C:/devkitPro/libctru/lib\libctru.a(soc_init.o)
                              main.o (socInit)
C:/devkitPro/libctru/lib\libctru.a(soc_recvfrom.o)
                              C:/devkitPro/libctru/lib\libctru.a(soc_init.o) (soc_recvfrom)
C:/devkitPro/libctru/lib\libctru.a(soc_sendto.o)
                              C:/devkitPro/libctru/lib\libctru.a(soc_init.o) (soc_sendto)
C:/devkitPro/libctru/lib\libctru.a(soc_socket.o)
                              main.o (socket)
C:/devkitPro/libctru/lib\libctru.a(ctru_init.o)
                              C:/devkitPro/libctru/lib\libctru.a(apt.o) (__system_retAddr)
C:/devkitPro/libctru/lib\libctru.a(initArgv.o)
                              C:/devkitPro/libctru/lib\libctru.a(ctru_init.o) (__system_initArgv)
C:/devkitPro/libctru/lib\libctru.a(syscalls.o)
                              C:/devkitPro/libctru/lib\libctru.a(ctru_init.o) (__system_initSyscalls)
C:/devkitPro/libctru/lib\libctru.a(svc.o)
                              main.o (svcSleepThread)
C:/devkitPro/libctru/lib\libctru.a(stack_adjust.o)
                              C:/devkitPro/devkitARM/bin/../lib/gcc/arm-none-eabi/14.2.0/../../../../arm-none-eabi/lib/armv6k/fpu/3dsx_crt0.o (initSystem)
C:/devkitPro/libctru/lib\libctru.a(default_font.bin.o)
                              C:/devkitPro/libctru/lib\libctru.a(console.o) (default_font_bin)
C:/devkitPro/libctru/lib\libctru.a(linear.o)
                              C:/devkitPro/libctru/lib\libctru.a(gfx.o) (linearAlloc)
C:/devkitPro/libctru/lib\libctru.a(mem_pool.o)
                              C:/devkitPro/libctru/lib\libctru.a(linear.o) (MemPool::Allocate(MemChunk&, unsigned long, int))
C:/devkitPro/libctru/lib\libctru.a(vram.o)
                              C:/devkitPro/libctru/lib\libctru.a(gfx.o) (vramAlloc)
C:/devkitPro/libctru/lib\libctru.a(3dslink.o)
                              C:/devkitPro/libctru/lib\libctru.a(initArgv.o) (__3dslink_host)
C:/devkitPro/libctru/lib\libctru.a(env.o)
                              C:/devkitPro/libctru/lib\libctru.a(irrst.o) (envGetHandle)
C:/devkitPro/libctru/lib\libctru.a(os.o)
                              C:/devkitPro/libctru/lib\libctru.a(syscalls.o) (osGetTime)
C:/devkitPro/libctru/lib\libctru.a(srv.o)
                              C:/devkitPro/libctru/lib\libctru.a(apt.o) (srvInit)
C:/devkitPro/libctru/lib\libctru.a(synchronization.o)
                              C:/devkitPro/libctru/lib\libctru.a(ctru_init.o) (__sync_init)
C:/devkitPro/libctru/lib\libctru.a(thread.o)
                              C:/devkitPro/libctru/lib\libctru.a(apt.o) (threadCreate)
C:/devkitPro/libctru/lib\libctru.a(mappable.o)
                              C:/devkitPro/libctru/lib\libctru.a(apt.o) (mappableAlloc)
C:/devkitPro/libctru/lib\libctru.a(ptmsysm.o)
                              C:/devkitPro/libctru/lib\libctru.a(os.o) (ptmSysmInit)
C:/devkitPro/libctru/lib\libctru.a(srvpm.o)
                              C:/devkitPro/libctru/lib\libctru.a(srv.o) (srvPmGetSessionHandle)
C:/devkitPro/libctru/lib\libctru.a(soc_common.o)
                              C:/devkitPro/libctru/lib\libctru.a(soc_init.o) (_net_convert_error)
C:/devkitPro/libctru/lib\libctru.a(soc_connect.o)
                              C:/devkitPro/libctru/lib\libctru.a(3dslink.o) (connect)
C:/devkitPro/libctru/lib\libctru.a(rbtree_find.o)
                              C:/devkitPro/libctru/lib\libctru.a(linear.o) (rbtree_find)
C:/devkitPro/libctru/lib\libctru.a(rbtree_init.o)
                              C:/devkitPro/libctru/lib\libctru.a(linear.o) (rbtree_init)
C:/devkitPro/libctru/lib\libctru.a(rbtree_insert.o)
                              C:/devkitPro/libctru/lib\libctru.a(linear.o) (rbtree_insert)
C:/devkitPro/libctru/lib\libctru.a(rbtree_remove.o)
                              C:/devkitPro/libctru/lib\libctru.a(linear.o) (rbtree_remove)
C:/devkitPro/libctru/lib\libctru.a(rbtree_rotate.o)
                              C:/devkitPro/libctru/lib\libctru.a(rbtree_insert.o) (rbtree_rotate)
C:/devkitPro/libctru/lib\libctru.a(allocateHeaps.o)
                              C:/devkitPro/libctru/lib\libctru.a(ctru_init.o) (__system_allocateHeaps)
[...]
Memory Configuration

Name             Origin             Length             Attributes
*default*        0x00000000         0xffffffff

Linker script and memory map

                0x00000000                        __sync_synchronize = __sync_synchronize_dmb
                0x00100000                        PROVIDE (__start__ = 0x100000)
                0x00100000                        . = __start__

.text           0x00100000    0x22c70
 *(.crt0)
 .crt0          0x00100000       0x94 C:/devkitPro/devkitARM/bin/../lib/gcc/arm-none-eabi/14.2.0/../../../../arm-none-eabi/lib/armv6k/fpu/3dsx_crt0.o
                0x00100000                _start
                0x00100008                __service_ptr
                0x0010000c                __apt_appid
                0x00100010                __heap_size
                0x00100014                __linear_heap_size
                0x00100018                __system_arglist
                0x0010001c                __system_runflags
 *(.init)
 .init          0x00100094        0xc C:/devkitPro/devkitARM/bin/../lib/gcc/arm-none-eabi/14.2.0/armv6k/fpu/crti.o
                0x00100094                _init
 .init          0x001000a0        0xc C:/devkitPro/devkitARM/bin/../lib/gcc/arm-none-eabi/14.2.0/armv6k/fpu/crtn.o
                0x001000ac                        . = ALIGN (0x4)
 *(.text)
 .text          0x001000ac      0x240 C:/devkitPro/devkitARM/bin/../lib/gcc/arm-none-eabi/14.2.0/armv6k/fpu\libgcc.a(_divsi3.o)
                0x001000ac                __divsi3
                0x001000ac                __aeabi_idiv
                0x001002cc                __aeabi_idivmod
 .text          0x001002ec        0x4 C:/devkitPro/devkitARM/bin/../lib/gcc/arm-none-eabi/14.2.0/armv6k/fpu\libgcc.a(_dvmd_tls.o)
                0x001002ec                __aeabi_idiv0
                0x001002ec                __aeabi_ldiv0
 .text          0x001002f0       0x3c C:/devkitPro/devkitARM/bin/../lib/gcc/arm-none-eabi/14.2.0/armv6k/fpu\libgcc.a(_aeabi_uldivmod.o)
                0x001002f0                __aeabi_uldivmod
 *fill*         0x0010032c       0x14 
 .text          0x00100340      0x390 C:/devkitPro/devkitARM/bin/../lib/gcc/arm-none-eabi/14.2.0/../../../../arm-none-eabi/lib/armv6k/fpu\libg.a(libc_a-strcmp.o)
                0x00100348                strcmp
 .text          0x001006d0      0x20c C:/devkitPro/devkitARM/bin/../lib/gcc/arm-none-eabi/14.2.0/armv6k/fpu\libgcc.a(_udivsi3.o)
                0x001006d0                __aeabi_uidiv
                0x001006d0                __udivsi3
                0x001008bc                __aeabi_uidivmod
 .text          0x001008dc      0x3c0 C:/devkitPro/devkitARM/bin/../lib/gcc/arm-none-eabi/14.2.0/armv6k/fpu\libgcc.a(_arm_addsubdf3.o)
                0x001008dc                __aeabi_drsub
                0x001008e4                __aeabi_dsub
                0x001008e4                __subdf3
                0x001008e8                __aeabi_dadd
                0x001008e8                __adddf3
                0x00100b94                __floatunsidf
                0x00100b94                __aeabi_ui2d
                0x00100bb8                __floatsidf
                0x00100bb8                __aeabi_i2d
                0x00100be0                __aeabi_f2d
                0x00100be0                __extendsfdf2
                0x00100c28                __floatundidf
                0x00100c28                __aeabi_ul2d
                0x00100c3c                __floatdidf
                0x00100c3c                __aeabi_l2d
 *(.text.*)
 .text.__do_global_dtors_aux
                0x00100c9c       0x40 C:/devkitPro/devkitARM/bin/../lib/gcc/arm-none-eabi/14.2.0/armv6k/fpu/crtbegin.o
 .text.frame_dummy
                0x00100cdc       0x2c C:/devkitPro/devkitARM/bin/../lib/gcc/arm-none-eabi/14.2.0/armv6k/fpu/crtbegin.o
 .text.getServerIp
                0x00100d08       0x78 main.o
                0x00100d08                getServerIp
 .text.startup.main
                0x00100d80      0x23c main.o
                0x00100d80                main
 .text.consoleHandleColorEsc
                0x00100fbc      0x45c C:/devkitPro/libctru/lib\libctru.a(console.o)
 .text.consoleColorStateShift
                0x00101418       0xb8 C:/devkitPro/libctru/lib\libctru.a(console.o)
 .text.consoleDrawChar
                0x001014d0      0x1ac C:/devkitPro/libctru/lib\libctru.a(console.o)
                0x001014d0                consoleDrawChar
 .text.consolePrintChar
                0x0010167c      0x11c C:/devkitPro/libctru/lib\libctru.a(console.o)
                0x0010167c                consolePrintChar
 .text.con_write
                0x00101798      0x5ec C:/devkitPro/libctru/lib\libctru.a(console.o)
                0x00101798                con_write
 .text.newRow   0x00101d84      0x124 C:/devkitPro/libctru/lib\libctru.a(console.o)
 .text.consoleInit
                0x00101ea8      0x18c C:/devkitPro/libctru/lib\libctru.a(console.o)
                0x00101ea8                consoleInit
 .text.gfxPresentFramebuffer
                0x00102034       0xd0 C:/devkitPro/libctru/lib\libctru.a(gfx.o)
 .text.gfxIsWide
                0x00102104       0x1c C:/devkitPro/libctru/lib\libctru.a(gfx.o)
                0x00102104                gfxIsWide
 .text.gfxSetScreenFormat
                0x00102120       0xec C:/devkitPro/libctru/lib\libctru.a(gfx.o)
                0x00102120                gfxSetScreenFormat
 .text.gfxSetDoubleBuffering
                0x0010220c       0x10 C:/devkitPro/libctru/lib\libctru.a(gfx.o)
                0x0010220c                gfxSetDoubleBuffering
 .text.gfxInit  0x0010221c       0xd8 C:/devkitPro/libctru/lib\libctru.a(gfx.o)
                0x0010221c                gfxInit
 .text.gfxInitDefault
                0x001022f4       0x10 C:/devkitPro/libctru/lib\libctru.a(gfx.o)
                0x001022f4                gfxInitDefault
 .text.gfxExit  0x00102304       0xb4 C:/devkitPro/libctru/lib\libctru.a(gfx.o)
                0x00102304                gfxExit
 .text.gfxGetFramebuffer
                0x001023b8       0xa0 C:/devkitPro/libctru/lib\libctru.a(gfx.o)
                0x001023b8                gfxGetFramebuffer
 .text.gfxFlushBuffers
                0x00102458      0x100 C:/devkitPro/libctru/lib\libctru.a(gfx.o)
                0x00102458                gfxFlushBuffers
 .text.gfxSwapBuffersGpu
                0x00102558       0x50 C:/devkitPro/libctru/lib\libctru.a(gfx.o)
                0x00102558                gfxSwapBuffersGpu
 .text.aptConvertScreenForCapture
                0x001025a8      0x1b0 C:/devkitPro/libctru/lib\libctru.a(apt.o)
 .text.aptDspSleep
                0x00102758        0x8 C:/devkitPro/libctru/lib\libctru.a(apt.o)
                0x00102758                aptDspSleep
 .text.aptDspWakeup
                0x00102760        0x4 C:/devkitPro/libctru/lib\libctru.a(apt.o)
                0x00102760                aptDspWakeup
 .text.aptDspCancel
                0x00102764        0x4 C:/devkitPro/libctru/lib\libctru.a(apt.o)
                0x00102764                aptDspCancel
 .text.aptSendCommand
                0x00102768      0x158 C:/devkitPro/libctru/lib\libctru.a(apt.o)
                0x00102768                aptSendCommand
 .text.aptExitProcess
                0x001028c0       0x44 C:/devkitPro/libctru/lib\libctru.a(apt.o)
 .text.aptExit  0x00102904      0x380 C:/devkitPro/libctru/lib\libctru.a(apt.o)
                0x00102904                aptExit
 .text.aptHandleSleep
                0x00102c84       0xd8 C:/devkitPro/libctru/lib\libctru.a(apt.o)
                0x00102c84                aptHandleSleep
 .text.APT_SleepIfShellClosed
                0x00102d5c       0x84 C:/devkitPro/libctru/lib\libctru.a(apt.o)
                0x00102d5c                APT_SleepIfShellClosed
 .text.aptSetSleepAllowed
                0x00102de0       0x78 C:/devkitPro/libctru/lib\libctru.a(apt.o)
                0x00102de0                aptSetSleepAllowed
 .text.APT_UnlockTransition
                0x00102e58       0x84 C:/devkitPro/libctru/lib\libctru.a(apt.o)
                0x00102e58                APT_UnlockTransition
 *fill*         0x00102edc        0x4 
 .text.aptEventHandler
                0x00102ee0      0x478 C:/devkitPro/libctru/lib\libctru.a(apt.o)
 .text.APT_ReceiveParameter
                0x00103358       0xb0 C:/devkitPro/libctru/lib\libctru.a(apt.o)
                0x00103358                APT_ReceiveParameter
 .text.aptReceiveParameter.constprop.0
                0x00103408       0xac C:/devkitPro/libctru/lib\libctru.a(apt.o)
 *fill*         0x001034b4        0x4 
 .text.aptScreenTransfer
                0x001034b8      0x294 C:/devkitPro/libctru/lib\libctru.a(apt.o)
 .text.aptWaitForWakeUp.isra.0
                0x0010374c      0x2c8 C:/devkitPro/libctru/lib\libctru.a(apt.o)
 .text.aptJumpToHomeMenu
                0x00103a14       0xf4 C:/devkitPro/libctru/lib\libctru.a(apt.o)
                0x00103a14                aptJumpToHomeMenu
 .text.aptMainLoop
                0x00103b08       0x48 C:/devkitPro/libctru/lib\libctru.a(apt.o)
                0x00103b08                aptMainLoop
 .text.aptInit  0x00103b50      0x22c C:/devkitPro/libctru/lib\libctru.a(apt.o)
                0x00103b50                aptInit
 .text.APT_CheckNew3DS
                0x00103d7c       0x7c C:/devkitPro/libctru/lib\libctru.a(apt.o)
                0x00103d7c                APT_CheckNew3DS
 .text.gspHardwareInit
                0x00103df8      0xc70 C:/devkitPro/libctru/lib\libctru.a(gspgpu.o)
 .text.gspInit  0x00104a68      0x248 C:/devkitPro/libctru/lib\libctru.a(gspgpu.o)
                0x00104a68                gspInit
 .text.gspExit  0x00104cb0       0xe4 C:/devkitPro/libctru/lib\libctru.a(gspgpu.o)
                0x00104cb0                gspExit
 .text.gspHasGpuRight
                0x00104d94       0x10 C:/devkitPro/libctru/lib\libctru.a(gspgpu.o)
                0x00104d94                gspHasGpuRight
 .text.gspPresentBuffer
                0x00104da4       0xa0 C:/devkitPro/libctru/lib\libctru.a(gspgpu.o)
                0x00104da4                gspPresentBuffer
 .text.gspWaitForEvent
                0x00104e44       0x44 C:/devkitPro/libctru/lib\libctru.a(gspgpu.o)
                0x00104e44                gspWaitForEvent
 .text.gxCmdQueueInterrupt
                0x00104e88        0x4 C:/devkitPro/libctru/lib\libctru.a(gspgpu.o)
                0x00104e88                gxCmdQueueInterrupt
 .text.gspEventThreadMain
                0x00104e8c      0x160 C:/devkitPro/libctru/lib\libctru.a(gspgpu.o)
 .text.GSPGPU_FlushDataCache
                0x00104fec       0x50 C:/devkitPro/libctru/lib\libctru.a(gspgpu.o)
                0x00104fec                GSPGPU_FlushDataCache
 .text.GSPGPU_SetLcdForceBlack
                0x0010503c       0x34 C:/devkitPro/libctru/lib\libctru.a(gspgpu.o)
                0x0010503c                GSPGPU_SetLcdForceBlack
 .text.GSPGPU_AcquireRight
                0x00105070       0x68 C:/devkitPro/libctru/lib\libctru.a(gspgpu.o)
                0x00105070                GSPGPU_AcquireRight
 .text.GSPGPU_ReleaseRight
                0x001050d8       0x48 C:/devkitPro/libctru/lib\libctru.a(gspgpu.o)
                0x001050d8                GSPGPU_ReleaseRight
 .text.GSPGPU_ImportDisplayCaptureInfo
                0x00105120       0x7c C:/devkitPro/libctru/lib\libctru.a(gspgpu.o)
                0x00105120                GSPGPU_ImportDisplayCaptureInfo
 .text.GSPGPU_SaveVramSysArea
                0x0010519c       0x2c C:/devkitPro/libctru/lib\libctru.a(gspgpu.o)
                0x0010519c                GSPGPU_SaveVramSysArea
 .text.GSPGPU_RestoreVramSysArea
                0x001051c8       0x2c C:/devkitPro/libctru/lib\libctru.a(gspgpu.o)
                0x001051c8                GSPGPU_RestoreVramSysArea
 .text.hidShouldUseIrrst
                0x001051f4       0x24 C:/devkitPro/libctru/lib\libctru.a(hid.o)
                0x001051f4                hidShouldUseIrrst
 .text.hidInit  0x00105218      0x18c C:/devkitPro/libctru/lib\libctru.a(hid.o)
                0x00105218                hidInit
 .text.hidExit  0x001053a4       0xe8 C:/devkitPro/libctru/lib\libctru.a(hid.o)
                0x001053a4                hidExit
 .text.hidScanInput
                0x0010548c      0x2a4 C:/devkitPro/libctru/lib\libctru.a(hid.o)
                0x0010548c                hidScanInput
 .text.hidKeysDown
                0x00105730       0x10 C:/devkitPro/libctru/lib\libctru.a(hid.o)
                0x00105730                hidKeysDown
 .text.hidAccelRead
                0x00105740       0x20 C:/devkitPro/libctru/lib\libctru.a(hid.o)
                0x00105740                hidAccelRead
 .text.hidGyroRead
                0x00105760       0x20 C:/devkitPro/libctru/lib\libctru.a(hid.o)
                0x00105760                hidGyroRead
 .text.HIDUSER_EnableAccelerometer
                0x00105780       0x2c C:/devkitPro/libctru/lib\libctru.a(hid.o)
                0x00105780                HIDUSER_EnableAccelerometer
 .text.HIDUSER_EnableGyroscope
                0x001057ac       0x2c C:/devkitPro/libctru/lib\libctru.a(hid.o)
                0x001057ac                HIDUSER_EnableGyroscope
 .text.irrstInit
                0x001057d8      0x160 C:/devkitPro/libctru/lib\libctru.a(irrst.o)
                0x001057d8                irrstInit
 .text.irrstExit
                0x00105938       0xcc C:/devkitPro/libctru/lib\libctru.a(irrst.o)
                0x00105938                irrstExit
 .text.irrstScanInput
                0x00105a04       0xb4 C:/devkitPro/libctru/lib\libctru.a(irrst.o)
                0x00105a04                irrstScanInput
 .text.irrstKeysHeld
                0x00105ab8       0x24 C:/devkitPro/libctru/lib\libctru.a(irrst.o)
                0x00105ab8                irrstKeysHeld
 .text.inet_pton
                0x00105adc       0x70 C:/devkitPro/libctru/lib\libctru.a(soc_inet_pton.o)
                0x00105adc                inet_pton
 .text.soc_open
                0x00105b4c       0x14 C:/devkitPro/libctru/lib\libctru.a(soc_init.o)
 .text.soc_read
                0x00105b60       0x34 C:/devkitPro/libctru/lib\libctru.a(soc_init.o)
 .text.soc_write
                0x00105b94       0x34 C:/devkitPro/libctru/lib\libctru.a(soc_init.o)
 .text.soc_close
                0x00105bc8       0x8c C:/devkitPro/libctru/lib\libctru.a(soc_init.o)
 .text.socInit  0x00105c54      0x15c C:/devkitPro/libctru/lib\libctru.a(soc_init.o)
                0x00105c54                socInit
 .text.socExit  0x00105db0       0x88 C:/devkitPro/libctru/lib\libctru.a(soc_init.o)
                0x00105db0                socExit
 .text.socuipc_cmd7
                0x00105e38      0x140 C:/devkitPro/libctru/lib\libctru.a(soc_recvfrom.o)
                0x00105e38                socuipc_cmd7
 .text.socuipc_cmd8
                0x00105f78      0x15c C:/devkitPro/libctru/lib\libctru.a(soc_recvfrom.o)
                0x00105f78                socuipc_cmd8
 .text.soc_recvfrom
                0x001060d4       0x24 C:/devkitPro/libctru/lib\libctru.a(soc_recvfrom.o)
                0x001060d4                soc_recvfrom
 .text.socuipc_cmd9
                0x001060f8      0x158 C:/devkitPro/libctru/lib\libctru.a(soc_sendto.o)
                0x001060f8                socuipc_cmd9
 .text.socuipc_cmda
                0x00106250      0x15c C:/devkitPro/libctru/lib\libctru.a(soc_sendto.o)
                0x00106250                socuipc_cmda
 .text.soc_sendto
                0x001063ac       0x24 C:/devkitPro/libctru/lib\libctru.a(soc_sendto.o)
                0x001063ac                soc_sendto
 .text.sendto   0x001063d0       0xa8 C:/devkitPro/libctru/lib\libctru.a(soc_sendto.o)
                0x001063d0                sendto
 .text.socket   0x00106478      0x14c C:/devkitPro/libctru/lib\libctru.a(soc_socket.o)
                0x00106478                socket
 .text.__libctru_init
                0x001065c4       0x38 C:/devkitPro/libctru/lib\libctru.a(ctru_init.o)
                0x001065c4                __libctru_init
 .text.__system_initArgv
                0x001065fc      0x160 C:/devkitPro/libctru/lib\libctru.a(initArgv.o)
                0x001065fc                __system_initArgv
 .text.__syscall_getreent
                0x0010675c       0x30 C:/devkitPro/libctru/lib\libctru.a(syscalls.o)
                0x0010675c                __syscall_getreent
 .text.__syscall_lock_acquire
                0x0010678c        0x4 C:/devkitPro/libctru/lib\libctru.a(syscalls.o)
                0x0010678c                __syscall_lock_acquire
 .text.__syscall_lock_release
                0x00106790        0x4 C:/devkitPro/libctru/lib\libctru.a(syscalls.o)
                0x00106790                __syscall_lock_release
 .text.__syscall_lock_acquire_recursive
                0x00106794        0x4 C:/devkitPro/libctru/lib\libctru.a(syscalls.o)
                0x00106794                __syscall_lock_acquire_recursive
 .text.__syscall_lock_release_recursive
                0x00106798        0x4 C:/devkitPro/libctru/lib\libctru.a(syscalls.o)
                0x00106798                __syscall_lock_release_recursive
 .text.__syscall_exit
                0x0010679c        0x4 C:/devkitPro/libctru/lib\libctru.a(syscalls.o)
                0x0010679c                __syscall_exit
 .text.initThreadVars
                0x001067a0       0x50 C:/devkitPro/libctru/lib\libctru.a(syscalls.o)
                0x001067a0                initThreadVars
 .text.__system_initSyscalls
                0x001067f0       0x80 C:/devkitPro/libctru/lib\libctru.a(syscalls.o)
                0x001067f0                __system_initSyscalls
 .text.svcControlMemory
                0x00106870       0x20 C:/devkitPro/libctru/lib\libctru.a(svc.o)
                0x00106870                svcControlMemory
 .text.svcQueryMemory
                0x00106890       0x30 C:/devkitPro/libctru/lib\libctru.a(svc.o)
                0x00106890                svcQueryMemory
 .text.svcExitProcess
                0x001068c0        0x8 C:/devkitPro/libctru/lib\libctru.a(svc.o)
                0x001068c0                svcExitProcess
 .text.svcCreateThread
                0x001068c8       0x20 C:/devkitPro/libctru/lib\libctru.a(svc.o)
                0x001068c8                svcCreateThread
 .text.svcExitThread
                0x001068e8        0x8 C:/devkitPro/libctru/lib\libctru.a(svc.o)
                0x001068e8                svcExitThread
 .text.svcSleepThread
                0x001068f0        0x8 C:/devkitPro/libctru/lib\libctru.a(svc.o)
                0x001068f0                svcSleepThread
 .text.svcReleaseMutex
                0x001068f8        0x8 C:/devkitPro/libctru/lib\libctru.a(svc.o)
                0x001068f8                svcReleaseMutex
 .text.svcCreateEvent
                0x00106900       0x14 C:/devkitPro/libctru/lib\libctru.a(svc.o)
                0x00106900                svcCreateEvent
 .text.svcSignalEvent
                0x00106914        0x8 C:/devkitPro/libctru/lib\libctru.a(svc.o)
                0x00106914                svcSignalEvent
 .text.svcClearEvent
                0x0010691c        0x8 C:/devkitPro/libctru/lib\libctru.a(svc.o)
                0x0010691c                svcClearEvent
 .text.svcCreateMemoryBlock
                0x00106924       0x18 C:/devkitPro/libctru/lib\libctru.a(svc.o)
                0x00106924                svcCreateMemoryBlock
 .text.svcMapMemoryBlock
                0x0010693c        0x8 C:/devkitPro/libctru/lib\libctru.a(svc.o)
                0x0010693c                svcMapMemoryBlock
 .text.svcUnmapMemoryBlock
                0x00106944        0x8 C:/devkitPro/libctru/lib\libctru.a(svc.o)
                0x00106944                svcUnmapMemoryBlock
 .text.svcCreateAddressArbiter
                0x0010694c       0x14 C:/devkitPro/libctru/lib\libctru.a(svc.o)
                0x0010694c                svcCreateAddressArbiter
 .text.svcArbitrateAddressNoTimeout
                0x00106960        0x8 C:/devkitPro/libctru/lib\libctru.a(svc.o)
                0x00106960                svcArbitrateAddressNoTimeout
 .text.svcCloseHandle
                0x00106968        0x8 C:/devkitPro/libctru/lib\libctru.a(svc.o)
                0x00106968                svcCloseHandle
 .text.svcWaitSynchronization
                0x00106970        0x8 C:/devkitPro/libctru/lib\libctru.a(svc.o)
                0x00106970                svcWaitSynchronization
 .text.svcWaitSynchronizationN
                0x00106978       0x28 C:/devkitPro/libctru/lib\libctru.a(svc.o)
                0x00106978                svcWaitSynchronizationN
 .text.svcDuplicateHandle
                0x001069a0       0x14 C:/devkitPro/libctru/lib\libctru.a(svc.o)
                0x001069a0                svcDuplicateHandle
 .text.svcConnectToPort
                0x001069b4       0x14 C:/devkitPro/libctru/lib\libctru.a(svc.o)
                0x001069b4                svcConnectToPort
 .text.svcSendSyncRequest
                0x001069c8        0x8 C:/devkitPro/libctru/lib\libctru.a(svc.o)
                0x001069c8                svcSendSyncRequest
 .text.svcGetResourceLimit
                0x001069d0       0x14 C:/devkitPro/libctru/lib\libctru.a(svc.o)
                0x001069d0                svcGetResourceLimit
 .text.svcGetResourceLimitLimitValues
                0x001069e4        0x8 C:/devkitPro/libctru/lib\libctru.a(svc.o)
                0x001069e4                svcGetResourceLimitLimitValues
 .text.svcGetResourceLimitCurrentValues
                0x001069ec        0x8 C:/devkitPro/libctru/lib\libctru.a(svc.o)
                0x001069ec                svcGetResourceLimitCurrentValues
 .text.svcBreak
                0x001069f4        0x8 C:/devkitPro/libctru/lib\libctru.a(svc.o)
                0x001069f4                svcBreak
 .text.initSystem
                0x001069fc       0x50 C:/devkitPro/libctru/lib\libctru.a(stack_adjust.o)
                0x001069fc                initSystem
 .text.__ctru_exit
                0x00106a4c       0x14 C:/devkitPro/libctru/lib\libctru.a(stack_adjust.o)
                0x00106a4c                __ctru_exit
 .text._ZL21addrMapNodeComparatorPK11rbtree_nodeS1_
                0x00106a60       0x24 C:/devkitPro/libctru/lib\libctru.a(linear.o)
 .text._ZL21addrMapNodeDestructorP11rbtree_node
                0x00106a84        0x4 C:/devkitPro/libctru/lib\libctru.a(linear.o)
 .text.linearMemAlign
                0x00106a88      0x120 C:/devkitPro/libctru/lib\libctru.a(linear.o)
                0x00106a88                linearMemAlign
 .text.linearAlloc
                0x00106ba8        0x8 C:/devkitPro/libctru/lib\libctru.a(linear.o)
                0x00106ba8                linearAlloc
 .text.linearFree
                0x00106bb0       0x5c C:/devkitPro/libctru/lib\libctru.a(linear.o)
                0x00106bb0                linearFree
 .text._ZN7MemPool13CoalesceRightEP8MemBlock
                0x00106c0c       0x84 C:/devkitPro/libctru/lib\libctru.a(mem_pool.o)
                0x00106c0c                MemPool::CoalesceRight(MemBlock*)
 .text._ZN7MemPool8AllocateER8MemChunkmi
                0x00106c90      0x150 C:/devkitPro/libctru/lib\libctru.a(mem_pool.o)
                0x00106c90                MemPool::Allocate(MemChunk&, unsigned long, int)
 .text._ZN7MemPool10DeallocateERK8MemChunk
                0x00106de0       0xfc C:/devkitPro/libctru/lib\libctru.a(mem_pool.o)
                0x00106de0                MemPool::Deallocate(MemChunk const&)
 .text._ZN7MemPool12GetFreeSpaceEv
                0x00106edc       0x30 C:/devkitPro/libctru/lib\libctru.a(mem_pool.o)
                0x00106edc                MemPool::GetFreeSpace()
 .text._ZL21addrMapNodeComparatorPK11rbtree_nodeS1_
                0x00106f0c       0x24 C:/devkitPro/libctru/lib\libctru.a(vram.o)
 .text._ZL21addrMapNodeDestructorP11rbtree_node
                0x00106f30        0x4 C:/devkitPro/libctru/lib\libctru.a(vram.o)
 .text.vramMemAlignAt
                0x00106f34      0x244 C:/devkitPro/libctru/lib\libctru.a(vram.o)
                0x00106f34                vramMemAlignAt
 .text.vramAlloc
                0x00107178        0xc C:/devkitPro/libctru/lib\libctru.a(vram.o)
                0x00107178                vramAlloc
 .text.vramFree
                0x00107184       0x90 C:/devkitPro/libctru/lib\libctru.a(vram.o)
                0x00107184                vramFree
 .text.envGetHandle
                0x00107214       0x84 C:/devkitPro/libctru/lib\libctru.a(env.o)
                0x00107214                envGetHandle
 .text.envDestroyHandles
                0x00107298       0x50 C:/devkitPro/libctru/lib\libctru.a(env.o)
                0x00107298                envDestroyHandles
 .text.__ctru_speedup_config
                0x001072e8       0x34 C:/devkitPro/libctru/lib\libctru.a(os.o)
                0x001072e8                __ctru_speedup_config
 .text.srvInit  0x0010731c      0x12c C:/devkitPro/libctru/lib\libctru.a(srv.o)
                0x0010731c                srvInit
 .text.srvExit  0x00107448       0x58 C:/devkitPro/libctru/lib\libctru.a(srv.o)
                0x00107448                srvExit
 .text.srvEnableNotification
                0x001074a0       0x60 C:/devkitPro/libctru/lib\libctru.a(srv.o)
                0x001074a0                srvEnableNotification
 .text.srvGetServiceHandleDirect
                0x00107500       0xa0 C:/devkitPro/libctru/lib\libctru.a(srv.o)
                0x00107500                srvGetServiceHandleDirect
 .text.srvGetServiceHandle
                0x001075a0       0x38 C:/devkitPro/libctru/lib\libctru.a(srv.o)
                0x001075a0                srvGetServiceHandle
 .text.srvSubscribe
                0x001075d8       0x34 C:/devkitPro/libctru/lib\libctru.a(srv.o)
                0x001075d8                srvSubscribe
 .text.srvReceiveNotification
                0x0010760c       0x60 C:/devkitPro/libctru/lib\libctru.a(srv.o)
                0x0010760c                srvReceiveNotification
 .text.srvPublishToSubscriber
                0x0010766c       0x38 C:/devkitPro/libctru/lib\libctru.a(srv.o)
                0x0010766c                srvPublishToSubscriber
 .text.__sync_init
                0x001076a4        0xc C:/devkitPro/libctru/lib\libctru.a(synchronization.o)
                0x001076a4                __sync_init
 .text.__sync_fini
                0x001076b0       0x18 C:/devkitPro/libctru/lib\libctru.a(synchronization.o)
                0x001076b0                __sync_fini
 .text.syncArbitrateAddress
                0x001076c8       0x2c C:/devkitPro/libctru/lib\libctru.a(synchronization.o)
                0x001076c8                syncArbitrateAddress
 .text.LightLock_Lock
                0x001076f4       0xb0 C:/devkitPro/libctru/lib\libctru.a(synchronization.o)
                0x001076f4                LightLock_Lock
 .text.LightLock_Unlock
                0x001077a4       0x40 C:/devkitPro/libctru/lib\libctru.a(synchronization.o)
                0x001077a4                LightLock_Unlock
 .text.RecursiveLock_Lock
                0x001077e4       0x30 C:/devkitPro/libctru/lib\libctru.a(synchronization.o)
                0x001077e4                RecursiveLock_Lock
 .text.RecursiveLock_Unlock
                0x00107814       0x54 C:/devkitPro/libctru/lib\libctru.a(synchronization.o)
                0x00107814                RecursiveLock_Unlock
 .text.LightEvent_Init
                0x00107868       0x40 C:/devkitPro/libctru/lib\libctru.a(synchronization.o)
                0x00107868                LightEvent_Init
 .text.LightEvent_Clear
                0x001078a8       0xa4 C:/devkitPro/libctru/lib\libctru.a(synchronization.o)
                0x001078a8                LightEvent_Clear
 .text.LightEvent_Signal
                0x0010794c       0xc8 C:/devkitPro/libctru/lib\libctru.a(synchronization.o)
                0x0010794c                LightEvent_Signal
 .text.LightEvent_TryWait
                0x00107a14       0x50 C:/devkitPro/libctru/lib\libctru.a(synchronization.o)
                0x00107a14                LightEvent_TryWait
 .text.LightEvent_Wait
                0x00107a64       0xa0 C:/devkitPro/libctru/lib\libctru.a(synchronization.o)
                0x00107a64                LightEvent_Wait
 .text.threadCreate
                0x00107b04      0x1d4 C:/devkitPro/libctru/lib\libctru.a(thread.o)
                0x00107b04                threadCreate
 .text.threadFree
                0x00107cd8       0x2c C:/devkitPro/libctru/lib\libctru.a(thread.o)
                0x00107cd8                threadFree
 .text.threadJoin
                0x00107d04       0x24 C:/devkitPro/libctru/lib\libctru.a(thread.o)
                0x00107d04                threadJoin
 .text.threadGetCurrent
                0x00107d28       0x30 C:/devkitPro/libctru/lib\libctru.a(thread.o)
                0x00107d28                threadGetCurrent
 .text.threadExit
                0x00107d58       0x40 C:/devkitPro/libctru/lib\libctru.a(thread.o)
                0x00107d58                threadExit
 .text._thread_begin
                0x00107d98       0x20 C:/devkitPro/libctru/lib\libctru.a(thread.o)
 .text.mappableFindAddressWithin
                0x00107db8       0x90 C:/devkitPro/libctru/lib\libctru.a(mappable.o)
 .text.mappableInit
                0x00107e48       0x28 C:/devkitPro/libctru/lib\libctru.a(mappable.o)
                0x00107e48                mappableInit
 .text.mappableAlloc
                0x00107e70       0x80 C:/devkitPro/libctru/lib\libctru.a(mappable.o)
                0x00107e70                mappableAlloc
 .text.mappableFree
                0x00107ef0        0x4 C:/devkitPro/libctru/lib\libctru.a(mappable.o)
                0x00107ef0                mappableFree
 .text.ptmSysmInit
                0x00107ef4       0x74 C:/devkitPro/libctru/lib\libctru.a(ptmsysm.o)
                0x00107ef4                ptmSysmInit
 .text.ptmSysmExit
                0x00107f68       0x3c C:/devkitPro/libctru/lib\libctru.a(ptmsysm.o)
                0x00107f68                ptmSysmExit
 .text.PTMSYSM_ConfigureNew3DSCPU
                0x00107fa4       0x34 C:/devkitPro/libctru/lib\libctru.a(ptmsysm.o)
                0x00107fa4                PTMSYSM_ConfigureNew3DSCPU
 .text.srvPmGetSessionHandle
                0x00107fd8        0xc C:/devkitPro/libctru/lib\libctru.a(srvpm.o)
                0x00107fd8                srvPmGetSessionHandle
 .text._net_convert_error
                0x00107fe4       0x3c C:/devkitPro/libctru/lib\libctru.a(soc_common.o)
                0x00107fe4                _net_convert_error
 .text.rbtree_find
                0x00108020       0x74 C:/devkitPro/libctru/lib\libctru.a(rbtree_find.o)
                0x00108020                rbtree_find
 .text.rbtree_init
                0x00108094       0x10 C:/devkitPro/libctru/lib\libctru.a(rbtree_init.o)
                0x00108094                rbtree_init
 .text.do_insert
                0x001080a4      0x19c C:/devkitPro/libctru/lib\libctru.a(rbtree_insert.o)
 .text.rbtree_insert
                0x00108240        0x8 C:/devkitPro/libctru/lib\libctru.a(rbtree_insert.o)
                0x00108240                rbtree_insert
 .text.rbtree_remove
                0x00108248      0x310 C:/devkitPro/libctru/lib\libctru.a(rbtree_remove.o)
                0x00108248                rbtree_remove
 .text.rbtree_rotate
                0x00108558       0x90 C:/devkitPro/libctru/lib\libctru.a(rbtree_rotate.o)
                0x00108558                rbtree_rotate
 .text.__system_allocateHeaps
                0x001085e8      0x1e0 C:/devkitPro/libctru/lib\libctru.a(allocateHeaps.o)
                0x001085e8                __system_allocateHeaps
 .text.__appExit
                0x001087c8       0x30 C:/devkitPro/libctru/lib\libctru.a(appExit.o)
                0x001087c8                __appExit
 .text.__appInit
                0x001087f8       0x30 C:/devkitPro/libctru/lib\libctru.a(appInit.o)
                0x001087f8                __appInit
 .text.__libctru_exit
                0x00108828       0x90 C:/devkitPro/libctru/lib\libctru.a(ctru_exit.o)
                0x00108828                __libctru_exit
 .text.archive_link
                0x001088b8       0x14 C:/devkitPro/libctru/lib\libctru.a(archive_dev.o)
 .text.archive_dirreset
                0x001088cc       0x14 C:/devkitPro/libctru/lib\libctru.a(archive_dev.o)
 .text.archive_chmod
                0x001088e0       0x14 C:/devkitPro/libctru/lib\libctru.a(archive_dev.o)
 .text.error_cmp
                0x001088f4       0x24 C:/devkitPro/libctru/lib\libctru.a(archive_dev.o)
 .text.archive_translate_error
                0x00108918       0x50 C:/devkitPro/libctru/lib\libctru.a(archive_dev.o)
 .text.archive_seek
                0x00108968       0xc4 C:/devkitPro/libctru/lib\libctru.a(archive_dev.o)
 .text._archiveInit.part.0
                0x00108a2c       0x78 C:/devkitPro/libctru/lib\libctru.a(archive_dev.o)
 .text.archiveFindDevice.part.0
                0x00108aa4       0xc4 C:/devkitPro/libctru/lib\libctru.a(archive_dev.o)
 .text.archive_utf16path
                0x00108b68      0x290 C:/devkitPro/libctru/lib\libctru.a(archive_dev.o)
 .text._archiveUnmountDeviceStruct.part.0
                0x00108df8       0x9c C:/devkitPro/libctru/lib\libctru.a(archive_dev.o)
 .text.archive_statvfs
                0x00108e94       0x14 C:/devkitPro/libctru/lib\libctru.a(archive_dev.o)
 .text.archive_fchmod
                0x00108ea8       0x14 C:/devkitPro/libctru/lib\libctru.a(archive_dev.o)
 .text._archiveMountDevice
                0x00108ebc      0x168 C:/devkitPro/libctru/lib\libctru.a(archive_dev.o)
 .text.archive_diropen
                0x00109024       0xe8 C:/devkitPro/libctru/lib\libctru.a(archive_dev.o)
 .text.archive_fstat
                0x0010910c       0xa4 C:/devkitPro/libctru/lib\libctru.a(archive_dev.o)
 .text.archive_fsync
                0x001091b0       0x6c C:/devkitPro/libctru/lib\libctru.a(archive_dev.o)
 .text.archive_close
                0x0010921c       0x6c C:/devkitPro/libctru/lib\libctru.a(archive_dev.o)
 .text.archive_dirclose
                0x00109288       0x70 C:/devkitPro/libctru/lib\libctru.a(archive_dev.o)
 .text.sdmc_statvfs
                0x001092f8       0xe4 C:/devkitPro/libctru/lib\libctru.a(archive_dev.o)
 .text.archive_chdir
                0x001093dc       0xec C:/devkitPro/libctru/lib\libctru.a(archive_dev.o)
 .text.archive_ftruncate
                0x001094c8       0x7c C:/devkitPro/libctru/lib\libctru.a(archive_dev.o)
 .text.archive_read
                0x00109544       0xac C:/devkitPro/libctru/lib\libctru.a(archive_dev.o)
 .text.archive_unlink
                0x001095f0       0xa4 C:/devkitPro/libctru/lib\libctru.a(archive_dev.o)
 .text.archive_rmdir
                0x00109694       0xbc C:/devkitPro/libctru/lib\libctru.a(archive_dev.o)
 .text.archive_mkdir
                0x00109750       0xdc C:/devkitPro/libctru/lib\libctru.a(archive_dev.o)
 .text.archive_stat
                0x0010982c      0x194 C:/devkitPro/libctru/lib\libctru.a(archive_dev.o)
 .text.archive_dirnext
                0x001099c0      0x15c C:/devkitPro/libctru/lib\libctru.a(archive_dev.o)
 .text.archive_write
                0x00109b1c      0x124 C:/devkitPro/libctru/lib\libctru.a(archive_dev.o)
 .text.archive_open
                0x00109c40      0x210 C:/devkitPro/libctru/lib\libctru.a(archive_dev.o)
 .text.archive_rename
                0x00109e50      0x268 C:/devkitPro/libctru/lib\libctru.a(archive_dev.o)
 .text.archiveMountSdmc
                0x0010a0b8      0x19c C:/devkitPro/libctru/lib\libctru.a(archive_dev.o)
                0x0010a0b8                archiveMountSdmc
 .text.archiveUnmountAll
                0x0010a254       0x54 C:/devkitPro/libctru/lib\libctru.a(archive_dev.o)
                0x0010a254                archiveUnmountAll
 .text.fsInit   0x0010a2a8       0xd0 C:/devkitPro/libctru/lib\libctru.a(fs.o)
                0x0010a2a8                fsInit
 .text.fsExit   0x0010a378       0x3c C:/devkitPro/libctru/lib\libctru.a(fs.o)
                0x0010a378                fsExit
 .text.fsExemptFromSession
                0x0010a3b4       0x60 C:/devkitPro/libctru/lib\libctru.a(fs.o)
                0x0010a3b4                fsExemptFromSession
 .text.fsUnexemptFromSession
                0x0010a414       0x50 C:/devkitPro/libctru/lib\libctru.a(fs.o)
                0x0010a414                fsUnexemptFromSession
 .text.FSUSER_OpenFile
                0x0010a464       0xcc C:/devkitPro/libctru/lib\libctru.a(fs.o)
                0x0010a464                FSUSER_OpenFile
 .text.FSUSER_DeleteFile
                0x0010a530       0xbc C:/devkitPro/libctru/lib\libctru.a(fs.o)
                0x0010a530                FSUSER_DeleteFile
 .text.FSUSER_RenameFile
                0x0010a5ec       0xf8 C:/devkitPro/libctru/lib\libctru.a(fs.o)
                0x0010a5ec                FSUSER_RenameFile
 .text.FSUSER_DeleteDirectory
                0x0010a6e4       0xbc C:/devkitPro/libctru/lib\libctru.a(fs.o)
                0x0010a6e4                FSUSER_DeleteDirectory
 .text.FSUSER_CreateFile
                0x0010a7a0       0xd4 C:/devkitPro/libctru/lib\libctru.a(fs.o)
                0x0010a7a0                FSUSER_CreateFile
 .text.FSUSER_CreateDirectory
                0x0010a874       0xc4 C:/devkitPro/libctru/lib\libctru.a(fs.o)
                0x0010a874                FSUSER_CreateDirectory
 .text.FSUSER_RenameDirectory
                0x0010a938       0xf8 C:/devkitPro/libctru/lib\libctru.a(fs.o)
                0x0010a938                FSUSER_RenameDirectory
 .text.FSUSER_OpenDirectory
                0x0010aa30       0xb4 C:/devkitPro/libctru/lib\libctru.a(fs.o)
                0x0010aa30                FSUSER_OpenDirectory
 .text.FSUSER_OpenArchive
                0x0010aae4       0x94 C:/devkitPro/libctru/lib\libctru.a(fs.o)
                0x0010aae4                FSUSER_OpenArchive
 .text.FSUSER_CloseArchive
                0x0010ab78       0x8c C:/devkitPro/libctru/lib\libctru.a(fs.o)
                0x0010ab78                FSUSER_CloseArchive
 .text.FSUSER_GetSdmcArchiveResource
                0x0010ac04       0x74 C:/devkitPro/libctru/lib\libctru.a(fs.o)
                0x0010ac04                FSUSER_GetSdmcArchiveResource
 .text.FSUSER_IsSdmcWritable
                0x0010ac78       0x64 C:/devkitPro/libctru/lib\libctru.a(fs.o)
                0x0010ac78                FSUSER_IsSdmcWritable
 .text.FSFILE_Read
                0x0010acdc       0x58 C:/devkitPro/libctru/lib\libctru.a(fs.o)
                0x0010acdc                FSFILE_Read
 .text.FSFILE_Write
                0x0010ad34       0x60 C:/devkitPro/libctru/lib\libctru.a(fs.o)
                0x0010ad34                FSFILE_Write
 .text.FSFILE_GetSize
                0x0010ad94       0x38 C:/devkitPro/libctru/lib\libctru.a(fs.o)
                0x0010ad94                FSFILE_GetSize
 .text.FSFILE_SetSize
                0x0010adcc       0x28 C:/devkitPro/libctru/lib\libctru.a(fs.o)
                0x0010adcc                FSFILE_SetSize
 .text.FSFILE_Close
                0x0010adf4       0x3c C:/devkitPro/libctru/lib\libctru.a(fs.o)
                0x0010adf4                FSFILE_Close
 .text.FSFILE_Flush
                0x0010ae30       0x24 C:/devkitPro/libctru/lib\libctru.a(fs.o)
                0x0010ae30                FSFILE_Flush
 .text.FSDIR_Read
                0x0010ae54       0x50 C:/devkitPro/libctru/lib\libctru.a(fs.o)
                0x0010ae54                FSDIR_Read
 .text.FSDIR_Close
                0x0010aea4       0x3c C:/devkitPro/libctru/lib\libctru.a(fs.o)
                0x0010aea4                FSDIR_Close
 .text.rbtree_node_next
                0x0010aee0       0x5c C:/devkitPro/libctru/lib\libctru.a(rbtree_iterator.o)
                0x0010aee0                rbtree_node_next
 .text.decode_utf8
                0x0010af3c      0x13c C:/devkitPro/libctru/lib\libctru.a(decode_utf8.o)
                0x0010af3c                decode_utf8
 .text.utf16_to_utf8
                0x0010b078       0xe8 C:/devkitPro/libctru/lib\libctru.a(utf16_to_utf8.o)
                0x0010b078                utf16_to_utf8
 .text.utf8_to_utf16
                0x0010b160       0xc0 C:/devkitPro/libctru/lib\libctru.a(utf8_to_utf16.o)
                0x0010b160                utf8_to_utf16
 .text.__aeabi_read_tp
                0x0010b220        0xc C:/devkitPro/libctru/lib\libctru.a(readtp.o)
                0x0010b220                __aeabi_read_tp
 .text.decode_utf16
                0x0010b22c       0x64 C:/devkitPro/libctru/lib\libctru.a(decode_utf16.o)
                0x0010b22c                decode_utf16
 .text.encode_utf16
                0x0010b290       0x54 C:/devkitPro/libctru/lib\libctru.a(encode_utf16.o)
                0x0010b290                encode_utf16
 .text.encode_utf8
                0x0010b2e4       0xe0 C:/devkitPro/libctru/lib\libctru.a(encode_utf8.o)
                0x0010b2e4                encode_utf8
 .text.__udivmoddi4
                0x0010b3c4      0x120 C:/devkitPro/devkitARM/bin/../lib/gcc/arm-none-eabi/14.2.0/armv6k/fpu\libgcc.a(_udivmoddi4.o)
                0x0010b3c4                __udivmoddi4
 .text.strncmp  0x0010b4e4       0xd8 C:/devkitPro/devkitARM/bin/../lib/gcc/arm-none-eabi/14.2.0/../../../../arm-none-eabi/lib/armv6k/fpu\libg.a(libc_a-strncmp.o)
                0x0010b4e4                strncmp
 .text.strlen   0x0010b5bc       0x5c C:/devkitPro/devkitARM/bin/../lib/gcc/arm-none-eabi/14.2.0/../../../../arm-none-eabi/lib/armv6k/fpu\libg.a(libc_a-strlen-stub.o)
                0x0010b5bc                strlen
 .text._fgets_r
                0x0010b618      0x198 C:/devkitPro/devkitARM/bin/../lib/gcc/arm-none-eabi/14.2.0/../../../../arm-none-eabi/lib/armv6k/fpu\libg.a(libc_a-fgets.o)
                0x0010b618                _fgets_r
 .text.fgets    0x0010b7b0       0x28 C:/devkitPro/devkitARM/bin/../lib/gcc/arm-none-eabi/14.2.0/../../../../arm-none-eabi/lib/armv6k/fpu\libg.a(libc_a-fgets.o)
                0x0010b7b0                fgets
 .text.strcspn  0x0010b7d8       0x70 C:/devkitPro/devkitARM/bin/../lib/gcc/arm-none-eabi/14.2.0/../../../../arm-none-eabi/lib/armv6k/fpu\libg.a(libc_a-strcspn.o)
                0x0010b7d8                strcspn
 .text.memchr   0x0010b848       0xe0 C:/devkitPro/devkitARM/bin/../lib/gcc/arm-none-eabi/14.2.0/../../../../arm-none-eabi/lib/armv6k/fpu\libg.a(libc_a-memchr-stub.o)
                0x0010b848                memchr
 .text._strtoul_l.isra.0
                0x0010b928      0x1e4 C:/devkitPro/devkitARM/bin/../lib/gcc/arm-none-eabi/14.2.0/../../../../arm-none-eabi/lib/armv6k/fpu\libg.a(libc_a-strtoul.o)
 .text._strtoul_r
                0x0010bb0c       0x30 C:/devkitPro/devkitARM/bin/../lib/gcc/arm-none-eabi/14.2.0/../../../../arm-none-eabi/lib/armv6k/fpu\libg.a(libc_a-strtoul.o)
                0x0010bb0c                _strtoul_r
 .text.strtoul  0x0010bb3c       0x34 C:/devkitPro/devkitARM/bin/../lib/gcc/arm-none-eabi/14.2.0/../../../../arm-none-eabi/lib/armv6k/fpu\libg.a(libc_a-strtoul.o)
                0x0010bb3c                strtoul
 .text.strncat  0x0010bb70       0xe4 C:/devkitPro/devkitARM/bin/../lib/gcc/arm-none-eabi/14.2.0/../../../../arm-none-eabi/lib/armv6k/fpu\libg.a(libc_a-strncat.o)
                0x0010bb70                strncat
 .text.bsearch  0x0010bc54       0x78 C:/devkitPro/devkitARM/bin/../lib/gcc/arm-none-eabi/14.2.0/../../../../arm-none-eabi/lib/armv6k/fpu\libg.a(libc_a-bsearch.o)
                0x0010bc54                bsearch
 .text.aligned_alloc
                0x0010bccc       0x20 C:/devkitPro/devkitARM/bin/../lib/gcc/arm-none-eabi/14.2.0/../../../../arm-none-eabi/lib/armv6k/fpu\libg.a(libc_a-aligned_alloc.o)
                0x0010bccc                aligned_alloc
 .text.lflush   0x0010bcec       0x38 C:/devkitPro/devkitARM/bin/../lib/gcc/arm-none-eabi/14.2.0/../../../../arm-none-eabi/lib/armv6k/fpu\libg.a(libc_a-refill.o)
 .text.__srefill_r
                0x0010bd24      0x19c C:/devkitPro/devkitARM/bin/../lib/gcc/arm-none-eabi/14.2.0/../../../../arm-none-eabi/lib/armv6k/fpu\libg.a(libc_a-refill.o)
                0x0010bd24                __srefill_r
 .text._fclose_r
                0x0010bec0      0x148 C:/devkitPro/devkitARM/bin/../lib/gcc/arm-none-eabi/14.2.0/../../../../arm-none-eabi/lib/armv6k/fpu\libg.a(libc_a-fclose.o)
                0x0010bec0                _fclose_r
 .text.fclose   0x0010c008       0x18 C:/devkitPro/devkitARM/bin/../lib/gcc/arm-none-eabi/14.2.0/../../../../arm-none-eabi/lib/armv6k/fpu\libg.a(libc_a-fclose.o)
                0x0010c008                fclose
 .text.__smakebuf_r
                0x0010c020      0x144 C:/devkitPro/devkitARM/bin/../lib/gcc/arm-none-eabi/14.2.0/../../../../arm-none-eabi/lib/armv6k/fpu\libg.a(libc_a-makebuf.o)
                0x0010c020                __smakebuf_r
 .text.__swhatbuf_r
                0x0010c164       0x8c C:/devkitPro/devkitARM/bin/../lib/gcc/arm-none-eabi/14.2.0/../../../../arm-none-eabi/lib/armv6k/fpu\libg.a(libc_a-makebuf.o)
                0x0010c164                __swhatbuf_r
 .text.memalign
                0x0010c1f0       0x20 C:/devkitPro/devkitARM/bin/../lib/gcc/arm-none-eabi/14.2.0/../../../../arm-none-eabi/lib/armv6k/fpu\libg.a(libc_a-malign.o)
                0x0010c1f0                memalign
 .text.stdio_exit_handler
                0x0010c210       0x1c C:/devkitPro/devkitARM/bin/../lib/gcc/arm-none-eabi/14.2.0/../../../../arm-none-eabi/lib/armv6k/fpu\libg.a(libc_a-findfp.o)
 .text.cleanup_stdio
                0x0010c22c       0x5c C:/devkitPro/devkitARM/bin/../lib/gcc/arm-none-eabi/14.2.0/../../../../arm-none-eabi/lib/armv6k/fpu\libg.a(libc_a-findfp.o)
 .text.global_stdio_init.part.0
                0x0010c288      0x154 C:/devkitPro/devkitARM/bin/../lib/gcc/arm-none-eabi/14.2.0/../../../../arm-none-eabi/lib/armv6k/fpu\libg.a(libc_a-findfp.o)
 .text.__sfp    0x0010c3dc      0x134 C:/devkitPro/devkitARM/bin/../lib/gcc/arm-none-eabi/14.2.0/../../../../arm-none-eabi/lib/armv6k/fpu\libg.a(libc_a-findfp.o)
                0x0010c3dc                __sfp
 .text.__sinit  0x0010c510       0x5c C:/devkitPro/devkitARM/bin/../lib/gcc/arm-none-eabi/14.2.0/../../../../arm-none-eabi/lib/armv6k/fpu\libg.a(libc_a-findfp.o)
                0x0010c510                __sinit
 .text.__sfp_lock_acquire
                0x0010c56c        0xc C:/devkitPro/devkitARM/bin/../lib/gcc/arm-none-eabi/14.2.0/../../../../arm-none-eabi/lib/armv6k/fpu\libg.a(libc_a-findfp.o)
                0x0010c56c                __sfp_lock_acquire
 .text.__sfp_lock_release
                0x0010c578        0xc C:/devkitPro/devkitARM/bin/../lib/gcc/arm-none-eabi/14.2.0/../../../../arm-none-eabi/lib/armv6k/fpu\libg.a(libc_a-findfp.o)
                0x0010c578                __sfp_lock_release
 .text._malloc_r
                0x0010c584      0x7e8 C:/devkitPro/devkitARM/bin/../lib/gcc/arm-none-eabi/14.2.0/../../../../arm-none-eabi/lib/armv6k/fpu\libg.a(libc_a-mallocr.o)
                0x0010c584                _malloc_r
 .text._malloc_trim_r
                0x0010cd6c       0xf8 C:/devkitPro/devkitARM/bin/../lib/gcc/arm-none-eabi/14.2.0/../../../../arm-none-eabi/lib/armv6k/fpu\libg.a(libc_a-freer.o)
                0x0010cd6c                _malloc_trim_r
 .text._free_r  0x0010ce64      0x300 C:/devkitPro/devkitARM/bin/../lib/gcc/arm-none-eabi/14.2.0/../../../../arm-none-eabi/lib/armv6k/fpu\libg.a(libc_a-freer.o)
                0x0010ce64                _free_r
 .text.close    0x0010d164       0x18 C:/devkitPro/devkitARM/bin/../lib/gcc/arm-none-eabi/14.2.0/../../../../arm-none-eabi/lib/armv6k/fpu\libg.a(libc_a-sysclose.o)
                0x0010d164                close
 .text.setvbuf  0x0010d17c      0x294 C:/devkitPro/devkitARM/bin/../lib/gcc/arm-none-eabi/14.2.0/../../../../arm-none-eabi/lib/armv6k/fpu\libg.a(libc_a-setvbuf.o)
                0x0010d17c                setvbuf
 .text.strnlen  0x0010d410       0x4c C:/devkitPro/devkitARM/bin/../lib/gcc/arm-none-eabi/14.2.0/../../../../arm-none-eabi/lib/armv6k/fpu\libg.a(libc_a-strnlen.o)
                0x0010d410                strnlen
 .text.__errno  0x0010d45c        0xc C:/devkitPro/devkitARM/bin/../lib/gcc/arm-none-eabi/14.2.0/../../../../arm-none-eabi/lib/armv6k/fpu\libg.a(libc_a-errno.o)
                0x0010d45c                __errno
 .text.malloc   0x0010d468       0x34 C:/devkitPro/devkitARM/bin/../lib/gcc/arm-none-eabi/14.2.0/../../../../arm-none-eabi/lib/armv6k/fpu\libg.a(libc_a-malloc.o)
                0x0010d468                malloc
 .text.free     0x0010d49c       0x18 C:/devkitPro/devkitARM/bin/../lib/gcc/arm-none-eabi/14.2.0/../../../../arm-none-eabi/lib/armv6k/fpu\libg.a(libc_a-malloc.o)
                0x0010d49c                free
 .text.memcpy   0x0010d4b4      0x130 C:/devkitPro/devkitARM/bin/../lib/gcc/arm-none-eabi/14.2.0/../../../../arm-none-eabi/lib/armv6k/fpu\libg.a(libc_a-memcpy-stub.o)
                0x0010d4b4                memcpy
 .text.printf   0x0010d5e4       0x34 C:/devkitPro/devkitARM/bin/../lib/gcc/arm-none-eabi/14.2.0/../../../../arm-none-eabi/lib/armv6k/fpu\libg.a(libc_a-printf.o)
                0x0010d5e4                printf
 .text.sscanf   0x0010d618       0x78 C:/devkitPro/devkitARM/bin/../lib/gcc/arm-none-eabi/14.2.0/../../../../arm-none-eabi/lib/armv6k/fpu\libg.a(libc_a-sscanf.o)
                0x0010d618                sscanf
 .text._fopen_r
                0x0010d690      0x134 C:/devkitPro/devkitARM/bin/../lib/gcc/arm-none-eabi/14.2.0/../../../../arm-none-eabi/lib/armv6k/fpu\libg.a(libc_a-fopen.o)
                0x0010d690                _fopen_r
 .text.fopen    0x0010d7c4       0x20 C:/devkitPro/devkitARM/bin/../lib/gcc/arm-none-eabi/14.2.0/../../../../arm-none-eabi/lib/armv6k/fpu\libg.a(libc_a-fopen.o)
                0x0010d7c4                fopen
 .text._puts_r  0x0010d7e4       0xe0 C:/devkitPro/devkitARM/bin/../lib/gcc/arm-none-eabi/14.2.0/../../../../arm-none-eabi/lib/armv6k/fpu\libg.a(libc_a-puts.o)
                0x0010d7e4                _puts_r
 .text.puts     0x0010d8c4       0x18 C:/devkitPro/devkitARM/bin/../lib/gcc/arm-none-eabi/14.2.0/../../../../arm-none-eabi/lib/armv6k/fpu\libg.a(libc_a-puts.o)
                0x0010d8c4                puts
 .text.memset   0x0010d8dc       0xe8 C:/devkitPro/devkitARM/bin/../lib/gcc/arm-none-eabi/14.2.0/../../../../arm-none-eabi/lib/armv6k/fpu\libg.a(libc_a-memset.o)
                0x0010d8dc                memset
 .text._fwalk_sglue
                0x0010d9c4       0x70 C:/devkitPro/devkitARM/bin/../lib/gcc/arm-none-eabi/14.2.0/../../../../arm-none-eabi/lib/armv6k/fpu\libg.a(libc_a-fwalk.o)
                0x0010d9c4                _fwalk_sglue
 .text.__malloc_lock
                0x0010da34        0xc C:/devkitPro/devkitARM/bin/../lib/gcc/arm-none-eabi/14.2.0/../../../../arm-none-eabi/lib/armv6k/fpu\libg.a(libc_a-mlock.o)
                0x0010da34                __malloc_lock
 .text.__malloc_unlock
                0x0010da40        0xc C:/devkitPro/devkitARM/bin/../lib/gcc/arm-none-eabi/14.2.0/../../../../arm-none-eabi/lib/armv6k/fpu\libg.a(libc_a-mlock.o)
                0x0010da40                __malloc_unlock
 .text.__call_exitprocs
                0x0010da4c        0x4 C:/devkitPro/devkitARM/bin/../lib/gcc/arm-none-eabi/14.2.0/../../../../arm-none-eabi/lib/armv6k/fpu\libg.a(libc_a-exit.o)
                0x0010da4c                __call_exitprocs
 .text.exit     0x0010da50       0x30 C:/devkitPro/devkitARM/bin/../lib/gcc/arm-none-eabi/14.2.0/../../../../arm-none-eabi/lib/armv6k/fpu\libg.a(libc_a-exit.o)
                0x0010da50                exit
 .text.get_arg  0x0010da80       0x50 C:/devkitPro/devkitARM/bin/../lib/gcc/arm-none-eabi/14.2.0/../../../../arm-none-eabi/lib/armv6k/fpu\libg.a(libc_a-svfscanf.o)
 .text.__ssvfscanf_r
                0x0010dad0     0x2b4c C:/devkitPro/devkitARM/bin/../lib/gcc/arm-none-eabi/14.2.0/../../../../arm-none-eabi/lib/armv6k/fpu\libg.a(libc_a-svfscanf.o)
                0x0010dad0                __ssvfscanf_r
 .text._fseek_r
                0x0011061c       0x1c C:/devkitPro/devkitARM/bin/../lib/gcc/arm-none-eabi/14.2.0/../../../../arm-none-eabi/lib/armv6k/fpu\libg.a(libc_a-fseek.o)
                0x0011061c                _fseek_r
 .text.strncpy  0x00110638       0xc4 C:/devkitPro/devkitARM/bin/../lib/gcc/arm-none-eabi/14.2.0/../../../../arm-none-eabi/lib/armv6k/fpu\libg.a(libc_a-strncpy.o)
                0x00110638                strncpy
 .text._strtoull_l.isra.0
                0x001106fc      0x264 C:/devkitPro/devkitARM/bin/../lib/gcc/arm-none-eabi/14.2.0/../../../../arm-none-eabi/lib/armv6k/fpu\libg.a(libc_a-strtoull.o)
 .text._strtoull_r
                0x00110960       0x30 C:/devkitPro/devkitARM/bin/../lib/gcc/arm-none-eabi/14.2.0/../../../../arm-none-eabi/lib/armv6k/fpu\libg.a(libc_a-strtoull.o)
                0x00110960                _strtoull_r
 .text.__sflags
                0x00110990       0xb4 C:/devkitPro/devkitARM/bin/../lib/gcc/arm-none-eabi/14.2.0/../../../../arm-none-eabi/lib/armv6k/fpu\libg.a(libc_a-flags.o)
                0x00110990                __sflags
 .text._mbrtowc_r
                0x00110a44       0xb4 C:/devkitPro/devkitARM/bin/../lib/gcc/arm-none-eabi/14.2.0/../../../../arm-none-eabi/lib/armv6k/fpu\libg.a(libc_a-mbrtowc.o)
                0x00110a44                _mbrtowc_r
 .text.__libc_init_array
                0x00110af8       0x84 C:/devkitPro/devkitARM/bin/../lib/gcc/arm-none-eabi/14.2.0/../../../../arm-none-eabi/lib/armv6k/fpu\libg.a(libc_a-init.o)
                0x00110af8                __libc_init_array
 .text.__sflush_r
                0x00110b7c      0x228 C:/devkitPro/devkitARM/bin/../lib/gcc/arm-none-eabi/14.2.0/../../../../arm-none-eabi/lib/armv6k/fpu\libg.a(libc_a-fflush.o)
                0x00110b7c                __sflush_r
 .text._fflush_r
                0x00110da4       0x94 C:/devkitPro/devkitARM/bin/../lib/gcc/arm-none-eabi/14.2.0/../../../../arm-none-eabi/lib/armv6k/fpu\libg.a(libc_a-fflush.o)
                0x00110da4                _fflush_r
 .text.nanf     0x00110e38        0xc C:/devkitPro/devkitARM/bin/../lib/gcc/arm-none-eabi/14.2.0/../../../../arm-none-eabi/lib/armv6k/fpu\libg.a(libm_a-sf_nan.o)
                0x00110e38                nanf
 .text.__sfvwrite_r
                0x00110e44      0x480 C:/devkitPro/devkitARM/bin/../lib/gcc/arm-none-eabi/14.2.0/../../../../arm-none-eabi/lib/armv6k/fpu\libg.a(libc_a-fvwrite.o)
                0x00110e44                __sfvwrite_r
 .text._strtoll_l.isra.0
                0x001112c4      0x47c C:/devkitPro/devkitARM/bin/../lib/gcc/arm-none-eabi/14.2.0/../../../../arm-none-eabi/lib/armv6k/fpu\libg.a(libc_a-strtoll.o)
 .text._strtoll_r
                0x00111740       0x30 C:/devkitPro/devkitARM/bin/../lib/gcc/arm-none-eabi/14.2.0/../../../../arm-none-eabi/lib/armv6k/fpu\libg.a(libc_a-strtoll.o)
                0x00111740                _strtoll_r
 .text.__locale_mb_cur_max
                0x00111770       0x24 C:/devkitPro/devkitARM/bin/../lib/gcc/arm-none-eabi/14.2.0/../../../../arm-none-eabi/lib/armv6k/fpu\libg.a(libc_a-locale.o)
                0x00111770                __locale_mb_cur_max
 .text.sulp     0x00111794       0x64 C:/devkitPro/devkitARM/bin/../lib/gcc/arm-none-eabi/14.2.0/../../../../arm-none-eabi/lib/armv6k/fpu\libg.a(libc_a-strtod.o)
 .text._strtod_l
                0x001117f8     0x13f0 C:/devkitPro/devkitARM/bin/../lib/gcc/arm-none-eabi/14.2.0/../../../../arm-none-eabi/lib/armv6k/fpu\libg.a(libc_a-strtod.o)
                0x001117f8                _strtod_l
 .text._strtod_r
                0x00112be8       0x3c C:/devkitPro/devkitARM/bin/../lib/gcc/arm-none-eabi/14.2.0/../../../../arm-none-eabi/lib/armv6k/fpu\libg.a(libc_a-strtod.o)
                0x00112be8                _strtod_r
 .text.sprintf  0x00112c24       0x68 C:/devkitPro/devkitARM/bin/../lib/gcc/arm-none-eabi/14.2.0/../../../../arm-none-eabi/lib/armv6k/fpu\libg.a(libc_a-sprintf.o)
                0x00112c24                sprintf
 .text._memalign_r
                0x00112c8c      0x150 C:/devkitPro/devkitARM/bin/../lib/gcc/arm-none-eabi/14.2.0/../../../../arm-none-eabi/lib/armv6k/fpu\libg.a(libc_a-malignr.o)
                0x00112c8c                _memalign_r
 .text._sungetc_r
                0x00112ddc       0xe0 C:/devkitPro/devkitARM/bin/../lib/gcc/arm-none-eabi/14.2.0/../../../../arm-none-eabi/lib/armv6k/fpu\libg.a(libc_a-svfiscanf.o)
                0x00112ddc                _sungetc_r
 .text.__ssrefill_r
                0x00112ebc       0x6c C:/devkitPro/devkitARM/bin/../lib/gcc/arm-none-eabi/14.2.0/../../../../arm-none-eabi/lib/armv6k/fpu\libg.a(libc_a-svfiscanf.o)
                0x00112ebc                __ssrefill_r
 .text._sfread_r
                0x00112f28       0xc4 C:/devkitPro/devkitARM/bin/../lib/gcc/arm-none-eabi/14.2.0/../../../../arm-none-eabi/lib/armv6k/fpu\libg.a(libc_a-svfiscanf.o)
                0x00112f28                _sfread_r
 .text.rshift   0x00112fec       0xf4 C:/devkitPro/devkitARM/bin/../lib/gcc/arm-none-eabi/14.2.0/../../../../arm-none-eabi/lib/armv6k/fpu\libg.a(libc_a-gdtoa-gethex.o)
 .text.__gethex
                0x001130e0      0x8e8 C:/devkitPro/devkitARM/bin/../lib/gcc/arm-none-eabi/14.2.0/../../../../arm-none-eabi/lib/armv6k/fpu\libg.a(libc_a-gdtoa-gethex.o)
                0x001130e0                __gethex
 .text.__utf8_mbtowc
                0x001139c8      0x324 C:/devkitPro/devkitARM/bin/../lib/gcc/arm-none-eabi/14.2.0/../../../../arm-none-eabi/lib/armv6k/fpu\libg.a(libc_a-mbtowc_r.o)
                0x001139c8                __utf8_mbtowc
 .text.__libc_fini_array
                0x00113cec       0x3c C:/devkitPro/devkitARM/bin/../lib/gcc/arm-none-eabi/14.2.0/../../../../arm-none-eabi/lib/armv6k/fpu\libg.a(libc_a-fini.o)
                0x00113cec                __libc_fini_array
 .text._fseeko_r
                0x00113d28      0x58c C:/devkitPro/devkitARM/bin/../lib/gcc/arm-none-eabi/14.2.0/../../../../arm-none-eabi/lib/armv6k/fpu\libg.a(libc_a-fseeko.o)
                0x00113d28                _fseeko_r
 .text.__sread  0x001142b4       0x44 C:/devkitPro/devkitARM/bin/../lib/gcc/arm-none-eabi/14.2.0/../../../../arm-none-eabi/lib/armv6k/fpu\libg.a(libc_a-stdio.o)
                0x001142b4                __sread
 .text.__seofread
                0x001142f8        0x8 C:/devkitPro/devkitARM/bin/../lib/gcc/arm-none-eabi/14.2.0/../../../../arm-none-eabi/lib/armv6k/fpu\libg.a(libc_a-stdio.o)
                0x001142f8                __seofread
 .text.__swrite
                0x00114300       0x68 C:/devkitPro/devkitARM/bin/../lib/gcc/arm-none-eabi/14.2.0/../../../../arm-none-eabi/lib/armv6k/fpu\libg.a(libc_a-stdio.o)
                0x00114300                __swrite
 .text.__sseek  0x00114368       0x40 C:/devkitPro/devkitARM/bin/../lib/gcc/arm-none-eabi/14.2.0/../../../../arm-none-eabi/lib/armv6k/fpu\libg.a(libc_a-stdio.o)
                0x00114368                __sseek
 .text.__sclose
                0x001143a8        0x8 C:/devkitPro/devkitARM/bin/../lib/gcc/arm-none-eabi/14.2.0/../../../../arm-none-eabi/lib/armv6k/fpu\libg.a(libc_a-stdio.o)
                0x001143a8                __sclose
 .text.iswspace
                0x001143b0        0x8 C:/devkitPro/devkitARM/bin/../lib/gcc/arm-none-eabi/14.2.0/../../../../arm-none-eabi/lib/armv6k/fpu\libg.a(libc_a-iswspace.o)
                0x001143b0                iswspace
 .text.__sccl   0x001143b8       0xf0 C:/devkitPro/devkitARM/bin/../lib/gcc/arm-none-eabi/14.2.0/../../../../arm-none-eabi/lib/armv6k/fpu\libg.a(libc_a-sccl.o)
                0x001143b8                __sccl
 .text._localeconv_r
                0x001144a8       0x24 C:/devkitPro/devkitARM/bin/../lib/gcc/arm-none-eabi/14.2.0/../../../../arm-none-eabi/lib/armv6k/fpu\libg.a(libc_a-localeconv.o)
                0x001144a8                _localeconv_r
 .text.get_arg  0x001144cc      0x5e4 C:/devkitPro/devkitARM/bin/../lib/gcc/arm-none-eabi/14.2.0/../../../../arm-none-eabi/lib/armv6k/fpu\libg.a(libc_a-vfprintf.o)
 .text._vfprintf_r
                0x00114ab0     0x342c C:/devkitPro/devkitARM/bin/../lib/gcc/arm-none-eabi/14.2.0/../../../../arm-none-eabi/lib/armv6k/fpu\libg.a(libc_a-vfprintf.o)
                0x00114ab0                _vfprintf_r
 .text.__sbprintf
                0x00117edc       0xb8 C:/devkitPro/devkitARM/bin/../lib/gcc/arm-none-eabi/14.2.0/../../../../arm-none-eabi/lib/armv6k/fpu\libg.a(libc_a-vfprintf.o)
 .text.realloc  0x00117f94       0x20 C:/devkitPro/devkitARM/bin/../lib/gcc/arm-none-eabi/14.2.0/../../../../arm-none-eabi/lib/armv6k/fpu\libg.a(libc_a-realloc.o)
                0x00117f94                realloc
 .text.quorem   0x00117fb4      0x1b4 C:/devkitPro/devkitARM/bin/../lib/gcc/arm-none-eabi/14.2.0/../../../../arm-none-eabi/lib/armv6k/fpu\libg.a(libc_a-dtoa.o)
 .text._dtoa_r  0x00118168     0x1370 C:/devkitPro/devkitARM/bin/../lib/gcc/arm-none-eabi/14.2.0/../../../../arm-none-eabi/lib/armv6k/fpu\libg.a(libc_a-dtoa.o)
                0x00118168                _dtoa_r
 .text._wcrtomb_r
                0x001194d8       0xa0 C:/devkitPro/devkitARM/bin/../lib/gcc/arm-none-eabi/14.2.0/../../../../arm-none-eabi/lib/armv6k/fpu\libg.a(libc_a-wcrtomb.o)
                0x001194d8                _wcrtomb_r
 .text.get_arg  0x00119578      0x5e4 C:/devkitPro/devkitARM/bin/../lib/gcc/arm-none-eabi/14.2.0/../../../../arm-none-eabi/lib/armv6k/fpu\libg.a(libc_a-svfprintf.o)
 *fill*         0x00119b5c        0x4 
 .text._svfprintf_r
                0x00119b60     0x335c C:/devkitPro/devkitARM/bin/../lib/gcc/arm-none-eabi/14.2.0/../../../../arm-none-eabi/lib/armv6k/fpu\libg.a(libc_a-svfprintf.o)
                0x00119b60                _svfprintf_r
 .text._strtol_l.part.0
                0x0011cebc      0x344 C:/devkitPro/devkitARM/bin/../lib/gcc/arm-none-eabi/14.2.0/../../../../arm-none-eabi/lib/armv6k/fpu\libg.a(libc_a-strtol.o)
 .text._strtol_r
                0x0011d200       0x60 C:/devkitPro/devkitARM/bin/../lib/gcc/arm-none-eabi/14.2.0/../../../../arm-none-eabi/lib/armv6k/fpu\libg.a(libc_a-strtol.o)
                0x0011d200                _strtol_r
 .text.stpncpy  0x0011d260       0xdc C:/devkitPro/devkitARM/bin/../lib/gcc/arm-none-eabi/14.2.0/../../../../arm-none-eabi/lib/armv6k/fpu\libg.a(libc_a-stpncpy.o)
                0x0011d260                stpncpy
 .text._realloc_r
                0x0011d33c      0x4a4 C:/devkitPro/devkitARM/bin/../lib/gcc/arm-none-eabi/14.2.0/../../../../arm-none-eabi/lib/armv6k/fpu\libg.a(libc_a-reallocr.o)
                0x0011d33c                _realloc_r
 .text.__utf8_wctomb
                0x0011d7e0       0xf0 C:/devkitPro/devkitARM/bin/../lib/gcc/arm-none-eabi/14.2.0/../../../../arm-none-eabi/lib/armv6k/fpu\libg.a(libc_a-wctomb_r.o)
                0x0011d7e0                __utf8_wctomb
 .text._wcsrtombs_r
                0x0011d8d0       0x28 C:/devkitPro/devkitARM/bin/../lib/gcc/arm-none-eabi/14.2.0/../../../../arm-none-eabi/lib/armv6k/fpu\libg.a(libc_a-wcsrtombs.o)
                0x0011d8d0                _wcsrtombs_r
 .text.__match  0x0011d8f8       0x4c C:/devkitPro/devkitARM/bin/../lib/gcc/arm-none-eabi/14.2.0/../../../../arm-none-eabi/lib/armv6k/fpu\libg.a(libc_a-gdtoa-hexnan.o)
                0x0011d8f8                __match
 .text.__hexnan
                0x0011d944      0x2a4 C:/devkitPro/devkitARM/bin/../lib/gcc/arm-none-eabi/14.2.0/../../../../arm-none-eabi/lib/armv6k/fpu\libg.a(libc_a-gdtoa-hexnan.o)
                0x0011d944                __hexnan
 .text.__swsetup_r
                0x0011dbe8      0x194 C:/devkitPro/devkitARM/bin/../lib/gcc/arm-none-eabi/14.2.0/../../../../arm-none-eabi/lib/armv6k/fpu\libg.a(libc_a-wsetup.o)
                0x0011dbe8                __swsetup_r
 *fill*         0x0011dd7c        0x4 
 .text.nan      0x0011dd80       0x10 C:/devkitPro/devkitARM/bin/../lib/gcc/arm-none-eabi/14.2.0/../../../../arm-none-eabi/lib/armv6k/fpu\libg.a(libm_a-s_nan.o)
                0x0011dd80                nan
 .text.frexp    0x0011dd90       0x88 C:/devkitPro/devkitARM/bin/../lib/gcc/arm-none-eabi/14.2.0/../../../../arm-none-eabi/lib/armv6k/fpu\libg.a(libm_a-s_frexp.o)
                0x0011dd90                frexp
 .text.strchr   0x0011de18      0x130 C:/devkitPro/devkitARM/bin/../lib/gcc/arm-none-eabi/14.2.0/../../../../arm-none-eabi/lib/armv6k/fpu\libg.a(libc_a-strchr.o)
                0x0011de18                strchr
 .text.__submore
                0x0011df48       0xa8 C:/devkitPro/devkitARM/bin/../lib/gcc/arm-none-eabi/14.2.0/../../../../arm-none-eabi/lib/armv6k/fpu\libg.a(libc_a-ungetc.o)
                0x0011df48                __submore
 .text.memmove  0x0011dff0      0x160 C:/devkitPro/devkitARM/bin/../lib/gcc/arm-none-eabi/14.2.0/../../../../arm-none-eabi/lib/armv6k/fpu\libg.a(libc_a-memmove.o)
                0x0011dff0                memmove
 .text.__assert_func
                0x0011e150       0x5c C:/devkitPro/devkitARM/bin/../lib/gcc/arm-none-eabi/14.2.0/../../../../arm-none-eabi/lib/armv6k/fpu\libg.a(libc_a-assert.o)
                0x0011e150                __assert_func
 .text.iswspace_l
                0x0011e1ac       0x38 C:/devkitPro/devkitARM/bin/../lib/gcc/arm-none-eabi/14.2.0/../../../../arm-none-eabi/lib/armv6k/fpu\libg.a(libc_a-iswspace_l.o)
                0x0011e1ac                iswspace_l
 .text._Balloc  0x0011e1e4       0x88 C:/devkitPro/devkitARM/bin/../lib/gcc/arm-none-eabi/14.2.0/../../../../arm-none-eabi/lib/armv6k/fpu\libg.a(libc_a-mprec.o)
                0x0011e1e4                _Balloc
 .text._Bfree   0x0011e26c       0x1c C:/devkitPro/devkitARM/bin/../lib/gcc/arm-none-eabi/14.2.0/../../../../arm-none-eabi/lib/armv6k/fpu\libg.a(libc_a-mprec.o)
                0x0011e26c                _Bfree
 .text.__multadd
                0x0011e288       0xf4 C:/devkitPro/devkitARM/bin/../lib/gcc/arm-none-eabi/14.2.0/../../../../arm-none-eabi/lib/armv6k/fpu\libg.a(libc_a-mprec.o)
                0x0011e288                __multadd
 .text.__s2b    0x0011e37c      0x110 C:/devkitPro/devkitARM/bin/../lib/gcc/arm-none-eabi/14.2.0/../../../../arm-none-eabi/lib/armv6k/fpu\libg.a(libc_a-mprec.o)
                0x0011e37c                __s2b
 .text.__hi0bits
                0x0011e48c       0x80 C:/devkitPro/devkitARM/bin/../lib/gcc/arm-none-eabi/14.2.0/../../../../arm-none-eabi/lib/armv6k/fpu\libg.a(libc_a-mprec.o)
                0x0011e48c                __hi0bits
 .text.__lo0bits
                0x0011e50c       0xf4 C:/devkitPro/devkitARM/bin/../lib/gcc/arm-none-eabi/14.2.0/../../../../arm-none-eabi/lib/armv6k/fpu\libg.a(libc_a-mprec.o)
                0x0011e50c                __lo0bits
 .text.__i2b    0x0011e600       0xa4 C:/devkitPro/devkitARM/bin/../lib/gcc/arm-none-eabi/14.2.0/../../../../arm-none-eabi/lib/armv6k/fpu\libg.a(libc_a-mprec.o)
                0x0011e600                __i2b
 .text.__multiply
                0x0011e6a4      0x208 C:/devkitPro/devkitARM/bin/../lib/gcc/arm-none-eabi/14.2.0/../../../../arm-none-eabi/lib/armv6k/fpu\libg.a(libc_a-mprec.o)
                0x0011e6a4                __multiply
 .text.__pow5mult
                0x0011e8ac      0x130 C:/devkitPro/devkitARM/bin/../lib/gcc/arm-none-eabi/14.2.0/../../../../arm-none-eabi/lib/armv6k/fpu\libg.a(libc_a-mprec.o)
                0x0011e8ac                __pow5mult
 .text.__lshift
                0x0011e9dc      0x138 C:/devkitPro/devkitARM/bin/../lib/gcc/arm-none-eabi/14.2.0/../../../../arm-none-eabi/lib/armv6k/fpu\libg.a(libc_a-mprec.o)
                0x0011e9dc                __lshift
 .text.__mcmp   0x0011eb14       0x58 C:/devkitPro/devkitARM/bin/../lib/gcc/arm-none-eabi/14.2.0/../../../../arm-none-eabi/lib/armv6k/fpu\libg.a(libc_a-mprec.o)
                0x0011eb14                __mcmp
 .text.__mdiff  0x0011eb6c      0x1f0 C:/devkitPro/devkitARM/bin/../lib/gcc/arm-none-eabi/14.2.0/../../../../arm-none-eabi/lib/armv6k/fpu\libg.a(libc_a-mprec.o)
                0x0011eb6c                __mdiff
 .text.__ulp    0x0011ed5c       0x68 C:/devkitPro/devkitARM/bin/../lib/gcc/arm-none-eabi/14.2.0/../../../../arm-none-eabi/lib/armv6k/fpu\libg.a(libc_a-mprec.o)
                0x0011ed5c                __ulp
 .text.__b2d    0x0011edc4       0xd0 C:/devkitPro/devkitARM/bin/../lib/gcc/arm-none-eabi/14.2.0/../../../../arm-none-eabi/lib/armv6k/fpu\libg.a(libc_a-mprec.o)
                0x0011edc4                __b2d
 .text.__d2b    0x0011ee94      0x120 C:/devkitPro/devkitARM/bin/../lib/gcc/arm-none-eabi/14.2.0/../../../../arm-none-eabi/lib/armv6k/fpu\libg.a(libc_a-mprec.o)
                0x0011ee94                __d2b
 .text.__ratio  0x0011efb4       0x78 C:/devkitPro/devkitARM/bin/../lib/gcc/arm-none-eabi/14.2.0/../../../../arm-none-eabi/lib/armv6k/fpu\libg.a(libc_a-mprec.o)
                0x0011efb4                __ratio
 .text.__copybits
                0x0011f02c       0x88 C:/devkitPro/devkitARM/bin/../lib/gcc/arm-none-eabi/14.2.0/../../../../arm-none-eabi/lib/armv6k/fpu\libg.a(libc_a-mprec.o)
                0x0011f02c                __copybits
 .text.__any_on
                0x0011f0b4       0x5c C:/devkitPro/devkitARM/bin/../lib/gcc/arm-none-eabi/14.2.0/../../../../arm-none-eabi/lib/armv6k/fpu\libg.a(libc_a-mprec.o)
                0x0011f0b4                __any_on
 .text.__ssprint_r
                0x0011f110       0xa4 C:/devkitPro/devkitARM/bin/../lib/gcc/arm-none-eabi/14.2.0/../../../../arm-none-eabi/lib/armv6k/fpu\libg.a(libc_a-ssprint_r.o)
                0x0011f110                __ssprint_r
 .text.fiprintf
                0x0011f1b4       0x3c C:/devkitPro/devkitARM/bin/../lib/gcc/arm-none-eabi/14.2.0/../../../../arm-none-eabi/lib/armv6k/fpu\libg.a(libc_a-fiprintf.o)
                0x0011f1b4                fiprintf
 .text._wcsnrtombs_l
                0x0011f1f0      0x160 C:/devkitPro/devkitARM/bin/../lib/gcc/arm-none-eabi/14.2.0/../../../../arm-none-eabi/lib/armv6k/fpu\libg.a(libc_a-wcsnrtombs.o)
                0x0011f1f0                _wcsnrtombs_l
 .text._wcsnrtombs_r
                0x0011f350       0x64 C:/devkitPro/devkitARM/bin/../lib/gcc/arm-none-eabi/14.2.0/../../../../arm-none-eabi/lib/armv6k/fpu\libg.a(libc_a-wcsnrtombs.o)
                0x0011f350                _wcsnrtombs_r
 .text.__sprint_r
                0x0011f3b4       0x30 C:/devkitPro/devkitARM/bin/../lib/gcc/arm-none-eabi/14.2.0/../../../../arm-none-eabi/lib/armv6k/fpu\libg.a(libc_a-sprint_r.o)
                0x0011f3b4                __sprint_r
 .text.abort    0x0011f3e4       0x14 C:/devkitPro/devkitARM/bin/../lib/gcc/arm-none-eabi/14.2.0/../../../../arm-none-eabi/lib/armv6k/fpu\libg.a(libc_a-abort.o)
                0x0011f3e4                abort
 .text._calloc_r
                0x0011f3f8       0xc0 C:/devkitPro/devkitARM/bin/../lib/gcc/arm-none-eabi/14.2.0/../../../../arm-none-eabi/lib/armv6k/fpu\libg.a(libc_a-callocr.o)
                0x0011f3f8                _calloc_r
 .text.category
                0x0011f4b8       0x90 C:/devkitPro/devkitARM/bin/../lib/gcc/arm-none-eabi/14.2.0/../../../../arm-none-eabi/lib/armv6k/fpu\libg.a(libc_a-categories.o)
                0x0011f4b8                category
 .text.__ssputs_r
                0x0011f548      0x128 C:/devkitPro/devkitARM/bin/../lib/gcc/arm-none-eabi/14.2.0/../../../../arm-none-eabi/lib/armv6k/fpu\libg.a(libc_a-ssputs_r.o)
                0x0011f548                __ssputs_r
 .text._raise_r
                0x0011f670       0x90 C:/devkitPro/devkitARM/bin/../lib/gcc/arm-none-eabi/14.2.0/../../../../arm-none-eabi/lib/armv6k/fpu\libg.a(libc_a-signal.o)
                0x0011f670                _raise_r
 .text.raise    0x0011f700       0x18 C:/devkitPro/devkitARM/bin/../lib/gcc/arm-none-eabi/14.2.0/../../../../arm-none-eabi/lib/armv6k/fpu\libg.a(libc_a-signal.o)
                0x0011f700                raise
 .text.get_arg  0x0011f718      0x5e4 C:/devkitPro/devkitARM/bin/../lib/gcc/arm-none-eabi/14.2.0/../../../../arm-none-eabi/lib/armv6k/fpu\libg.a(libc_a-vfiprintf.o)
 .text._vfiprintf_r
                0x0011fcfc     0x2264 C:/devkitPro/devkitARM/bin/../lib/gcc/arm-none-eabi/14.2.0/../../../../arm-none-eabi/lib/armv6k/fpu\libg.a(libc_a-vfiprintf.o)
                0x0011fcfc                _vfiprintf_r
 .text.__sbprintf
                0x00121f60       0xb8 C:/devkitPro/devkitARM/bin/../lib/gcc/arm-none-eabi/14.2.0/../../../../arm-none-eabi/lib/armv6k/fpu\libg.a(libc_a-vfiprintf.o)
 .text._exit    0x00122018       0x20 C:/devkitPro/devkitARM/bin/../lib/gcc/arm-none-eabi/14.2.0/../../../../arm-none-eabi/lib/armv6k/fpu\libsysbase.a(libsysbase_libsysbase_a-_exit.o)
                0x00122018                _exit
 .text.chdir    0x00122038      0x13c C:/devkitPro/devkitARM/bin/../lib/gcc/arm-none-eabi/14.2.0/../../../../arm-none-eabi/lib/armv6k/fpu\libsysbase.a(libsysbase_libsysbase_a-chdir.o)
                0x00122038                chdir
 .text._concatenate_path
                0x00122174      0x1cc C:/devkitPro/devkitARM/bin/../lib/gcc/arm-none-eabi/14.2.0/../../../../arm-none-eabi/lib/armv6k/fpu\libsysbase.a(libsysbase_libsysbase_a-concatenate.o)
                0x00122174                _concatenate_path
 .text._fstat_r
                0x00122340       0x88 C:/devkitPro/devkitARM/bin/../lib/gcc/arm-none-eabi/14.2.0/../../../../arm-none-eabi/lib/armv6k/fpu\libsysbase.a(libsysbase_libsysbase_a-fstat.o)
                0x00122340                _fstat_r
 .text._getpid_r
                0x001223c8       0x14 C:/devkitPro/devkitARM/bin/../lib/gcc/arm-none-eabi/14.2.0/../../../../arm-none-eabi/lib/armv6k/fpu\libsysbase.a(libsysbase_libsysbase_a-getpid.o)
                0x001223c8                _getpid_r
 .text.__getreent
                0x001223dc       0x2c C:/devkitPro/devkitARM/bin/../lib/gcc/arm-none-eabi/14.2.0/../../../../arm-none-eabi/lib/armv6k/fpu\libsysbase.a(libsysbase_libsysbase_a-getreent.o)
                0x001223dc                __getreent
 .text.__release_handle
                0x00122408       0x8c C:/devkitPro/devkitARM/bin/../lib/gcc/arm-none-eabi/14.2.0/../../../../arm-none-eabi/lib/armv6k/fpu\libsysbase.a(libsysbase_libsysbase_a-handle_manager.o)
                0x00122408                __release_handle
 .text.__alloc_handle
                0x00122494       0xb0 C:/devkitPro/devkitARM/bin/../lib/gcc/arm-none-eabi/14.2.0/../../../../arm-none-eabi/lib/armv6k/fpu\libsysbase.a(libsysbase_libsysbase_a-handle_manager.o)
                0x00122494                __alloc_handle
 .text.__get_handle
                0x00122544       0x3c C:/devkitPro/devkitARM/bin/../lib/gcc/arm-none-eabi/14.2.0/../../../../arm-none-eabi/lib/armv6k/fpu\libsysbase.a(libsysbase_libsysbase_a-handle_manager.o)
                0x00122544                __get_handle
 .text._close_r
                0x00122580       0xf4 C:/devkitPro/devkitARM/bin/../lib/gcc/arm-none-eabi/14.2.0/../../../../arm-none-eabi/lib/armv6k/fpu\libsysbase.a(libsysbase_libsysbase_a-handle_manager.o)
                0x00122580                _close_r
 .text.null_write
                0x00122674        0x8 C:/devkitPro/devkitARM/bin/../lib/gcc/arm-none-eabi/14.2.0/../../../../arm-none-eabi/lib/armv6k/fpu\libsysbase.a(libsysbase_libsysbase_a-iosupport.o)
 .text.setDefaultDevice
                0x0012267c       0x18 C:/devkitPro/devkitARM/bin/../lib/gcc/arm-none-eabi/14.2.0/../../../../arm-none-eabi/lib/armv6k/fpu\libsysbase.a(libsysbase_libsysbase_a-iosupport.o)
                0x0012267c                setDefaultDevice
 .text.FindDevice
                0x00122694       0xc8 C:/devkitPro/devkitARM/bin/../lib/gcc/arm-none-eabi/14.2.0/../../../../arm-none-eabi/lib/armv6k/fpu\libsysbase.a(libsysbase_libsysbase_a-iosupport.o)
                0x00122694                FindDevice
 .text.RemoveDevice
                0x0012275c       0x28 C:/devkitPro/devkitARM/bin/../lib/gcc/arm-none-eabi/14.2.0/../../../../arm-none-eabi/lib/armv6k/fpu\libsysbase.a(libsysbase_libsysbase_a-iosupport.o)
                0x0012275c                RemoveDevice
 .text.AddDevice
                0x00122784       0x98 C:/devkitPro/devkitARM/bin/../lib/gcc/arm-none-eabi/14.2.0/../../../../arm-none-eabi/lib/armv6k/fpu\libsysbase.a(libsysbase_libsysbase_a-iosupport.o)
                0x00122784                AddDevice
 .text.GetDeviceOpTab
                0x0012281c       0x20 C:/devkitPro/devkitARM/bin/../lib/gcc/arm-none-eabi/14.2.0/../../../../arm-none-eabi/lib/armv6k/fpu\libsysbase.a(libsysbase_libsysbase_a-iosupport.o)
                0x0012281c                GetDeviceOpTab
 .text._isatty_r
                0x0012283c        0x8 C:/devkitPro/devkitARM/bin/../lib/gcc/arm-none-eabi/14.2.0/../../../../arm-none-eabi/lib/armv6k/fpu\libsysbase.a(libsysbase_libsysbase_a-isatty.o)
                0x0012283c                _isatty_r
 .text._kill_r  0x00122844       0x14 C:/devkitPro/devkitARM/bin/../lib/gcc/arm-none-eabi/14.2.0/../../../../arm-none-eabi/lib/armv6k/fpu\libsysbase.a(libsysbase_libsysbase_a-kill.o)
                0x00122844                _kill_r
 .text._lseek_r
                0x00122858       0x8c C:/devkitPro/devkitARM/bin/../lib/gcc/arm-none-eabi/14.2.0/../../../../arm-none-eabi/lib/armv6k/fpu\libsysbase.a(libsysbase_libsysbase_a-lseek.o)
                0x00122858                _lseek_r
 .text._open_r  0x001228e4       0xbc C:/devkitPro/devkitARM/bin/../lib/gcc/arm-none-eabi/14.2.0/../../../../arm-none-eabi/lib/armv6k/fpu\libsysbase.a(libsysbase_libsysbase_a-open.o)
                0x001228e4                _open_r
 .text._read_r  0x001229a0       0x88 C:/devkitPro/devkitARM/bin/../lib/gcc/arm-none-eabi/14.2.0/../../../../arm-none-eabi/lib/armv6k/fpu\libsysbase.a(libsysbase_libsysbase_a-read.o)
                0x001229a0                _read_r
 .text._sbrk_r  0x00122a28       0x78 C:/devkitPro/devkitARM/bin/../lib/gcc/arm-none-eabi/14.2.0/../../../../arm-none-eabi/lib/armv6k/fpu\libsysbase.a(libsysbase_libsysbase_a-sbrk.o)
                0x00122a28                _sbrk_r
 .text.__libc_lock_acquire
                0x00122aa0       0x1c C:/devkitPro/devkitARM/bin/../lib/gcc/arm-none-eabi/14.2.0/../../../../arm-none-eabi/lib/armv6k/fpu\libsysbase.a(libsysbase_libsysbase_a-syscall_support.o)
                0x00122aa0                __libc_lock_acquire
 .text.__libc_lock_release
                0x00122abc       0x1c C:/devkitPro/devkitARM/bin/../lib/gcc/arm-none-eabi/14.2.0/../../../../arm-none-eabi/lib/armv6k/fpu\libsysbase.a(libsysbase_libsysbase_a-syscall_support.o)
                0x00122abc                __libc_lock_release
 .text.__libc_lock_acquire_recursive
                0x00122ad8       0x1c C:/devkitPro/devkitARM/bin/../lib/gcc/arm-none-eabi/14.2.0/../../../../arm-none-eabi/lib/armv6k/fpu\libsysbase.a(libsysbase_libsysbase_a-syscall_support.o)
                0x00122ad8                __libc_lock_acquire_recursive
 .text.__libc_lock_release_recursive
                0x00122af4       0x1c C:/devkitPro/devkitARM/bin/../lib/gcc/arm-none-eabi/14.2.0/../../../../arm-none-eabi/lib/armv6k/fpu\libsysbase.a(libsysbase_libsysbase_a-syscall_support.o)
                0x00122af4                __libc_lock_release_recursive
 .text._write_r
                0x00122b10       0x88 C:/devkitPro/devkitARM/bin/../lib/gcc/arm-none-eabi/14.2.0/../../../../arm-none-eabi/lib/armv6k/fpu\libsysbase.a(libsysbase_libsysbase_a-write.o)
                0x00122b10                _write_r
 .text.__fixdfdi
                0x00122b98       0x38 C:/devkitPro/devkitARM/bin/../lib/gcc/arm-none-eabi/14.2.0/armv6k/fpu\libgcc.a(_fixdfdi.o)
                0x00122b98                __fixdfdi
                0x00122b98                __aeabi_d2lz
 .text.__fixunsdfdi
                0x00122bd0       0x40 C:/devkitPro/devkitARM/bin/../lib/gcc/arm-none-eabi/14.2.0/armv6k/fpu\libgcc.a(_fixunsdfdi.o)
                0x00122bd0                __fixunsdfdi
                0x00122bd0                __aeabi_d2ulz
 .text.strrchr  0x00122c10       0x48 C:/devkitPro/devkitARM/bin/../lib/gcc/arm-none-eabi/14.2.0/../../../../arm-none-eabi/lib/armv6k/fpu\libg.a(libc_a-strrchr.o)
                0x00122c10                strrchr
 *(.glue_7)
 .glue_7        0x00122c58        0x0 linker stubs
 *(.glue_7t)
 .glue_7t       0x00122c58        0x0 linker stubs
 *(.stub)
 *(.gnu.warning)
 *(.gnu.linkonce.t*)
                0x00122c58                        . = ALIGN (0x4)
 *(.fini)
 .fini          0x00122c58        0xc C:/devkitPro/devkitARM/bin/../lib/gcc/arm-none-eabi/14.2.0/armv6k/fpu/crti.o
                0x00122c58                _fini
 .fini          0x00122c64        0xc C:/devkitPro/devkitARM/bin/../lib/gcc/arm-none-eabi/14.2.0/armv6k/fpu/crtn.o
                0x00122c70                        . = ALIGN (0x4)

.vfp11_veneer   0x00122c70        0x0
 .vfp11_veneer  0x00122c70        0x0 linker stubs

.v4_bx          0x00122c70        0x0
 .v4_bx         0x00122c70        0x0 linker stubs

.iplt           0x00122c70        0x0
 .iplt          0x00122c70        0x0 C:/devkitPro/devkitARM/bin/../lib/gcc/arm-none-eabi/14.2.0/../../../../arm-none-eabi/lib/armv6k/fpu/3dsx_crt0.o
                0x00123000                        . = ALIGN (0x1000)

.rodata         0x00123000     0x4ea4
 *(.rodata)
 .rodata        0x00123000        0xc C:/devkitPro/libctru/lib\libctru.a(archive_dev.o)
 *(.roda)
 *(.rodata.*)
 .rodata.str1.4
                0x0012300c      0x34b main.o
                                 0xf0 (size before relaxing)
 *fill*         0x00123357        0x1 
 .rodata.consoleHandleColorEsc
                0x00123358       0x6c C:/devkitPro/libctru/lib\libctru.a(console.o)
 .rodata.consolePrintChar
                0x001233c4        0x6 C:/devkitPro/libctru/lib\libctru.a(console.o)
 .rodata.con_write
                0x001233ca       0x46 C:/devkitPro/libctru/lib\libctru.a(console.o)
 .rodata.str1.4
                0x00123410       0x10 C:/devkitPro/libctru/lib\libctru.a(console.o)
 .rodata.dotab_stdout
                0x00123410       0x80 C:/devkitPro/libctru/lib\libctru.a(console.o)
 .rodata.grayScale
                0x00123490       0x18 C:/devkitPro/libctru/lib\libctru.a(console.o)
 .rodata.colorCube
                0x001234a8        0x6 C:/devkitPro/libctru/lib\libctru.a(console.o)
 *fill*         0x001234ae        0x2 
 .rodata.colorTable
                0x001234b0       0x30 C:/devkitPro/libctru/lib\libctru.a(console.o)
 .rodata.aptSendCommand.str1.4
                0x001234e0       0x16 C:/devkitPro/libctru/lib\libctru.a(apt.o)
 .rodata.aptEventHandler
                0x001234e0        0xb C:/devkitPro/libctru/lib\libctru.a(apt.o)
 .rodata.aptWaitForWakeUp.isra.0
                0x001234eb       0x11 C:/devkitPro/libctru/lib\libctru.a(apt.o)
 .rodata.morton_y.2
                0x001234fc        0x8 C:/devkitPro/libctru/lib\libctru.a(apt.o)
 .rodata.morton_x.3
                0x00123504        0x8 C:/devkitPro/libctru/lib\libctru.a(apt.o)
 .rodata.s_sleepWakeEvents.4
                0x0012350c        0x8 C:/devkitPro/libctru/lib\libctru.a(apt.o)
 .rodata.gspInit.str1.4
                0x00123514        0x9 C:/devkitPro/libctru/lib\libctru.a(gspgpu.o)
 .rodata.hidInit.str1.4
                0x00123514       0x15 C:/devkitPro/libctru/lib\libctru.a(hid.o)
 .rodata.irrstInit.str1.4
                0x00123514        0x7 C:/devkitPro/libctru/lib\libctru.a(irrst.o)
 .rodata.inet_pton.str1.4
                0x00123514       0x14 C:/devkitPro/libctru/lib\libctru.a(soc_inet_pton.o)
 .rodata.socInit.str1.4
                0x00123514        0xe C:/devkitPro/libctru/lib\libctru.a(soc_init.o)
 .rodata.str1.4
                0x00123514        0x4 C:/devkitPro/libctru/lib\libctru.a(soc_init.o)
 .rodata.sendto.str1.4
                0x00123514        0x4 C:/devkitPro/libctru/lib\libctru.a(soc_sendto.o)
 .rodata.socket.str1.4
                0x00123514        0x5 C:/devkitPro/libctru/lib\libctru.a(soc_socket.o)
 .rodata.__system_initArgv.str1.4
                0x00123514        0xa C:/devkitPro/libctru/lib\libctru.a(initArgv.o)
 .rodata.default_font_bin
                0x00123514      0x800 C:/devkitPro/libctru/lib\libctru.a(default_font.bin.o)
                0x00123514                default_font_bin
                0x00123d14                default_font_bin_end
 .rodata.srvInit.str1.4
                0x00123d14        0x5 C:/devkitPro/libctru/lib\libctru.a(srv.o)
 .rodata.ptmSysmInit.str1.4
                0x00123d14        0x9 C:/devkitPro/libctru/lib\libctru.a(ptmsysm.o)
 .rodata._net_error_code_map
                0x00123d14       0x4d C:/devkitPro/libctru/lib\libctru.a(soc_common.o)
 .rodata.archive_utf16path.str1.4
                0x00123d61        0x2 C:/devkitPro/libctru/lib\libctru.a(archive_dev.o)
 .rodata._archiveUnmountDeviceStruct.part.0.str1.4
                0x00123d61        0x2 C:/devkitPro/libctru/lib\libctru.a(archive_dev.o)
 .rodata._archiveMountDevice.str1.4
                0x00123d61        0xc C:/devkitPro/libctru/lib\libctru.a(archive_dev.o)
 .rodata.archiveMountSdmc.str1.4
                0x00123d61        0x5 C:/devkitPro/libctru/lib\libctru.a(archive_dev.o)
 *fill*         0x00123d61        0x3 
 .rodata.error_table
                0x00123d64       0x30 C:/devkitPro/libctru/lib\libctru.a(archive_dev.o)
 .rodata.str1.4
                0x00123d94        0x8 C:/devkitPro/libctru/lib\libctru.a(archive_dev.o)
 .rodata.archive_devoptab
                0x00123d94       0x80 C:/devkitPro/libctru/lib\libctru.a(archive_dev.o)
 .rodata.fsInit.str1.4
                0x00123e14        0x8 C:/devkitPro/libctru/lib\libctru.a(fs.o)
 .rodata._ctype_
                0x00123e14      0x101 C:/devkitPro/devkitARM/bin/../lib/gcc/arm-none-eabi/14.2.0/../../../../arm-none-eabi/lib/armv6k/fpu\libg.a(libc_a-ctype_.o)
                0x00123e14                _ctype_
 .rodata._puts_r.str1.4
                0x00123f15        0x2 C:/devkitPro/devkitARM/bin/../lib/gcc/arm-none-eabi/14.2.0/../../../../arm-none-eabi/lib/armv6k/fpu\libg.a(libc_a-puts.o)
 .rodata.__ssvfscanf_r.str1.1
                0x00123f15       0x40 C:/devkitPro/devkitARM/bin/../lib/gcc/arm-none-eabi/14.2.0/../../../../arm-none-eabi/lib/armv6k/fpu\libg.a(libc_a-svfscanf.o)
                                  0x6 (size before relaxing)
 *fill*         0x00123f55        0x1 
 .rodata.__ssvfscanf_r
                0x00123f56      0x114 C:/devkitPro/devkitARM/bin/../lib/gcc/arm-none-eabi/14.2.0/../../../../arm-none-eabi/lib/armv6k/fpu\libg.a(libc_a-svfscanf.o)
 *fill*         0x0012406a        0x2 
 .rodata.basefix.0
                0x0012406c       0x22 C:/devkitPro/devkitARM/bin/../lib/gcc/arm-none-eabi/14.2.0/../../../../arm-none-eabi/lib/armv6k/fpu\libg.a(libc_a-svfscanf.o)
 .rodata._mbrtowc_r.str1.4
                0x0012408e        0x1 C:/devkitPro/devkitARM/bin/../lib/gcc/arm-none-eabi/14.2.0/../../../../arm-none-eabi/lib/armv6k/fpu\libg.a(libc_a-mbrtowc.o)
 .rodata.str1.4
                0x0012408e       0x4c C:/devkitPro/devkitARM/bin/../lib/gcc/arm-none-eabi/14.2.0/../../../../arm-none-eabi/lib/armv6k/fpu\libg.a(libc_a-locale.o)
 .rodata._strtod_l.str1.4
                0x0012408e       0x15 C:/devkitPro/devkitARM/bin/../lib/gcc/arm-none-eabi/14.2.0/../../../../arm-none-eabi/lib/armv6k/fpu\libg.a(libc_a-strtod.o)
 .rodata._strtod_l
                0x0012408e       0x61 C:/devkitPro/devkitARM/bin/../lib/gcc/arm-none-eabi/14.2.0/../../../../arm-none-eabi/lib/armv6k/fpu\libg.a(libc_a-strtod.o)
 *fill*         0x001240ef        0x1 
 .rodata.fpinan.0
                0x001240f0       0x14 C:/devkitPro/devkitARM/bin/../lib/gcc/arm-none-eabi/14.2.0/../../../../arm-none-eabi/lib/armv6k/fpu\libg.a(libc_a-strtod.o)
 .rodata.fpi.1  0x00124104       0x14 C:/devkitPro/devkitARM/bin/../lib/gcc/arm-none-eabi/14.2.0/../../../../arm-none-eabi/lib/armv6k/fpu\libg.a(libc_a-strtod.o)
 .rodata.tinytens
                0x00124118       0x28 C:/devkitPro/devkitARM/bin/../lib/gcc/arm-none-eabi/14.2.0/../../../../arm-none-eabi/lib/armv6k/fpu\libg.a(libc_a-strtod.o)
 .rodata.__gethex.str1.4
                0x00124140       0x62 C:/devkitPro/devkitARM/bin/../lib/gcc/arm-none-eabi/14.2.0/../../../../arm-none-eabi/lib/armv6k/fpu\libg.a(libc_a-gdtoa-gethex.o)
 .rodata.__hexdig
                0x00124140      0x100 C:/devkitPro/devkitARM/bin/../lib/gcc/arm-none-eabi/14.2.0/../../../../arm-none-eabi/lib/armv6k/fpu\libg.a(libc_a-gdtoa-gethex.o)
                0x00124140                __hexdig
 .rodata.get_arg
                0x00124240       0x34 C:/devkitPro/devkitARM/bin/../lib/gcc/arm-none-eabi/14.2.0/../../../../arm-none-eabi/lib/armv6k/fpu\libg.a(libc_a-vfprintf.o)
 .rodata._vfprintf_r.str1.1
                0x00124274       0x3b C:/devkitPro/devkitARM/bin/../lib/gcc/arm-none-eabi/14.2.0/../../../../arm-none-eabi/lib/armv6k/fpu\libg.a(libc_a-vfprintf.o)
 .rodata._vfprintf_r
                0x00124274       0xb6 C:/devkitPro/devkitARM/bin/../lib/gcc/arm-none-eabi/14.2.0/../../../../arm-none-eabi/lib/armv6k/fpu\libg.a(libc_a-vfprintf.o)
 *fill*         0x0012432a        0x2 
 .rodata.zeroes.0
                0x0012432c       0x10 C:/devkitPro/devkitARM/bin/../lib/gcc/arm-none-eabi/14.2.0/../../../../arm-none-eabi/lib/armv6k/fpu\libg.a(libc_a-vfprintf.o)
 .rodata.blanks.1
                0x0012433c       0x10 C:/devkitPro/devkitARM/bin/../lib/gcc/arm-none-eabi/14.2.0/../../../../arm-none-eabi/lib/armv6k/fpu\libg.a(libc_a-vfprintf.o)
 .rodata._dtoa_r.str1.4
                0x0012434c       0x6a C:/devkitPro/devkitARM/bin/../lib/gcc/arm-none-eabi/14.2.0/../../../../arm-none-eabi/lib/armv6k/fpu\libg.a(libc_a-dtoa.o)
 .rodata._dtoa_r
                0x0012434c        0x8 C:/devkitPro/devkitARM/bin/../lib/gcc/arm-none-eabi/14.2.0/../../../../arm-none-eabi/lib/armv6k/fpu\libg.a(libc_a-dtoa.o)
 .rodata.get_arg
                0x00124354       0x34 C:/devkitPro/devkitARM/bin/../lib/gcc/arm-none-eabi/14.2.0/../../../../arm-none-eabi/lib/armv6k/fpu\libg.a(libc_a-svfprintf.o)
 .rodata._svfprintf_r.str1.1
                0x00124388       0x3b C:/devkitPro/devkitARM/bin/../lib/gcc/arm-none-eabi/14.2.0/../../../../arm-none-eabi/lib/armv6k/fpu\libg.a(libc_a-svfprintf.o)
 .rodata._svfprintf_r
                0x00124388       0xb6 C:/devkitPro/devkitARM/bin/../lib/gcc/arm-none-eabi/14.2.0/../../../../arm-none-eabi/lib/armv6k/fpu\libg.a(libc_a-svfprintf.o)
 *fill*         0x0012443e        0x2 
 .rodata.zeroes.0
                0x00124440       0x10 C:/devkitPro/devkitARM/bin/../lib/gcc/arm-none-eabi/14.2.0/../../../../arm-none-eabi/lib/armv6k/fpu\libg.a(libc_a-svfprintf.o)
 .rodata.blanks.1
                0x00124450       0x10 C:/devkitPro/devkitARM/bin/../lib/gcc/arm-none-eabi/14.2.0/../../../../arm-none-eabi/lib/armv6k/fpu\libg.a(libc_a-svfprintf.o)
 .rodata.__action_table
                0x00124460       0x6c C:/devkitPro/devkitARM/bin/../lib/gcc/arm-none-eabi/14.2.0/../../../../arm-none-eabi/lib/armv6k/fpu\libg.a(libc_a-svfiprintf.o)
                0x00124460                __action_table
 .rodata.__state_table
                0x001244cc       0x6c C:/devkitPro/devkitARM/bin/../lib/gcc/arm-none-eabi/14.2.0/../../../../arm-none-eabi/lib/armv6k/fpu\libg.a(libc_a-svfiprintf.o)
                0x001244cc                __state_table
 .rodata.__chclass
                0x00124538      0x100 C:/devkitPro/devkitARM/bin/../lib/gcc/arm-none-eabi/14.2.0/../../../../arm-none-eabi/lib/armv6k/fpu\libg.a(libc_a-svfiprintf.o)
                0x00124538                __chclass
 .rodata.__assert_func.str1.4
                0x00124638       0x43 C:/devkitPro/devkitARM/bin/../lib/gcc/arm-none-eabi/14.2.0/../../../../arm-none-eabi/lib/armv6k/fpu\libg.a(libc_a-assert.o)
 .rodata.__multadd.str1.4
                0x00124638       0x57 C:/devkitPro/devkitARM/bin/../lib/gcc/arm-none-eabi/14.2.0/../../../../arm-none-eabi/lib/armv6k/fpu\libg.a(libc_a-mprec.o)
 .rodata.p05.0  0x00124638        0xc C:/devkitPro/devkitARM/bin/../lib/gcc/arm-none-eabi/14.2.0/../../../../arm-none-eabi/lib/armv6k/fpu\libg.a(libc_a-mprec.o)
 *fill*         0x00124644        0x4 
 .rodata.__mprec_bigtens
                0x00124648       0x28 C:/devkitPro/devkitARM/bin/../lib/gcc/arm-none-eabi/14.2.0/../../../../arm-none-eabi/lib/armv6k/fpu\libg.a(libc_a-mprec.o)
                0x00124648                __mprec_bigtens
 .rodata.__mprec_tens
                0x00124670       0xc8 C:/devkitPro/devkitARM/bin/../lib/gcc/arm-none-eabi/14.2.0/../../../../arm-none-eabi/lib/armv6k/fpu\libg.a(libc_a-mprec.o)
                0x00124670                __mprec_tens
 .rodata.categories
                0x00124738     0x35dc C:/devkitPro/devkitARM/bin/../lib/gcc/arm-none-eabi/14.2.0/../../../../arm-none-eabi/lib/armv6k/fpu\libg.a(libc_a-categories.o)
 .rodata.get_arg
                0x00127d14       0x34 C:/devkitPro/devkitARM/bin/../lib/gcc/arm-none-eabi/14.2.0/../../../../arm-none-eabi/lib/armv6k/fpu\libg.a(libc_a-vfiprintf.o)
 .rodata._vfiprintf_r.str1.1
                0x00127d48       0x29 C:/devkitPro/devkitARM/bin/../lib/gcc/arm-none-eabi/14.2.0/../../../../arm-none-eabi/lib/armv6k/fpu\libg.a(libc_a-vfiprintf.o)
 .rodata._vfiprintf_r
                0x00127d48       0xb6 C:/devkitPro/devkitARM/bin/../lib/gcc/arm-none-eabi/14.2.0/../../../../arm-none-eabi/lib/armv6k/fpu\libg.a(libc_a-vfiprintf.o)
 *fill*         0x00127dfe        0x2 
 .rodata.zeroes.0
                0x00127e00       0x10 C:/devkitPro/devkitARM/bin/../lib/gcc/arm-none-eabi/14.2.0/../../../../arm-none-eabi/lib/armv6k/fpu\libg.a(libc_a-vfiprintf.o)
 .rodata.blanks.1
                0x00127e10       0x10 C:/devkitPro/devkitARM/bin/../lib/gcc/arm-none-eabi/14.2.0/../../../../arm-none-eabi/lib/armv6k/fpu\libg.a(libc_a-vfiprintf.o)
 .rodata.AddDevice.str1.4
                0x00127e20        0x8 C:/devkitPro/devkitARM/bin/../lib/gcc/arm-none-eabi/14.2.0/../../../../arm-none-eabi/lib/armv6k/fpu\libsysbase.a(libsysbase_libsysbase_a-iosupport.o)
 .rodata.dotab_stdnull
                0x00127e20       0x80 C:/devkitPro/devkitARM/bin/../lib/gcc/arm-none-eabi/14.2.0/../../../../arm-none-eabi/lib/armv6k/fpu\libsysbase.a(libsysbase_libsysbase_a-iosupport.o)
                0x00127e20                dotab_stdnull
 *all.rodata*(*)
 *(.gnu.linkonce.r*)
                0x00127ea0                        . = ALIGN (0x4)
                0x00127ea0                        __tdata_align = .
                0x00127ea0        0x4 LONG 0x4 ALIGNOF (.tdata)
                0x00127ea4                        . = ALIGN (0x4)

.eh_frame       0x00127ea4        0x0
 .eh_frame      0x00127ea4        0x0 C:/devkitPro/devkitARM/bin/../lib/gcc/arm-none-eabi/14.2.0/armv6k/fpu/crtbegin.o

.rel.dyn        0x00127ea4        0x0
 .rel.iplt      0x00127ea4        0x0 C:/devkitPro/devkitARM/bin/../lib/gcc/arm-none-eabi/14.2.0/../../../../arm-none-eabi/lib/armv6k/fpu/3dsx_crt0.o