Archive member included to satisfy reference by file (symbol)

C:/devkitPro/libogc/lib/wii\libwiiuse.a(wpad.o)
                              template.o (WPAD_SetDataFormat)
C:/devkitPro/libogc/lib/wii\libwiiuse.a(motion_plus.o)
                              C:/devkitPro/libogc/lib/wii\libwiiuse.a(wpad.o) (wiiuse_set_motion_plus)
C:/devkitPro/libogc/lib/wii\libwiiuse.a(dynamics.o)
                              C:/devkitPro/libogc/lib/wii\libwiiuse.a(wpad.o) (calculate_gforce)
C:/devkitPro/libogc/lib/wii\libwiiuse.a(io.o)
                              C:/devkitPro/libogc/lib/wii\libwiiuse.a(motion_plus.o) (wiiuse_disable_expansion)
C:/devkitPro/libogc/lib/wii\libwiiuse.a(io_wii.o)
                              C:/devkitPro/libogc/lib/wii\libwiiuse.a(wpad.o) (__wiiuse_sensorbar_enable)
C:/devkitPro/libogc/lib/wii\libwiiuse.a(ir.o)
                              C:/devkitPro/libogc/lib/wii\libwiiuse.a(motion_plus.o) (wiiuse_set_ir_mode)
C:/devkitPro/libogc/lib/wii\libwiiuse.a(nunchuk.o)
                              C:/devkitPro/libogc/lib/wii\libwiiuse.a(io.o) (nunchuk_handshake)
C:/devkitPro/libogc/lib/wii\libwiiuse.a(wiiboard.o)
                              C:/devkitPro/libogc/lib/wii\libwiiuse.a(io.o) (wii_board_handshake)
C:/devkitPro/libogc/lib/wii\libwiiuse.a(wiiuse.o)
                              C:/devkitPro/libogc/lib/wii\libwiiuse.a(wpad.o) (wiiuse_init)
C:/devkitPro/libogc/lib/wii\libwiiuse.a(speaker.o)
                              C:/devkitPro/libogc/lib/wii\libwiiuse.a(wpad.o) (wencdata)
C:/devkitPro/libogc/lib/wii\libwiiuse.a(classic.o)
                              C:/devkitPro/libogc/lib/wii\libwiiuse.a(io.o) (classic_ctrl_handshake)
C:/devkitPro/libogc/lib/wii\libwiiuse.a(events.o)
                              C:/devkitPro/libogc/lib/wii\libwiiuse.a(io_wii.o) (parse_event)
C:/devkitPro/libogc/lib/wii\libwiiuse.a(guitar_hero_3.o)
                              C:/devkitPro/libogc/lib/wii\libwiiuse.a(io.o) (guitar_hero_3_handshake)
C:/devkitPro/libogc/lib/wii\libbte.a(bte.o)
                              C:/devkitPro/libogc/lib/wii\libwiiuse.a(wpad.o) (BTE_Init)
C:/devkitPro/libogc/lib/wii\libbte.a(hci.o)
                              C:/devkitPro/libogc/lib/wii\libbte.a(bte.o) (hci_init)
C:/devkitPro/libogc/lib/wii\libbte.a(l2cap.o)
                              C:/devkitPro/libogc/lib/wii\libbte.a(bte.o) (l2cap_init)
C:/devkitPro/libogc/lib/wii\libbte.a(btmemb.o)
                              C:/devkitPro/libogc/lib/wii\libbte.a(bte.o) (btmemb_init)
C:/devkitPro/libogc/lib/wii\libbte.a(btmemr.o)
                              C:/devkitPro/libogc/lib/wii\libbte.a(hci.o) (btmemr_init)
C:/devkitPro/libogc/lib/wii\libbte.a(btpbuf.o)
                              C:/devkitPro/libogc/lib/wii\libbte.a(hci.o) (btpbuf_init)
C:/devkitPro/libogc/lib/wii\libbte.a(physbusif.o)
                              C:/devkitPro/libogc/lib/wii\libbte.a(bte.o) (physbusif_init)
C:/devkitPro/libogc/lib/wii\libogc.a(console.o)
                              template.o (CON_Init)
C:/devkitPro/libogc/lib/wii\libogc.a(lwp_queue.o)
                              C:/devkitPro/libogc/lib/wii\libwiiuse.a(io_wii.o) (__lwp_queue_initialize)
C:/devkitPro/libogc/lib/wii\libogc.a(lwp_threads.o)
                              C:/devkitPro/libogc/lib/wii\libwiiuse.a(wpad.o) (_thread_dispatch_disable_level)
C:/devkitPro/libogc/lib/wii\libogc.a(lwp.o)
                              C:/devkitPro/libogc/lib/wii\libbte.a(bte.o) (LWP_InitQueue)
C:/devkitPro/libogc/lib/wii\libogc.a(lwp_handler.o)
                              C:/devkitPro/libogc/lib/wii\libogc.a(lwp_threads.o) (_cpu_context_save_fp)
C:/devkitPro/libogc/lib/wii\libogc.a(lwp_stack.o)
                              C:/devkitPro/libogc/lib/wii\libogc.a(lwp_threads.o) (__lwp_stack_allocate)
C:/devkitPro/libogc/lib/wii\libogc.a(lwp_watchdog.o)
                              C:/devkitPro/libogc/lib/wii\libogc.a(lwp_threads.o) (_wd_ticks_queue)
C:/devkitPro/libogc/lib/wii\libogc.a(lwp_wkspace.o)
                              C:/devkitPro/libogc/lib/wii\libwiiuse.a(motion_plus.o) (__wkspace_heap)
C:/devkitPro/libogc/lib/wii\libogc.a(lwp_objmgr.o)
                              C:/devkitPro/libogc/lib/wii\libogc.a(lwp.o) (__lwp_objmgr_initinfo)
C:/devkitPro/libogc/lib/wii\libogc.a(lwp_heap.o)
                              C:/devkitPro/libogc/lib/wii\libogc.a(lwp_wkspace.o) (__lwp_heap_init)
C:/devkitPro/libogc/lib/wii\libogc.a(sys_state.o)
                              C:/devkitPro/libogc/lib/wii\libogc.a(lwp_threads.o) (_sys_state_curr)
C:/devkitPro/libogc/lib/wii\libogc.a(irq.o)
                              C:/devkitPro/libogc/lib/wii\libwiiuse.a(io_wii.o) (IRQ_Disable)
C:/devkitPro/libogc/lib/wii\libogc.a(video.o)
                              C:/devkitPro/libogc/lib/wii\libogc.a(console.o) (VIDEO_GetCurrentFramebuffer)
C:/devkitPro/libogc/lib/wii\libogc.a(system.o)
                              C:/devkitPro/libogc/lib/wii\libwiiuse.a(wpad.o) (__SYS_DoPowerCB)
[...]
Memory Configuration

Name             Origin             Length             Attributes
*default*        0x00000000         0xffffffff

Linker script and memory map

                0x00003400                        . = 0x3400

.stub
 *(.stub)
                0x80004000                        . = 0x80004000

.init           0x80004000      0x194
 *crt0.o(*.init)
 .init          0x80004000      0x170 C:/devkitPro/libogc/lib/wii\libogc.a(ogc_crt0.o)
                0x80004000                _start
                0x80004140                _memset
 *(.init)
 .init          0x80004170        0xc C:/devkitPro/devkitPPC/bin/../lib/gcc/powerpc-eabi/14.2.0/ecrti.o
                0x80004170                __init
 .init          0x8000417c        0x4 C:/devkitPro/devkitPPC/bin/../lib/gcc/powerpc-eabi/14.2.0/crtbegin.o
 .init          0x80004180        0x4 C:/devkitPro/devkitPPC/bin/../lib/gcc/powerpc-eabi/14.2.0/crtend.o
 .init          0x80004184       0x10 C:/devkitPro/devkitPPC/bin/../lib/gcc/powerpc-eabi/14.2.0/ecrtn.o

.rela.dyn       0x80004194        0x0
 .rela.iplt     0x80004194        0x0 C:/devkitPro/devkitPPC/bin/../lib/gcc/powerpc-eabi/14.2.0/crtbegin.o

.plt
 *(.plt)

.interp
 *(.interp)

.hash
 *(.hash)

.dynsym
 *(.dynsym)

.dynstr
 *(.dynstr)

.gnu.version
 *(.gnu.version)

.gnu.version_d
 *(.gnu.version_d)

.gnu.version_r
 *(.gnu.version_r)

.rel.init
 *(.rel.init)

.rela.init
 *(.rela.init)

.rel.text
 *(.rel.text .rel.text.* .rel.gnu.linkonce.t.*)

.rela.text      0x80004194        0x0
 *(.rela.text .rela.text.* .rela.gnu.linkonce.t.*)
 .rela.text.__do_global_dtors_aux
                0x80004194        0x0 C:/devkitPro/devkitPPC/bin/../lib/gcc/powerpc-eabi/14.2.0/crtbegin.o
 .rela.text.frame_dummy
                0x80004194        0x0 C:/devkitPro/devkitPPC/bin/../lib/gcc/powerpc-eabi/14.2.0/crtbegin.o
 .rela.text.unlikely.abort
                0x80004194        0x0 C:/devkitPro/devkitPPC/bin/../lib/gcc/powerpc-eabi/14.2.0/crtbegin.o
 .rela.text.__assert_func
                0x80004194        0x0 C:/devkitPro/devkitPPC/bin/../lib/gcc/powerpc-eabi/14.2.0/crtbegin.o

.rel.fini
 *(.rel.fini)

.rela.fini
 *(.rela.fini)

.rel.rodata
 *(.rel.rodata .rel.rodata.* .rel.gnu.linkonce.r.*)

.rela.rodata
 *(.rela.rodata .rela.rodata.* .rela.gnu.linkonce.r.*)

.rel.data
 *(.rel.data .rel.data.* .rel.gnu.linkonce.d.*)

.rela.data
 *(.rela.data .rela.data.* .rela.gnu.linkonce.d.*)

.rel.tdata
 *(.rel.tdata .rel.tdata.* .rel.gnu.linkonce.td.*)

.rela.tdata
 *(.rela.tdata .rela.tdata.* .rela.gnu.linkonce.td.*)

.rel.tbss
 *(.rel.tbss .rel.tbss.* .rel.gnu.linkonce.tb.*)

.rela.tbss
 *(.rela.tbss .rela.tbss.* .rela.gnu.linkonce.tb.*)

.rel.ctors
 *(.rel.ctors)

.rela.ctors
 *(.rela.ctors)

.rel.dtors
 *(.rel.dtors)

.rela.dtors
 *(.rela.dtors)

.rel.got
 *(.rel.got)

.rela.got
 *(.rela.got)

.rela.got1
 *(.rela.got1)

.rela.got2
 *(.rela.got2)

.rel.sdata
 *(.rel.sdata .rel.sdata.* .rel.gnu.linkonce.s.*)

.rela.sdata
 *(.rela.sdata .rela.sdata.* .rela.gnu.linkonce.s.*)

.rel.sbss
 *(.rel.sbss .rel.sbss.* .rel.gnu.linkonce.sb.*)

.rela.sbss
 *(.rela.sbss .rela.sbss.* .rel.gnu.linkonce.sb.*)

.rel.sdata2
 *(.rel.sdata2 .rel.sdata2.* .rel.gnu.linkonce.s2.*)

.rela.sdata2
 *(.rela.sdata2 .rela.sdata2.* .rela.gnu.linkonce.s2.*)

.rel.sbss2
 *(.rel.sbss2 .rel.sbss2.* .rel.gnu.linkonce.sb2.*)

.rela.sbss2
 *(.rela.sbss2 .rela.sbss2.* .rela.gnu.linkonce.sb2.*)

.rel.bss
 *(.rel.bss .rel.bss.* .rel.gnu.linkonce.b.*)

.rela.bss
 *(.rela.bss .rela.bss.* .rela.gnu.linkonce.b.*)

.rel.plt
 *(.rel.plt)

.rela.plt
 *(.rela.plt)

.text           0x800041a0    0x3c900
 *(.text)
 .text          0x800041a0      0x44c C:/devkitPro/libogc/lib/wii\libogc.a(lwp_handler.o)
                0x800041a0                _cpu_context_save_fp
                0x800042e0                _cpu_context_restore_fp
                0x80004420                _cpu_context_switch
                0x80004500                _cpu_context_save
                0x80004580                _cpu_context_restore
 .text          0x800045ec      0x4a0 C:/devkitPro/libogc/lib/wii\libogc.a(system_asm.o)
                0x800045ec                __realmode
                0x80004604                __configBATS
                0x80004734                __InitFPRS
                0x80004860                __InitPS
                0x800048bc                __InitCache
                0x80004914                __InitSystem
                0x8000499c                __flush_cache
                0x800049d0                __reset
                0x80004a40                __InitBATS
                0x80004a5c                SYS_SwitchFiber
 .text          0x80004a8c      0x1ac C:/devkitPro/libogc/lib/wii\libogc.a(irq_handler.o)
                0x80004a8c                irq_exceptionhandler
 .text          0x80004c38      0x4f4 C:/devkitPro/libogc/lib/wii\libogc.a(cache_asm.o)
                0x80004c38                DCFlashInvalidate
                0x80004c4c                DCEnable
                0x80004c60                DCDisable
                0x80004c74                DCFreeze
                0x80004c88                DCUnfreeze
                0x80004c9c                DCTouchLoad
                0x80004ca4                DCBlockZero
                0x80004cac                DCBlockStore
                0x80004cb4                DCBlockFlush
                0x80004cbc                DCBlockInvalidate
                0x80004cc4                DCInvalidateRange
                0x80004cf4                DCFlushRange
                0x80004d28                DCStoreRange
                0x80004d5c                DCFlushRangeNoSync
                0x80004d8c                DCStoreRangeNoSync
                0x80004dbc                DCZeroRange
                0x80004dec                DCTouchRange
                0x80004e1c                ICInvalidateRange
                0x80004e54                ICFlashInvalidate
                0x80004e68                ICEnable
                0x80004e7c                ICDisable
                0x80004e90                ICFreeze
                0x80004ea4                ICUnfreeze
                0x80004eb8                ICBlockInvalidate
                0x80004ec0                ICSync
                0x80004ec8                L2Init
                0x80004f10                L2Enable
                0x80004f2c                L2Disable
                0x80004f44                L2GlobalInvalidate
                0x80004f9c                __LCEnable
                0x80005068                LCDisable
                0x80005090                LCAllocOneTag
                0x800050a4                LCAllocTags
                0x800050e4                LCLoadBlocks
                0x80005108                LCStoreBlocks
 .text          0x8000512c      0x1ac C:/devkitPro/libogc/lib/wii\libogc.a(decrementer_handler.o)
                0x8000512c                dec_exceptionhandler
 .text          0x800052d8      0x35c C:/devkitPro/libogc/lib/wii\libogc.a(exception_handler.o)
                0x800052d8                exceptionhandler_start
                0x80005354                exceptionhandler_patch
                0x80005388                exceptionhandler_end
                0x8000538c                default_exceptionhandler
                0x800054bc                fpu_exceptionhandler
                0x80005604                systemcallhandler_start
                0x80005630                systemcallhandler_end
 .text          0x80005634       0x48 C:/devkitPro/devkitPPC/bin/../lib/gcc/powerpc-eabi/14.2.0\libgcc.a(eabi.o)
                0x80005634                __eabi
 .text          0x8000567c       0x58 C:/devkitPro/devkitPPC/bin/../lib/gcc/powerpc-eabi/14.2.0\libgcc.a(crtresxfpr.o)
                0x8000567c                _restfpr_14_x
                0x80005680                _restfpr_15_x
                0x80005684                _restfpr_16_x
                0x80005688                _restfpr_17_x
                0x8000568c                _restfpr_18_x
                0x80005690                _restfpr_19_x
                0x80005694                _restfpr_20_x
                0x80005698                _restfpr_21_x
                0x8000569c                _restfpr_22_x
                0x800056a0                _restfpr_23_x
                0x800056a4                _restfpr_24_x
                0x800056a8                _restfpr_25_x
                0x800056ac                _restfpr_26_x
                0x800056b0                _restfpr_27_x
                0x800056b4                _restfpr_28_x
                0x800056b8                _restfpr_29_x
                0x800056bc                _restfpr_30_x
                0x800056c0                _restfpr_31_x
 .text          0x800056d4       0x58 C:/devkitPro/devkitPPC/bin/../lib/gcc/powerpc-eabi/14.2.0\libgcc.a(crtresxgpr.o)
                0x800056d4                _restgpr_14_x
                0x800056d8                _restgpr_15_x
                0x800056dc                _restgpr_16_x
                0x800056e0                _restgpr_17_x
                0x800056e4                _restgpr_18_x
                0x800056e8                _restgpr_19_x
                0x800056ec                _restgpr_20_x
                0x800056f0                _restgpr_21_x
                0x800056f4                _restgpr_22_x
                0x800056f8                _restgpr_23_x
                0x800056fc                _restgpr_24_x
                0x80005700                _restgpr_25_x
                0x80005704                _restgpr_26_x
                0x80005708                _restgpr_27_x
                0x8000570c                _restgpr_28_x
                0x80005710                _restgpr_29_x
                0x80005714                _restgpr_30_x
                0x80005718                _restgpr_31_x
 *(.text.*)
 .text.__do_global_dtors_aux
                0x8000572c       0xcc C:/devkitPro/devkitPPC/bin/../lib/gcc/powerpc-eabi/14.2.0/crtbegin.o
 .text.frame_dummy
                0x800057f8       0x24 C:/devkitPro/devkitPPC/bin/../lib/gcc/powerpc-eabi/14.2.0/crtbegin.o
 .text.__crtmain
                0x8000581c       0x40 C:/devkitPro/devkitPPC/bin/../lib/gcc/powerpc-eabi/14.2.0/../../../../powerpc-eabi/lib/crtmain.o
                0x80005820                __crtmain
 .text.get_app_directory
                0x8000585c       0xcc template.o
                0x8000585c                get_app_directory
 .text.load_config
                0x80005928      0x1d8 template.o
                0x80005928                load_config
 .text.initialize_socket
                0x80005b00       0xec template.o
                0x80005b00                initialize_socket
 .text.send_http_post_binary
                0x80005bec      0x130 template.o
                0x80005bec                send_http_post_binary
 .text.quat_from_gravity
                0x80005d1c      0x1b0 template.o
                0x80005d1c                quat_from_gravity
 .text.startup.main
                0x80005ecc      0x580 template.o
                0x80005ecc                main
 .text.__wpad_assign_slot
                0x8000644c      0x228 C:/devkitPro/libogc/lib/wii\libwiiuse.a(wpad.o)
                0x8000644c                __wpad_assign_slot
 .text.__wpad_def_powcb
                0x80006674        0x4 C:/devkitPro/libogc/lib/wii\libwiiuse.a(wpad.o)
 .text.__readlinkkey_finished
                0x80006678       0x34 C:/devkitPro/libogc/lib/wii\libwiiuse.a(wpad.o)
 .text.__wpad_patch_finished
                0x800066ac       0x2c C:/devkitPro/libogc/lib/wii\libwiiuse.a(wpad.o)
 .text.__wpad_setfmt
                0x800066d8      0x14c C:/devkitPro/libogc/lib/wii\libwiiuse.a(wpad.o)
 .text.__wpad_eventCB
                0x80006824      0xac4 C:/devkitPro/libogc/lib/wii\libwiiuse.a(wpad.o)
 .text.__wpad_disconnectCB
                0x800072e8       0xd4 C:/devkitPro/libogc/lib/wii\libwiiuse.a(wpad.o)
                0x800072e8                __wpad_disconnectCB
 .text.__wpad_timeouthandler
                0x800073bc       0xa8 C:/devkitPro/libogc/lib/wii\libwiiuse.a(wpad.o)
 .text.__initcore_finished
                0x80007464       0x48 C:/devkitPro/libogc/lib/wii\libwiiuse.a(wpad.o)
 .text.__wpad_init_finished
                0x800074ac      0x194 C:/devkitPro/libogc/lib/wii\libwiiuse.a(wpad.o)
 .text.WPAD_ReadEvent
                0x80007640      0x688 C:/devkitPro/libogc/lib/wii\libwiiuse.a(wpad.o)
                0x80007640                WPAD_ReadEvent
 .text.WPAD_ReadPending
                0x80007cc8      0x1a0 C:/devkitPro/libogc/lib/wii\libwiiuse.a(wpad.o)
                0x80007cc8                WPAD_ReadPending
 .text.WPAD_SetDataFormat
                0x80007e68      0x188 C:/devkitPro/libogc/lib/wii\libwiiuse.a(wpad.o)
                0x80007e68                WPAD_SetDataFormat
 .text.WPAD_Probe
                0x80007ff0       0xd0 C:/devkitPro/libogc/lib/wii\libwiiuse.a(wpad.o)
                0x80007ff0                WPAD_Probe
 .text.WPAD_Shutdown
                0x800080c0      0x108 C:/devkitPro/libogc/lib/wii\libwiiuse.a(wpad.o)
                0x800080c0                WPAD_Shutdown
 .text.WPAD_Init
                0x800081c8      0x2c4 C:/devkitPro/libogc/lib/wii\libwiiuse.a(wpad.o)
                0x800081c8                WPAD_Init
 .text.__wpad_onreset
                0x8000848c       0x34 C:/devkitPro/libogc/lib/wii\libwiiuse.a(wpad.o)
 .text.WPAD_ScanPads
                0x800084c0       0x90 C:/devkitPro/libogc/lib/wii\libwiiuse.a(wpad.o)
                0x800084c0                WPAD_ScanPads
 .text.WPAD_Data
                0x80008550       0x24 C:/devkitPro/libogc/lib/wii\libwiiuse.a(wpad.o)
                0x80008550                WPAD_Data
 .text.WPAD_ButtonsDown
                0x80008574       0x28 C:/devkitPro/libogc/lib/wii\libwiiuse.a(wpad.o)
                0x80008574                WPAD_ButtonsDown
 .text.motion_plus_disconnected
                0x8000859c       0x10 C:/devkitPro/libogc/lib/wii\libwiiuse.a(motion_plus.o)
                0x8000859c                motion_plus_disconnected
 .text.motion_plus_event
                0x800085ac       0x64 C:/devkitPro/libogc/lib/wii\libwiiuse.a(motion_plus.o)
                0x800085ac                motion_plus_event
 .text.calculate_gforce
                0x80008610      0x114 C:/devkitPro/libogc/lib/wii\libwiiuse.a(dynamics.o)
                0x80008610                calculate_gforce
 .text.calc_joystick_state
                0x80008724      0x210 C:/devkitPro/libogc/lib/wii\libwiiuse.a(dynamics.o)
                0x80008724                calc_joystick_state
 .text.apply_smoothing
                0x80008934      0x110 C:/devkitPro/libogc/lib/wii\libwiiuse.a(dynamics.o)
                0x80008934                apply_smoothing
 .text.calculate_orientation
                0x80008a44      0x374 C:/devkitPro/libogc/lib/wii\libwiiuse.a(dynamics.o)
                0x80008a44                calculate_orientation
 .text.calc_balanceboard_state
                0x80008db8      0x3a4 C:/devkitPro/libogc/lib/wii\libwiiuse.a(dynamics.o)
                0x80008db8                calc_balanceboard_state
 .text.wiiuse_handshake
                0x8000915c      0x27c C:/devkitPro/libogc/lib/wii\libwiiuse.a(io.o)
                0x8000915c                wiiuse_handshake
 .text.wiiuse_handshake_expansion
                0x800093d8      0x1f0 C:/devkitPro/libogc/lib/wii\libwiiuse.a(io.o)
                0x800093d8                wiiuse_handshake_expansion
 .text.wiiuse_handshake_expansion_start
                0x800095c8       0x5c C:/devkitPro/libogc/lib/wii\libwiiuse.a(io.o)
                0x800095c8                wiiuse_handshake_expansion_start
 .text.wiiuse_disable_expansion
                0x80009624      0x1b0 C:/devkitPro/libogc/lib/wii\libwiiuse.a(io.o)
                0x80009624                wiiuse_disable_expansion
 .text.__wiiuse_connected
                0x800097d4       0x9c C:/devkitPro/libogc/lib/wii\libwiiuse.a(io_wii.o)
 .text.__wiiuse_disconnected
                0x80009870       0xb4 C:/devkitPro/libogc/lib/wii\libwiiuse.a(io_wii.o)
 .text.__wiiuse_receive
                0x80009924       0xd0 C:/devkitPro/libogc/lib/wii\libwiiuse.a(io_wii.o)
 .text.__wiiuse_sensorbar_enable
                0x800099f4       0x74 C:/devkitPro/libogc/lib/wii\libwiiuse.a(io_wii.o)
                0x800099f4                __wiiuse_sensorbar_enable
 .text.wiiuse_register
                0x80009a68       0xf0 C:/devkitPro/libogc/lib/wii\libwiiuse.a(io_wii.o)
                0x80009a68                wiiuse_register
 .text.wiiuse_disconnect
                0x80009b58       0x24 C:/devkitPro/libogc/lib/wii\libwiiuse.a(io_wii.o)
                0x80009b58                wiiuse_disconnect
 .text.wiiuse_init_cmd_queue
                0x80009b7c       0x9c C:/devkitPro/libogc/lib/wii\libwiiuse.a(io_wii.o)
                0x80009b7c                wiiuse_init_cmd_queue
 .text.wiiuse_io_write
                0x80009c18       0x1c C:/devkitPro/libogc/lib/wii\libwiiuse.a(io_wii.o)
                0x80009c18                wiiuse_io_write
 .text.rotate_dots
                0x80009c34      0x13c C:/devkitPro/libogc/lib/wii\libwiiuse.a(ir.o)
 .text.wiiuse_set_ir_mode
                0x80009d70       0x5c C:/devkitPro/libogc/lib/wii\libwiiuse.a(ir.o)
                0x80009d70                wiiuse_set_ir_mode
 .text.wiiuse_set_ir
                0x80009dcc      0x270 C:/devkitPro/libogc/lib/wii\libwiiuse.a(ir.o)
                0x80009dcc                wiiuse_set_ir
 .text.wiiuse_set_ir_position
                0x8000a03c       0x80 C:/devkitPro/libogc/lib/wii\libwiiuse.a(ir.o)
                0x8000a03c                wiiuse_set_ir_position
 .text.wiiuse_set_aspect_ratio
                0x8000a0bc       0xac C:/devkitPro/libogc/lib/wii\libwiiuse.a(ir.o)
                0x8000a0bc                wiiuse_set_aspect_ratio
 .text.wiiuse_set_ir_sensitivity
                0x8000a168      0x180 C:/devkitPro/libogc/lib/wii\libwiiuse.a(ir.o)
                0x8000a168                wiiuse_set_ir_sensitivity
 .text.calculate_basic_ir
                0x8000a2e8       0xe8 C:/devkitPro/libogc/lib/wii\libwiiuse.a(ir.o)
                0x8000a2e8                calculate_basic_ir
 .text.calculate_extended_ir
                0x8000a3d0       0x64 C:/devkitPro/libogc/lib/wii\libwiiuse.a(ir.o)
                0x8000a3d0                calculate_extended_ir
 .text.find_sensorbar
                0x8000a434      0xaa0 C:/devkitPro/libogc/lib/wii\libwiiuse.a(ir.o)
                0x8000a434                find_sensorbar
 .text.apply_ir_smoothing
                0x8000aed4      0x124 C:/devkitPro/libogc/lib/wii\libwiiuse.a(ir.o)
                0x8000aed4                apply_ir_smoothing
 .text.interpret_ir_data
                0x8000aff8      0x3c8 C:/devkitPro/libogc/lib/wii\libwiiuse.a(ir.o)
                0x8000aff8                interpret_ir_data
 .text.nunchuk_handshake
                0x8000b3c0      0x31c C:/devkitPro/libogc/lib/wii\libwiiuse.a(nunchuk.o)
                0x8000b3c0                nunchuk_handshake
 .text.nunchuk_disconnected
                0x8000b6dc        0xc C:/devkitPro/libogc/lib/wii\libwiiuse.a(nunchuk.o)
                0x8000b6dc                nunchuk_disconnected
 .text.nunchuk_event
                0x8000b6e8       0xe8 C:/devkitPro/libogc/lib/wii\libwiiuse.a(nunchuk.o)
                0x8000b6e8                nunchuk_event
 .text.wii_board_handshake
                0x8000b7d0      0x284 C:/devkitPro/libogc/lib/wii\libwiiuse.a(wiiboard.o)
                0x8000b7d0                wii_board_handshake
 .text.wii_board_disconnected
                0x8000ba54        0xc C:/devkitPro/libogc/lib/wii\libwiiuse.a(wiiboard.o)
                0x8000ba54                wii_board_disconnected
 .text.wii_board_event
                0x8000ba60       0x24 C:/devkitPro/libogc/lib/wii\libwiiuse.a(wiiboard.o)
                0x8000ba60                wii_board_event
 .text.wiiuse_send_next_command
                0x8000ba84       0x58 C:/devkitPro/libogc/lib/wii\libwiiuse.a(wiiuse.o)
                0x8000ba84                wiiuse_send_next_command
 .text.wiiuse_init
                0x8000badc      0x208 C:/devkitPro/libogc/lib/wii\libwiiuse.a(wiiuse.o)
                0x8000badc                wiiuse_init
 .text.wiiuse_set_flags
                0x8000bce4       0x28 C:/devkitPro/libogc/lib/wii\libwiiuse.a(wiiuse.o)
                0x8000bce4                wiiuse_set_flags
 .text.wiiuse_read_data
                0x8000bd0c      0x154 C:/devkitPro/libogc/lib/wii\libwiiuse.a(wiiuse.o)
                0x8000bd0c                wiiuse_read_data
 .text.wiiuse_write_data
                0x8000be60      0x18c C:/devkitPro/libogc/lib/wii\libwiiuse.a(wiiuse.o)
                0x8000be60                wiiuse_write_data
 .text.wiiuse_sendcmd
                0x8000bfec      0x144 C:/devkitPro/libogc/lib/wii\libwiiuse.a(wiiuse.o)
                0x8000bfec                wiiuse_sendcmd
 .text.wiiuse_set_leds
                0x8000c130       0x50 C:/devkitPro/libogc/lib/wii\libwiiuse.a(wiiuse.o)
                0x8000c130                wiiuse_set_leds
 .text.wiiuse_set_report_type
                0x8000c180       0xb0 C:/devkitPro/libogc/lib/wii\libwiiuse.a(wiiuse.o)
                0x8000c180                wiiuse_set_report_type
 .text.wiiuse_status
                0x8000c230       0x4c C:/devkitPro/libogc/lib/wii\libwiiuse.a(wiiuse.o)
                0x8000c230                wiiuse_status
 .text.wiiuse_motion_sensing
                0x8000c27c       0x84 C:/devkitPro/libogc/lib/wii\libwiiuse.a(wiiuse.o)
                0x8000c27c                wiiuse_motion_sensing
 .text.wiiuse_set_speaker
                0x8000c300      0x24c C:/devkitPro/libogc/lib/wii\libwiiuse.a(speaker.o)
                0x8000c300                wiiuse_set_speaker
 .text.classic_ctrl_handshake
                0x8000c54c      0x410 C:/devkitPro/libogc/lib/wii\libwiiuse.a(classic.o)
                0x8000c54c                classic_ctrl_handshake
 .text.classic_ctrl_disconnected
                0x8000c95c        0xc C:/devkitPro/libogc/lib/wii\libwiiuse.a(classic.o)
                0x8000c95c                classic_ctrl_disconnected
 .text.classic_ctrl_event
                0x8000c968      0x15c C:/devkitPro/libogc/lib/wii\libwiiuse.a(classic.o)
                0x8000c968                classic_ctrl_event
 .text.handle_expansion
                0x8000cac4       0x54 C:/devkitPro/libogc/lib/wii\libwiiuse.a(events.o)
 .text.parse_event
                0x8000cb18      0x730 C:/devkitPro/libogc/lib/wii\libwiiuse.a(events.o)
                0x8000cb18                parse_event
 .text.guitar_hero_3_handshake
                0x8000d248       0x5c C:/devkitPro/libogc/lib/wii\libwiiuse.a(guitar_hero_3.o)
                0x8000d248                guitar_hero_3_handshake
 .text.guitar_hero_3_disconnected
                0x8000d2a4        0xc C:/devkitPro/libogc/lib/wii\libwiiuse.a(guitar_hero_3.o)
                0x8000d2a4                guitar_hero_3_disconnected
 .text.guitar_hero_3_event
                0x8000d2b0       0x60 C:/devkitPro/libogc/lib/wii\libwiiuse.a(guitar_hero_3.o)
                0x8000d2b0                guitar_hero_3_event
 .text.acl_wlp_completed
                0x8000d310        0x8 C:/devkitPro/libogc/lib/wii\libbte.a(bte.o)
                0x8000d310                acl_wlp_completed
 .text.bt_alarmhandler
                0x8000d318       0x58 C:/devkitPro/libogc/lib/wii\libbte.a(bte.o)
 .text.__bte_send_pending_request
                0x8000d370      0x108 C:/devkitPro/libogc/lib/wii\libbte.a(bte.o)
 .text.acl_conn_complete
                0x8000d478       0x2c C:/devkitPro/libogc/lib/wii\libbte.a(bte.o)
                0x8000d478                acl_conn_complete
 .text.l2cap_accepted
                0x8000d4a4      0x11c C:/devkitPro/libogc/lib/wii\libbte.a(bte.o)
                0x8000d4a4                l2cap_accepted
 .text.l2cap_disconnect_cfm
                0x8000d5c0      0x190 C:/devkitPro/libogc/lib/wii\libbte.a(bte.o)
                0x8000d5c0                l2cap_disconnect_cfm
 .text.bte_process_input
                0x8000d750      0x11c C:/devkitPro/libogc/lib/wii\libbte.a(bte.o)
 .text.l2cap_disconnected_ind
                0x8000d86c      0x194 C:/devkitPro/libogc/lib/wii\libbte.a(bte.o)
                0x8000d86c                l2cap_disconnected_ind
 .text.__bte_shutdown_finished
                0x8000da00       0xdc C:/devkitPro/libogc/lib/wii\libbte.a(bte.o)
 .text.bte_hci_apply_patch_complete
                0x8000dadc      0x164 C:/devkitPro/libogc/lib/wii\libbte.a(bte.o)
                0x8000dadc                bte_hci_apply_patch_complete
 .text.bte_hci_patch_complete
                0x8000dc40      0x370 C:/devkitPro/libogc/lib/wii\libbte.a(bte.o)
                0x8000dc40                bte_hci_patch_complete
 .text.bte_hci_initcore_complete
                0x8000dfb0      0x258 C:/devkitPro/libogc/lib/wii\libbte.a(bte.o)
                0x8000dfb0                bte_hci_initcore_complete
 .text.bte_read_stored_link_key_complete
                0x8000e208      0x268 C:/devkitPro/libogc/lib/wii\libbte.a(bte.o)
                0x8000e208                bte_read_stored_link_key_complete
 .text.bte_hci_initcore_complete2
                0x8000e470      0x228 C:/devkitPro/libogc/lib/wii\libbte.a(bte.o)
 .text.bte_hci_initsub_complete
                0x8000e698      0x278 C:/devkitPro/libogc/lib/wii\libbte.a(bte.o)
                0x8000e698                bte_hci_initsub_complete
 .text.BTE_Init
                0x8000e910      0x138 C:/devkitPro/libogc/lib/wii\libbte.a(bte.o)
                0x8000e910                BTE_Init
 .text.BTE_Shutdown
                0x8000ea48      0x100 C:/devkitPro/libogc/lib/wii\libbte.a(bte.o)
                0x8000ea48                BTE_Shutdown
 .text.BTE_InitCore
                0x8000eb48       0x8c C:/devkitPro/libogc/lib/wii\libbte.a(bte.o)
                0x8000eb48                BTE_InitCore
 .text.BTE_ApplyPatch
                0x8000ebd4       0xa4 C:/devkitPro/libogc/lib/wii\libbte.a(bte.o)
                0x8000ebd4                BTE_ApplyPatch
 .text.BTE_InitSub
                0x8000ec78       0x90 C:/devkitPro/libogc/lib/wii\libbte.a(bte.o)
                0x8000ec78                BTE_InitSub
 .text.BTE_ReadStoredLinkKey
                0x8000ed08       0x90 C:/devkitPro/libogc/lib/wii\libbte.a(bte.o)
                0x8000ed08                BTE_ReadStoredLinkKey
 .text.BTE_SetDisconnectCallback
                0x8000ed98        0x4 C:/devkitPro/libogc/lib/wii\libbte.a(bte.o)
                0x8000ed98                BTE_SetDisconnectCallback
 .text.bte_new  0x8000ed9c       0x54 C:/devkitPro/libogc/lib/wii\libbte.a(bte.o)
                0x8000ed9c                bte_new
 .text.bte_registerdeviceasync
                0x8000edf0      0x158 C:/devkitPro/libogc/lib/wii\libbte.a(bte.o)
                0x8000edf0                bte_registerdeviceasync
 .text.bte_disconnect
                0x8000ef48       0xd8 C:/devkitPro/libogc/lib/wii\libbte.a(bte.o)
                0x8000ef48                bte_disconnect
 .text.bte_senddata
                0x8000f020      0x104 C:/devkitPro/libogc/lib/wii\libbte.a(bte.o)
                0x8000f020                bte_senddata
 .text.bte_arg  0x8000f124       0x38 C:/devkitPro/libogc/lib/wii\libbte.a(bte.o)
                0x8000f124                bte_arg
 .text.bte_received
                0x8000f15c       0x38 C:/devkitPro/libogc/lib/wii\libbte.a(bte.o)
                0x8000f15c                bte_received
 .text.bte_disconnected
                0x8000f194       0x38 C:/devkitPro/libogc/lib/wii\libbte.a(bte.o)
                0x8000f194                bte_disconnected
 .text.hci_get_link
                0x8000f1cc       0x84 C:/devkitPro/libogc/lib/wii\libbte.a(hci.o)
 .text.hci_init
                0x8000f250       0x7c C:/devkitPro/libogc/lib/wii\libbte.a(hci.o)
                0x8000f250                hci_init
 .text.hci_close
                0x8000f2cc       0xd0 C:/devkitPro/libogc/lib/wii\libbte.a(hci.o)
                0x8000f2cc                hci_close
 .text.hci_reset_all
                0x8000f39c       0xa8 C:/devkitPro/libogc/lib/wii\libbte.a(hci.o)
                0x8000f39c                hci_reset_all
 .text.hci_arg  0x8000f444        0xc C:/devkitPro/libogc/lib/wii\libbte.a(hci.o)
                0x8000f444                hci_arg
 .text.hci_cmd_complete
                0x8000f450        0xc C:/devkitPro/libogc/lib/wii\libbte.a(hci.o)
                0x8000f450                hci_cmd_complete
 .text.hci_connection_complete
                0x8000f45c        0xc C:/devkitPro/libogc/lib/wii\libbte.a(hci.o)
                0x8000f45c                hci_connection_complete
 .text.hci_wlp_complete
                0x8000f468        0xc C:/devkitPro/libogc/lib/wii\libbte.a(hci.o)
                0x8000f468                hci_wlp_complete
 .text.hci_reset
                0x8000f474       0xa8 C:/devkitPro/libogc/lib/wii\libbte.a(hci.o)
                0x8000f474                hci_reset
 .text.hci_read_buffer_size
                0x8000f51c       0xa8 C:/devkitPro/libogc/lib/wii\libbte.a(hci.o)
                0x8000f51c                hci_read_buffer_size
 .text.hci_read_bd_addr
                0x8000f5c4       0xa8 C:/devkitPro/libogc/lib/wii\libbte.a(hci.o)
                0x8000f5c4                hci_read_bd_addr
 .text.hci_read_local_version
                0x8000f66c       0xa4 C:/devkitPro/libogc/lib/wii\libbte.a(hci.o)
                0x8000f66c                hci_read_local_version
 .text.hci_read_local_features
                0x8000f710       0xa8 C:/devkitPro/libogc/lib/wii\libbte.a(hci.o)
                0x8000f710                hci_read_local_features
 .text.hci_read_stored_link_key
                0x8000f7b8       0xf8 C:/devkitPro/libogc/lib/wii\libbte.a(hci.o)
                0x8000f7b8                hci_read_stored_link_key
 .text.hci_write_page_timeout
                0x8000f8b0       0xcc C:/devkitPro/libogc/lib/wii\libbte.a(hci.o)
                0x8000f8b0                hci_write_page_timeout
 .text.hci_write_scan_enable
                0x8000f97c       0xb8 C:/devkitPro/libogc/lib/wii\libbte.a(hci.o)
                0x8000f97c                hci_write_scan_enable
 .text.hci_accecpt_conn_request
                0x8000fa34       0xdc C:/devkitPro/libogc/lib/wii\libbte.a(hci.o)
                0x8000fa34                hci_accecpt_conn_request
 .text.hci_write_local_name
                0x8000fb10       0xd4 C:/devkitPro/libogc/lib/wii\libbte.a(hci.o)
                0x8000fb10                hci_write_local_name
 .text.hci_write_pin_type
                0x8000fbe4       0xb8 C:/devkitPro/libogc/lib/wii\libbte.a(hci.o)
                0x8000fbe4                hci_write_pin_type
 .text.hci_write_inquiry_mode
                0x8000fc9c       0xb8 C:/devkitPro/libogc/lib/wii\libbte.a(hci.o)
                0x8000fc9c                hci_write_inquiry_mode
 .text.hci_write_page_scan_type
                0x8000fd54       0xb8 C:/devkitPro/libogc/lib/wii\libbte.a(hci.o)
                0x8000fd54                hci_write_page_scan_type
 .text.hci_write_inquiry_scan_type
                0x8000fe0c       0xb8 C:/devkitPro/libogc/lib/wii\libbte.a(hci.o)
                0x8000fe0c                hci_write_inquiry_scan_type
 .text.hci_vendor_specific_command
                0x8000fec4       0xe4 C:/devkitPro/libogc/lib/wii\libbte.a(hci.o)
                0x8000fec4                hci_vendor_specific_command
 .text.hci_write_link_policy_settings
                0x8000ffa8      0x100 C:/devkitPro/libogc/lib/wii\libbte.a(hci.o)
                0x8000ffa8                hci_write_link_policy_settings
 .text.hci_pin_code_request_neg_reply
                0x800100a8       0xc8 C:/devkitPro/libogc/lib/wii\libbte.a(hci.o)
                0x800100a8                hci_pin_code_request_neg_reply
 .text.hci_link_key_req_neg_reply
                0x80010170       0xc8 C:/devkitPro/libogc/lib/wii\libbte.a(hci.o)
                0x80010170                hci_link_key_req_neg_reply
 .text.hci_disconnect
                0x80010238       0xf8 C:/devkitPro/libogc/lib/wii\libbte.a(hci.o)
                0x80010238                hci_disconnect
 .text.hci_write_cod
                0x80010330       0xc8 C:/devkitPro/libogc/lib/wii\libbte.a(hci.o)
                0x80010330                hci_write_cod
 .text.hci_host_buffer_size
                0x800103f8      0x108 C:/devkitPro/libogc/lib/wii\libbte.a(hci.o)
                0x800103f8                hci_host_buffer_size
 .text.hci_host_num_comp_packets
                0x80010500      0x104 C:/devkitPro/libogc/lib/wii\libbte.a(hci.o)
                0x80010500                hci_host_num_comp_packets
 .text.lp_pdu_maxsize
                0x80010604        0xc C:/devkitPro/libogc/lib/wii\libbte.a(hci.o)
                0x80010604                lp_pdu_maxsize
 .text.lp_acl_write
                0x80010610      0x154 C:/devkitPro/libogc/lib/wii\libbte.a(hci.o)
                0x80010610                lp_acl_write
 .text.lp_write_flush_timeout
                0x80010764      0x100 C:/devkitPro/libogc/lib/wii\libbte.a(hci.o)
                0x80010764                lp_write_flush_timeout
 .text.hci_event_handler
                0x80010864      0xc78 C:/devkitPro/libogc/lib/wii\libbte.a(hci.o)
                0x80010864                hci_event_handler
 .text.hci_acldata_handler
                0x800114dc      0x118 C:/devkitPro/libogc/lib/wii\libbte.a(hci.o)
                0x800114dc                hci_acldata_handler
 .text.l2cap_init
                0x800115f4       0x60 C:/devkitPro/libogc/lib/wii\libbte.a(l2cap.o)
                0x800115f4                l2cap_init
 .text.l2cap_write
                0x80011654      0x1a0 C:/devkitPro/libogc/lib/wii\libbte.a(l2cap.o)
                0x80011654                l2cap_write
 .text.l2cap_new
                0x800117f4       0x60 C:/devkitPro/libogc/lib/wii\libbte.a(l2cap.o)
                0x800117f4                l2cap_new
 .text.l2cap_close
                0x80011854      0x1c0 C:/devkitPro/libogc/lib/wii\libbte.a(l2cap.o)
                0x80011854                l2cap_close
 .text.l2cap_reset_all
                0x80011a14      0x148 C:/devkitPro/libogc/lib/wii\libbte.a(l2cap.o)
                0x80011a14                l2cap_reset_all
 .text.l2cap_signal
                0x80011b5c      0x204 C:/devkitPro/libogc/lib/wii\libbte.a(l2cap.o)
                0x80011b5c                l2cap_signal
 .text.l2ca_config_req
                0x80011d60      0x154 C:/devkitPro/libogc/lib/wii\libbte.a(l2cap.o)
                0x80011d60                l2ca_config_req
 .text.l2ca_disconnect_req
                0x80011eb4       0xcc C:/devkitPro/libogc/lib/wii\libbte.a(l2cap.o)
                0x80011eb4                l2ca_disconnect_req
 .text.l2cap_tmr
                0x80011f80      0x260 C:/devkitPro/libogc/lib/wii\libbte.a(l2cap.o)
                0x80011f80                l2cap_tmr
 .text.l2cap_process_sig
                0x800121e0     0x1318 C:/devkitPro/libogc/lib/wii\libbte.a(l2cap.o)
                0x800121e0                l2cap_process_sig
 .text.l2cap_input
                0x800134f8      0x584 C:/devkitPro/libogc/lib/wii\libbte.a(l2cap.o)
                0x800134f8                l2cap_input
 .text.l2ca_datawrite
                0x80013a7c      0x128 C:/devkitPro/libogc/lib/wii\libbte.a(l2cap.o)
                0x80013a7c                l2ca_datawrite
 .text.lp_connect_cfm
                0x80013ba4      0x184 C:/devkitPro/libogc/lib/wii\libbte.a(l2cap.o)
                0x80013ba4                lp_connect_cfm
 .text.lp_connect_ind
                0x80013d28        0x4 C:/devkitPro/libogc/lib/wii\libbte.a(l2cap.o)
                0x80013d28                lp_connect_ind
 .text.lp_disconnect_ind
                0x80013d2c      0x124 C:/devkitPro/libogc/lib/wii\libbte.a(l2cap.o)
                0x80013d2c                lp_disconnect_ind
 .text.l2cap_disconnect_bb
                0x80013e50       0x10 C:/devkitPro/libogc/lib/wii\libbte.a(l2cap.o)
                0x80013e50                l2cap_disconnect_bb
 .text.l2cap_arg
                0x80013e60        0x8 C:/devkitPro/libogc/lib/wii\libbte.a(l2cap.o)
                0x80013e60                l2cap_arg
 .text.l2cap_connect_ind
                0x80013e68      0x100 C:/devkitPro/libogc/lib/wii\libbte.a(l2cap.o)
                0x80013e68                l2cap_connect_ind
 .text.l2cap_disconnect_ind
                0x80013f68        0x8 C:/devkitPro/libogc/lib/wii\libbte.a(l2cap.o)
                0x80013f68                l2cap_disconnect_ind
 .text.l2cap_recv
                0x80013f70        0x8 C:/devkitPro/libogc/lib/wii\libbte.a(l2cap.o)
                0x80013f70                l2cap_recv
 .text.btmemb_init
                0x80013f78       0x24 C:/devkitPro/libogc/lib/wii\libbte.a(btmemb.o)
                0x80013f78                btmemb_init
 .text.btmemb_alloc
                0x80013f9c       0x98 C:/devkitPro/libogc/lib/wii\libbte.a(btmemb.o)
                0x80013f9c                btmemb_alloc
 .text.btmemb_free
                0x80014034       0xe0 C:/devkitPro/libogc/lib/wii\libbte.a(btmemb.o)
                0x80014034                btmemb_free
 .text.plug_holes
                0x80014114       0xac C:/devkitPro/libogc/lib/wii\libbte.a(btmemr.o)
 .text.btmemr_init
                0x800141c0       0xa4 C:/devkitPro/libogc/lib/wii\libbte.a(btmemr.o)
                0x800141c0                btmemr_init
 .text.btmemr_malloc
                0x80014264      0x180 C:/devkitPro/libogc/lib/wii\libbte.a(btmemr.o)
                0x80014264                btmemr_malloc
 .text.btmemr_free
                0x800143e4       0x98 C:/devkitPro/libogc/lib/wii\libbte.a(btmemr.o)
                0x800143e4                btmemr_free
 .text.btmemr_realloc
                0x8001447c      0x108 C:/devkitPro/libogc/lib/wii\libbte.a(btmemr.o)
                0x8001447c                btmemr_realloc
 .text.btpbuf_init
                0x80014584       0x28 C:/devkitPro/libogc/lib/wii\libbte.a(btpbuf.o)
                0x80014584                btpbuf_init
 .text.btpbuf_free
                0x800145ac      0x104 C:/devkitPro/libogc/lib/wii\libbte.a(btpbuf.o)
                0x800145ac                btpbuf_free
 .text.btpbuf_alloc
                0x800146b0      0x224 C:/devkitPro/libogc/lib/wii\libbte.a(btpbuf.o)
                0x800146b0                btpbuf_alloc
 .text.btpbuf_realloc
                0x800148d4      0x110 C:/devkitPro/libogc/lib/wii\libbte.a(btpbuf.o)
                0x800148d4                btpbuf_realloc
 .text.btpbuf_header
                0x800149e4       0x84 C:/devkitPro/libogc/lib/wii\libbte.a(btpbuf.o)
                0x800149e4                btpbuf_header
 .text.btpbuf_ref
                0x80014a68       0x48 C:/devkitPro/libogc/lib/wii\libbte.a(btpbuf.o)
                0x80014a68                btpbuf_ref
 .text.btpbuf_chain
                0x80014ab0       0x9c C:/devkitPro/libogc/lib/wii\libbte.a(btpbuf.o)
                0x80014ab0                btpbuf_chain
 .text.btpbuf_dechain
                0x80014b4c       0x7c C:/devkitPro/libogc/lib/wii\libbte.a(btpbuf.o)
                0x80014b4c                btpbuf_dechain
 .text.btpbuf_take
                0x80014bc8      0x13c C:/devkitPro/libogc/lib/wii\libbte.a(btpbuf.o)
                0x80014bc8                btpbuf_take
 .text.__usb_closeCB
                0x80014d04       0x10 C:/devkitPro/libogc/lib/wii\libbte.a(physbusif.o)
 .text.__writebulkmsgCB
                0x80014d14       0x3c C:/devkitPro/libogc/lib/wii\libbte.a(physbusif.o)
 .text.__writectrlmsgCB
                0x80014d50       0x3c C:/devkitPro/libogc/lib/wii\libbte.a(physbusif.o)
 .text.__issue_intrread.part.0
                0x80014d8c       0x80 C:/devkitPro/libogc/lib/wii\libbte.a(physbusif.o)
 .text.__readintrdataCB
                0x80014e0c      0x148 C:/devkitPro/libogc/lib/wii\libbte.a(physbusif.o)
 .text.__issue_bulkread.part.0
                0x80014f54       0x80 C:/devkitPro/libogc/lib/wii\libbte.a(physbusif.o)
 .text.__readbulkdataCB
                0x80014fd4      0x148 C:/devkitPro/libogc/lib/wii\libbte.a(physbusif.o)
 .text.physbusif_init
                0x8001511c      0x1ec C:/devkitPro/libogc/lib/wii\libbte.a(physbusif.o)
                0x8001511c                physbusif_init
 .text.physbusif_close
                0x80015308       0x20 C:/devkitPro/libogc/lib/wii\libbte.a(physbusif.o)
                0x80015308                physbusif_close
 .text.physbusif_shutdown
                0x80015328       0x24 C:/devkitPro/libogc/lib/wii\libbte.a(physbusif.o)
                0x80015328                physbusif_shutdown
 .text.physbusif_reset_all
                0x8001534c        0x4 C:/devkitPro/libogc/lib/wii\libbte.a(physbusif.o)
                0x8001534c                physbusif_reset_all
 .text.physbusif_output
                0x80015350      0x1e8 C:/devkitPro/libogc/lib/wii\libbte.a(physbusif.o)
                0x80015350                physbusif_output
 .text.__console_clear_line
                0x80015538       0xb8 C:/devkitPro/libogc/lib/wii\libogc.a(console.o)
 .text.__console_clear
                0x800155f0       0xbc C:/devkitPro/libogc/lib/wii\libogc.a(console.o)
 .text.__console_write
                0x800156ac      0x830 C:/devkitPro/libogc/lib/wii\libogc.a(console.o)
                0x800156ac                __console_write
 .text.__console_init
                0x80015edc      0x120 C:/devkitPro/libogc/lib/wii\libogc.a(console.o)
                0x80015edc                __console_init
 .text.CON_Init
                0x80015ffc        0x4 C:/devkitPro/libogc/lib/wii\libogc.a(console.o)
                0x80015ffc                CON_Init
 .text.CON_EnableGecko
                0x80016000      0x100 C:/devkitPro/libogc/lib/wii\libogc.a(console.o)
                0x80016000                CON_EnableGecko
 .text.__lwp_queue_initialize
                0x80016100       0x98 C:/devkitPro/libogc/lib/wii\libogc.a(lwp_queue.o)
                0x80016100                __lwp_queue_initialize
 .text.__lwp_queue_get
                0x80016198       0x74 C:/devkitPro/libogc/lib/wii\libogc.a(lwp_queue.o)
                0x80016198                __lwp_queue_get
 .text.__lwp_queue_append
                0x8001620c       0x4c C:/devkitPro/libogc/lib/wii\libogc.a(lwp_queue.o)
                0x8001620c                __lwp_queue_append
 .text.__syscall_getreent
                0x80016258       0x24 C:/devkitPro/libogc/lib/wii\libogc.a(lwp_threads.o)
                0x80016258                __syscall_getreent
 .text.__lwp_isr_in_progress
                0x8001627c        0x8 C:/devkitPro/libogc/lib/wii\libogc.a(lwp_threads.o)
                0x8001627c                __lwp_isr_in_progress
 .text.__thread_dispatch_fp
                0x80016284       0x88 C:/devkitPro/libogc/lib/wii\libogc.a(lwp_threads.o)
                0x80016284                __thread_dispatch_fp
 .text.__thread_dispatch
                0x8001630c       0xf4 C:/devkitPro/libogc/lib/wii\libogc.a(lwp_threads.o)
                0x8001630c                __thread_dispatch
 .text.__lwp_thread_resettimeslice
                0x80016400       0xb4 C:/devkitPro/libogc/lib/wii\libogc.a(lwp_threads.o)
                0x80016400                __lwp_thread_resettimeslice
 .text.__lwp_thread_tickle_timeslice
                0x800164b4       0xc8 C:/devkitPro/libogc/lib/wii\libogc.a(lwp_threads.o)
                0x800164b4                __lwp_thread_tickle_timeslice
 .text.__lwp_thread_setstate
                0x8001657c      0x16c C:/devkitPro/libogc/lib/wii\libogc.a(lwp_threads.o)
                0x8001657c                __lwp_thread_setstate
 .text.__lwp_thread_clearstate
                0x800166e8       0xe4 C:/devkitPro/libogc/lib/wii\libogc.a(lwp_threads.o)
                0x800166e8                __lwp_thread_clearstate
 .text.__lwp_thread_delayended
                0x800167cc       0x48 C:/devkitPro/libogc/lib/wii\libogc.a(lwp_threads.o)
                0x800167cc                __lwp_thread_delayended
 .text.__lwp_thread_settransient
                0x80016814       0xb4 C:/devkitPro/libogc/lib/wii\libogc.a(lwp_threads.o)
                0x80016814                __lwp_thread_settransient
 .text.__lwp_thread_changepriority
                0x800168c8      0x1f8 C:/devkitPro/libogc/lib/wii\libogc.a(lwp_threads.o)
                0x800168c8                __lwp_thread_changepriority
 .text.__lwp_thread_ready
                0x80016ac0       0xf0 C:/devkitPro/libogc/lib/wii\libogc.a(lwp_threads.o)
                0x80016ac0                __lwp_thread_ready
 .text.__lwp_thread_init
                0x80016bb0      0x160 C:/devkitPro/libogc/lib/wii\libogc.a(lwp_threads.o)
                0x80016bb0                __lwp_thread_init
 .text.__lwp_thread_close
                0x80016d10      0x144 C:/devkitPro/libogc/lib/wii\libogc.a(lwp_threads.o)
                0x80016d10                __lwp_thread_close
 .text.__lwp_thread_handler
                0x80016e54       0xc0 C:/devkitPro/libogc/lib/wii\libogc.a(lwp_threads.o)
 .text.__lwp_thread_closeall
                0x80016f14       0xb0 C:/devkitPro/libogc/lib/wii\libogc.a(lwp_threads.o)
                0x80016f14                __lwp_thread_closeall
 .text.__lwp_thread_start
                0x80016fc4      0x150 C:/devkitPro/libogc/lib/wii\libogc.a(lwp_threads.o)
                0x80016fc4                __lwp_thread_start
 .text.__lwp_thread_startmultitasking
                0x80017114       0xac C:/devkitPro/libogc/lib/wii\libogc.a(lwp_threads.o)
                0x80017114                __lwp_thread_startmultitasking
 .text.__lwp_thread_stopmultitasking
                0x800171c0       0x58 C:/devkitPro/libogc/lib/wii\libogc.a(lwp_threads.o)
                0x800171c0                __lwp_thread_stopmultitasking
 .text.__lwp_thread_coreinit
                0x80017218       0xc4 C:/devkitPro/libogc/lib/wii\libogc.a(lwp_threads.o)
                0x80017218                __lwp_thread_coreinit
 .text.idle_func
                0x800172dc        0x4 C:/devkitPro/libogc/lib/wii\libogc.a(lwp.o)
 .text.__lwp_sysinit
                0x800172e0      0x114 C:/devkitPro/libogc/lib/wii\libogc.a(lwp.o)
                0x800172e0                __lwp_sysinit
 .text.LWP_InitQueue
                0x800173f4      0x148 C:/devkitPro/libogc/lib/wii\libogc.a(lwp.o)
                0x800173f4                LWP_InitQueue
 .text.LWP_CloseQueue
                0x8001753c       0xd4 C:/devkitPro/libogc/lib/wii\libogc.a(lwp.o)
                0x8001753c                LWP_CloseQueue
 .text.LWP_ThreadSleep
                0x80017610       0xf8 C:/devkitPro/libogc/lib/wii\libogc.a(lwp.o)
                0x80017610                LWP_ThreadSleep
 .text.LWP_ThreadBroadcast
                0x80017708       0x88 C:/devkitPro/libogc/lib/wii\libogc.a(lwp.o)
                0x80017708                LWP_ThreadBroadcast
 .text.LWP_ThreadSignal
                0x80017790       0x74 C:/devkitPro/libogc/lib/wii\libogc.a(lwp.o)
                0x80017790                LWP_ThreadSignal
 .text.__lwp_stack_allocate
                0x80017804       0x60 C:/devkitPro/libogc/lib/wii\libogc.a(lwp_stack.o)
                0x80017804                __lwp_stack_allocate
 .text.__lwp_stack_free
                0x80017864       0x1c C:/devkitPro/libogc/lib/wii\libogc.a(lwp_stack.o)
                0x80017864                __lwp_stack_free
 .text.__lwp_wd_settimer
                0x80017880       0xdc C:/devkitPro/libogc/lib/wii\libogc.a(lwp_watchdog.o)
 .text.__lwp_watchdog_init
                0x8001795c       0x2c C:/devkitPro/libogc/lib/wii\libogc.a(lwp_watchdog.o)
                0x8001795c                __lwp_watchdog_init
 .text.__lwp_wd_insert
                0x80017988      0x19c C:/devkitPro/libogc/lib/wii\libogc.a(lwp_watchdog.o)
                0x80017988                __lwp_wd_insert
 .text.__lwp_wd_remove
                0x80017b24      0x138 C:/devkitPro/libogc/lib/wii\libogc.a(lwp_watchdog.o)
                0x80017b24                __lwp_wd_remove
 .text.__lwp_wd_tickle
                0x80017c5c      0x120 C:/devkitPro/libogc/lib/wii\libogc.a(lwp_watchdog.o)
                0x80017c5c                __lwp_wd_tickle
 .text.__lwp_wkspace_init
                0x80017d7c       0xc0 C:/devkitPro/libogc/lib/wii\libogc.a(lwp_wkspace.o)
                0x80017d7c                __lwp_wkspace_init
 .text.__lwp_objmgr_initinfo
                0x80017e3c      0x1a0 C:/devkitPro/libogc/lib/wii\libogc.a(lwp_objmgr.o)
                0x80017e3c                __lwp_objmgr_initinfo
 .text.__lwp_objmgr_getisrdisable
                0x80017fdc       0x60 C:/devkitPro/libogc/lib/wii\libogc.a(lwp_objmgr.o)
                0x80017fdc                __lwp_objmgr_getisrdisable
 .text.__lwp_objmgr_getnoprotection
                0x8001803c       0x24 C:/devkitPro/libogc/lib/wii\libogc.a(lwp_objmgr.o)
                0x8001803c                __lwp_objmgr_getnoprotection
 .text.__lwp_objmgr_get
                0x80018060       0x6c C:/devkitPro/libogc/lib/wii\libogc.a(lwp_objmgr.o)
                0x80018060                __lwp_objmgr_get
 .text.__lwp_objmgr_allocate
                0x800180cc       0x88 C:/devkitPro/libogc/lib/wii\libogc.a(lwp_objmgr.o)
                0x800180cc                __lwp_objmgr_allocate
 .text.__lwp_objmgr_free
                0x80018154       0x60 C:/devkitPro/libogc/lib/wii\libogc.a(lwp_objmgr.o)
                0x80018154                __lwp_objmgr_free
 .text.__lwp_heap_init
                0x800181b4       0xa4 C:/devkitPro/libogc/lib/wii\libogc.a(lwp_heap.o)
                0x800181b4                __lwp_heap_init
 .text.__lwp_heap_allocate
                0x80018258      0x160 C:/devkitPro/libogc/lib/wii\libogc.a(lwp_heap.o)
                0x80018258                __lwp_heap_allocate
 .text.__lwp_heap_free
                0x800183b8      0x188 C:/devkitPro/libogc/lib/wii\libogc.a(lwp_heap.o)
                0x800183b8                __lwp_heap_free
 .text.__SetInterrupts
                0x80018540      0x268 C:/devkitPro/libogc/lib/wii\libogc.a(irq.o)
 .text.c_irqdispatcher
                0x800187a8      0x268 C:/devkitPro/libogc/lib/wii\libogc.a(irq.o)
                0x800187a8                c_irqdispatcher
 .text.__UnmaskIrq
                0x80018a10       0x84 C:/devkitPro/libogc/lib/wii\libogc.a(irq.o)
                0x80018a10                __UnmaskIrq
 .text.__MaskIrq
                0x80018a94       0x84 C:/devkitPro/libogc/lib/wii\libogc.a(irq.o)
                0x80018a94                __MaskIrq
 .text.__irq_init
                0x80018b18       0x84 C:/devkitPro/libogc/lib/wii\libogc.a(irq.o)
                0x80018b18                __irq_init
 .text.IRQ_Request
                0x80018b9c       0x50 C:/devkitPro/libogc/lib/wii\libogc.a(irq.o)
                0x80018b9c                IRQ_Request
 .text.IRQ_GetHandler
                0x80018bec       0x44 C:/devkitPro/libogc/lib/wii\libogc.a(irq.o)
                0x80018bec                IRQ_GetHandler
 .text.IRQ_Disable
                0x80018c30       0x1c C:/devkitPro/libogc/lib/wii\libogc.a(irq.o)
                0x80018c30                IRQ_Disable
 .text.IRQ_Restore
                0x80018c4c       0x1c C:/devkitPro/libogc/lib/wii\libogc.a(irq.o)
                0x80018c4c                IRQ_Restore
 .text.__VISendI2CData.constprop.0.isra.0
                0x80018c68      0x428 C:/devkitPro/libogc/lib/wii\libogc.a(video.o)
 .text.__setFbbRegs.constprop.0
                0x80019090      0x190 C:/devkitPro/libogc/lib/wii\libogc.a(video.o)
 .text.__VISetYUVSEL
                0x80019220       0xb8 C:/devkitPro/libogc/lib/wii\libogc.a(video.o)
 .text.VIDEO_Configure
                0x800192d8      0x600 C:/devkitPro/libogc/lib/wii\libogc.a(video.o)
                0x800192d8                VIDEO_Configure
 .text.VIDEO_WaitVSync
                0x800198d8       0x74 C:/devkitPro/libogc/lib/wii\libogc.a(video.o)
                0x800198d8                VIDEO_WaitVSync
 .text.VIDEO_SetFramebuffer
                0x8001994c       0xd0 C:/devkitPro/libogc/lib/wii\libogc.a(video.o)
                0x8001994c                VIDEO_SetFramebuffer
 .text.VIDEO_SetNextFramebuffer
                0x80019a1c       0x70 C:/devkitPro/libogc/lib/wii\libogc.a(video.o)
                0x80019a1c                VIDEO_SetNextFramebuffer
 .text.VIDEO_Flush
                0x80019a8c       0xf4 C:/devkitPro/libogc/lib/wii\libogc.a(video.o)
                0x80019a8c                VIDEO_Flush
 .text.VIDEO_SetBlack
                0x80019b80      0x15c C:/devkitPro/libogc/lib/wii\libogc.a(video.o)
                0x80019b80                VIDEO_SetBlack
 .text.VIDEO_GetCurrentTvMode
                0x80019cdc       0x78 C:/devkitPro/libogc/lib/wii\libogc.a(video.o)
                0x80019cdc                VIDEO_GetCurrentTvMode
 .text.__VIRetraceHandler
                0x80019d54      0x284 C:/devkitPro/libogc/lib/wii\libogc.a(video.o)
 .text.__VISetupEncoder
                0x80019fd8      0x288 C:/devkitPro/libogc/lib/wii\libogc.a(video.o)
 .text.VIDEO_Init
                0x8001a260      0x3cc C:/devkitPro/libogc/lib/wii\libogc.a(video.o)
                0x8001a260                VIDEO_Init
 .text.VIDEO_GetPreferredMode
                0x8001a62c      0x108 C:/devkitPro/libogc/lib/wii\libogc.a(video.o)
                0x8001a62c                VIDEO_GetPreferredMode
 .text.VIDEO_GetCurrentLine
                0x8001a734       0xa0 C:/devkitPro/libogc/lib/wii\libogc.a(video.o)
                0x8001a734                VIDEO_GetCurrentLine
 .text.VIDEO_GetFrameBufferSize
                0x8001a7d4       0x34 C:/devkitPro/libogc/lib/wii\libogc.a(video.o)
                0x8001a7d4                VIDEO_GetFrameBufferSize
 .text.__call_resetfuncs
                0x8001a808       0xbc C:/devkitPro/libogc/lib/wii\libogc.a(system.o)
 .text.__MEMInterruptHandler
                0x8001a8c4       0x14 C:/devkitPro/libogc/lib/wii\libogc.a(system.o)
 .text.__RSWDefaultHandler
                0x8001a8d8        0x4 C:/devkitPro/libogc/lib/wii\libogc.a(system.o)
 .text.__POWDefaultHandler
                0x8001a8dc        0x4 C:/devkitPro/libogc/lib/wii\libogc.a(system.o)
 .text.__STMEventHandler
                0x8001a8e0      0x104 C:/devkitPro/libogc/lib/wii\libogc.a(system.o)
 .text.__getrtc
                0x8001a9e4      0x13c C:/devkitPro/libogc/lib/wii\libogc.a(system.o)
 .text.__sram_write
                0x8001ab20      0x130 C:/devkitPro/libogc/lib/wii\libogc.a(system.o)
 .text.__sram_writecallback
                0x8001ac50       0x54 C:/devkitPro/libogc/lib/wii\libogc.a(system.o)
 .text.__mem_onreset
                0x8001aca4       0x48 C:/devkitPro/libogc/lib/wii\libogc.a(system.o)
 .text.__unlocksram
                0x8001acec      0x174 C:/devkitPro/libogc/lib/wii\libogc.a(system.o)
 .text.__sys_alarmhandler
                0x8001ae60      0x154 C:/devkitPro/libogc/lib/wii\libogc.a(system.o)
 .text.__syscall_malloc_lock
                0x8001afb4        0x4 C:/devkitPro/libogc/lib/wii\libogc.a(system.o)
                0x8001afb4                __syscall_malloc_lock
 .text.__syscall_malloc_unlock
                0x8001afb8        0x4 C:/devkitPro/libogc/lib/wii\libogc.a(system.o)
                0x8001afb8                __syscall_malloc_unlock
 .text.__syscall_nanosleep
                0x8001afbc        0x4 C:/devkitPro/libogc/lib/wii\libogc.a(system.o)
                0x8001afbc                __syscall_nanosleep
 .text.__SYS_GetRTC
                0x8001afc0       0x98 C:/devkitPro/libogc/lib/wii\libogc.a(system.o)
                0x8001afc0                __SYS_GetRTC
 .text.__SYS_SetBootTime
                0x8001b058      0x108 C:/devkitPro/libogc/lib/wii\libogc.a(system.o)
                0x8001b058                __SYS_SetBootTime
 .text.__SYS_GetIPCBufferLo
                0x8001b160        0x8 C:/devkitPro/libogc/lib/wii\libogc.a(system.o)
                0x8001b160                __SYS_GetIPCBufferLo
 .text.__SYS_GetIPCBufferHi
                0x8001b168        0x8 C:/devkitPro/libogc/lib/wii\libogc.a(system.o)
                0x8001b168                __SYS_GetIPCBufferHi
 .text.__SYS_DoPowerCB
                0x8001b170       0x74 C:/devkitPro/libogc/lib/wii\libogc.a(system.o)
                0x8001b170                __SYS_DoPowerCB
 .text.__SYS_PreInit
                0x8001b1e4        0x4 C:/devkitPro/libogc/lib/wii\libogc.a(system.o)
                0x8001b1e4                __SYS_PreInit
 .text.SYS_PreMain
                0x8001b1e8       0x7c C:/devkitPro/libogc/lib/wii\libogc.a(system.o)
                0x8001b1e8                SYS_PreMain
 .text.SYS_ResetButtonDown
                0x8001b264       0x18 C:/devkitPro/libogc/lib/wii\libogc.a(system.o)
                0x8001b264                SYS_ResetButtonDown
 .text.SYS_ResetSystem
                0x8001b27c      0x1f8 C:/devkitPro/libogc/lib/wii\libogc.a(system.o)
                0x8001b27c                SYS_ResetSystem
 .text.__reload
                0x8001b474       0x84 C:/devkitPro/libogc/lib/wii\libogc.a(system.o)
                0x8001b474                __reload
 .text.__syscall_exit
                0x8001b4f8       0x8c C:/devkitPro/libogc/lib/wii\libogc.a(system.o)
                0x8001b4f8                __syscall_exit
 .text.SYS_RegisterResetFunc
                0x8001b584       0x78 C:/devkitPro/libogc/lib/wii\libogc.a(system.o)
                0x8001b584                SYS_RegisterResetFunc
 .text.SYS_SetArena1Lo
                0x8001b5fc       0x38 C:/devkitPro/libogc/lib/wii\libogc.a(system.o)
                0x8001b5fc                SYS_SetArena1Lo
 .text.SYS_GetArena1Lo
                0x8001b634       0x38 C:/devkitPro/libogc/lib/wii\libogc.a(system.o)
                0x8001b634                SYS_GetArena1Lo
 .text.SYS_GetArena1Hi
                0x8001b66c       0x38 C:/devkitPro/libogc/lib/wii\libogc.a(system.o)
                0x8001b66c                SYS_GetArena1Hi
 .text.SYS_SetArena2Lo
                0x8001b6a4       0x38 C:/devkitPro/libogc/lib/wii\libogc.a(system.o)
                0x8001b6a4                SYS_SetArena2Lo
 .text.SYS_GetArena2Lo
                0x8001b6dc       0x38 C:/devkitPro/libogc/lib/wii\libogc.a(system.o)
                0x8001b6dc                SYS_GetArena2Lo
 .text.SYS_SetArena2Hi
                0x8001b714       0x38 C:/devkitPro/libogc/lib/wii\libogc.a(system.o)
                0x8001b714                SYS_SetArena2Hi
 .text.SYS_GetArena2Hi
                0x8001b74c       0x38 C:/devkitPro/libogc/lib/wii\libogc.a(system.o)
                0x8001b74c                SYS_GetArena2Hi
 .text.SYS_AllocateFramebuffer
                0x8001b784       0x28 C:/devkitPro/libogc/lib/wii\libogc.a(system.o)
                0x8001b784                SYS_AllocateFramebuffer
 .text.SYS_CreateAlarm
                0x8001b7ac      0x104 C:/devkitPro/libogc/lib/wii\libogc.a(system.o)
                0x8001b7ac                SYS_CreateAlarm
 .text.SYS_SetAlarm
                0x8001b8b0      0x1e0 C:/devkitPro/libogc/lib/wii\libogc.a(system.o)
                0x8001b8b0                SYS_SetAlarm
 .text.SYS_SetPeriodicAlarm
                0x8001ba90      0x270 C:/devkitPro/libogc/lib/wii\libogc.a(system.o)
                0x8001ba90                SYS_SetPeriodicAlarm
 .text.SYS_RemoveAlarm
                0x8001bd00      0x10c C:/devkitPro/libogc/lib/wii\libogc.a(system.o)
                0x8001bd00                SYS_RemoveAlarm
 .text.SYS_CancelAlarm
                0x8001be0c       0xbc C:/devkitPro/libogc/lib/wii\libogc.a(system.o)
                0x8001be0c                SYS_CancelAlarm
 .text.SYS_GetWirelessID
                0x8001bec8       0x90 C:/devkitPro/libogc/lib/wii\libogc.a(system.o)
                0x8001bec8                SYS_GetWirelessID
 .text.SYS_SetWirelessID
                0x8001bf58       0x90 C:/devkitPro/libogc/lib/wii\libogc.a(system.o)
                0x8001bf58                SYS_SetWirelessID
 .text.SYS_SetGBSMode
                0x8001bfe8       0xa8 C:/devkitPro/libogc/lib/wii\libogc.a(system.o)
                0x8001bfe8                SYS_SetGBSMode
 .text.__sram_init
                0x8001c090      0x1b8 C:/devkitPro/libogc/lib/wii\libogc.a(system.o)
                0x8001c090                __sram_init
 .text.SYS_Init
                0x8001c248      0x5b4 C:/devkitPro/libogc/lib/wii\libogc.a(system.o)
                0x8001c248                SYS_Init
 .text.SYS_GetHollywoodRevision
                0x8001c7fc       0x3c C:/devkitPro/libogc/lib/wii\libogc.a(system.o)
                0x8001c7fc                SYS_GetHollywoodRevision
 .text.SYS_Time
                0x8001c838       0x78 C:/devkitPro/libogc/lib/wii\libogc.a(system.o)
                0x8001c838                SYS_Time
 .text.__lwp_cond_init
                0x8001c8b0       0x14 C:/devkitPro/libogc/lib/wii\libogc.a(cond.o)
                0x8001c8b0                __lwp_cond_init
 .text.__decrementer_init
                0x8001c8c4        0x4 C:/devkitPro/libogc/lib/wii\libogc.a(decrementer.o)
                0x8001c8c4                __decrementer_init
 .text.c_decrementer_handler
                0x8001c8c8        0xc C:/devkitPro/libogc/lib/wii\libogc.a(decrementer.o)
                0x8001c8c8                c_decrementer_handler
 .text.__lwp_mqbox_init
                0x8001c8d4       0x14 C:/devkitPro/libogc/lib/wii\libogc.a(message.o)
                0x8001c8d4                __lwp_mqbox_init
 .text.__si_transfer
                0x8001c8e8      0x194 C:/devkitPro/libogc/lib/wii\libogc.a(si.o)
 .text.__si_alarmhandler
                0x8001ca7c       0xdc C:/devkitPro/libogc/lib/wii\libogc.a(si.o)
 .text.__si_completetransfer
                0x8001cb58      0x1fc C:/devkitPro/libogc/lib/wii\libogc.a(si.o)
 .text.__si_transfernext
                0x8001cd54       0xe0 C:/devkitPro/libogc/lib/wii\libogc.a(si.o)
 .text.SI_Busy  0x8001ce34       0x18 C:/devkitPro/libogc/lib/wii\libogc.a(si.o)
                0x8001ce34                SI_Busy
 .text.SI_IsChanBusy
                0x8001ce4c       0x38 C:/devkitPro/libogc/lib/wii\libogc.a(si.o)
                0x8001ce4c                SI_IsChanBusy
 .text.SI_SetXY
                0x8001ce84       0x64 C:/devkitPro/libogc/lib/wii\libogc.a(si.o)
                0x8001ce84                SI_SetXY
 .text.SI_EnablePolling
                0x8001cee8       0x78 C:/devkitPro/libogc/lib/wii\libogc.a(si.o)
                0x8001cee8                SI_EnablePolling
 .text.SI_DisablePolling
                0x8001cf60       0x58 C:/devkitPro/libogc/lib/wii\libogc.a(si.o)
                0x8001cf60                SI_DisablePolling
 .text.SI_SetSamplingRate
                0x8001cfb8       0xd8 C:/devkitPro/libogc/lib/wii\libogc.a(si.o)
                0x8001cfb8                SI_SetSamplingRate
 .text.SI_RefreshSamplingRate
                0x8001d090        0x8 C:/devkitPro/libogc/lib/wii\libogc.a(si.o)
                0x8001d090                SI_RefreshSamplingRate
 .text.SI_GetStatus
                0x8001d098       0x78 C:/devkitPro/libogc/lib/wii\libogc.a(si.o)
                0x8001d098                SI_GetStatus
 .text.SI_GetResponseRaw
                0x8001d110       0xe8 C:/devkitPro/libogc/lib/wii\libogc.a(si.o)
                0x8001d110                SI_GetResponseRaw
 .text.SI_GetResponse
                0x8001d1f8       0xb8 C:/devkitPro/libogc/lib/wii\libogc.a(si.o)
                0x8001d1f8                SI_GetResponse
 .text.SI_SetCommand
                0x8001d2b0       0x10 C:/devkitPro/libogc/lib/wii\libogc.a(si.o)
                0x8001d2b0                SI_SetCommand
 .text.SI_Transfer
                0x8001d2c0      0x268 C:/devkitPro/libogc/lib/wii\libogc.a(si.o)
                0x8001d2c0                SI_Transfer
 .text.__si_gettypecallback
                0x8001d528      0x2c0 C:/devkitPro/libogc/lib/wii\libogc.a(si.o)
 .text.__si_interrupthandler
                0x8001d7e8      0x268 C:/devkitPro/libogc/lib/wii\libogc.a(si.o)
 .text.SI_GetType
                0x8001da50      0x214 C:/devkitPro/libogc/lib/wii\libogc.a(si.o)
                0x8001da50                SI_GetType
 .text.SI_GetTypeAsync
                0x8001dc64      0x138 C:/devkitPro/libogc/lib/wii\libogc.a(si.o)
                0x8001dc64                SI_GetTypeAsync
 .text.SI_EnablePollingInterrupt
                0x8001dd9c       0x8c C:/devkitPro/libogc/lib/wii\libogc.a(si.o)
                0x8001dd9c                SI_EnablePollingInterrupt
 .text.SI_UnregisterPollingHandler
                0x8001de28       0xe0 C:/devkitPro/libogc/lib/wii\libogc.a(si.o)
                0x8001de28                SI_UnregisterPollingHandler
 .text.__si_init
                0x8001df08       0xe0 C:/devkitPro/libogc/lib/wii\libogc.a(si.o)
                0x8001df08                __si_init
 .text.__ipc_sendrequest.part.0
                0x8001dfe8       0xdc C:/devkitPro/libogc/lib/wii\libogc.a(ipc.o)
 .text.__ipc_syncrequest
                0x8001e0c4       0xec C:/devkitPro/libogc/lib/wii\libogc.a(ipc.o)
 .text.__ioctlvfmtCB
                0x8001e1b0      0x158 C:/devkitPro/libogc/lib/wii\libogc.a(ipc.o)
 .text.__ios_ioctlvformat_parse
                0x8001e308      0x820 C:/devkitPro/libogc/lib/wii\libogc.a(ipc.o)
 .text.__ipc_asyncrequest
                0x8001eb28      0x148 C:/devkitPro/libogc/lib/wii\libogc.a(ipc.o)
 .text.__ipc_interrupthandler
                0x8001ec70      0x34c C:/devkitPro/libogc/lib/wii\libogc.a(ipc.o)
 .text.iosCreateHeap
                0x8001efbc      0x138 C:/devkitPro/libogc/lib/wii\libogc.a(ipc.o)
                0x8001efbc                iosCreateHeap
 .text.iosAlloc
                0x8001f0f4       0x30 C:/devkitPro/libogc/lib/wii\libogc.a(ipc.o)
                0x8001f0f4                iosAlloc
 .text.iosFree  0x8001f124       0x28 C:/devkitPro/libogc/lib/wii\libogc.a(ipc.o)
                0x8001f124                iosFree
 .text.__IPC_ClntInit
                0x8001f14c       0xc8 C:/devkitPro/libogc/lib/wii\libogc.a(ipc.o)
                0x8001f14c                __IPC_ClntInit
 .text.IOS_Open
                0x8001f214      0x110 C:/devkitPro/libogc/lib/wii\libogc.a(ipc.o)
                0x8001f214                IOS_Open
 .text.IOS_OpenAsync
                0x8001f324       0xf4 C:/devkitPro/libogc/lib/wii\libogc.a(ipc.o)
                0x8001f324                IOS_OpenAsync
 .text.IOS_Close
                0x8001f418       0xf0 C:/devkitPro/libogc/lib/wii\libogc.a(ipc.o)
                0x8001f418                IOS_Close
 .text.IOS_CloseAsync
                0x8001f508       0xb4 C:/devkitPro/libogc/lib/wii\libogc.a(ipc.o)
                0x8001f508                IOS_CloseAsync
 .text.IOS_Read
                0x8001f5bc      0x10c C:/devkitPro/libogc/lib/wii\libogc.a(ipc.o)
                0x8001f5bc                IOS_Read
 .text.IOS_Write
                0x8001f6c8      0x10c C:/devkitPro/libogc/lib/wii\libogc.a(ipc.o)
                0x8001f6c8                IOS_Write
 .text.IOS_Ioctl
                0x8001f7d4      0x158 C:/devkitPro/libogc/lib/wii\libogc.a(ipc.o)
                0x8001f7d4                IOS_Ioctl
 .text.IOS_IoctlAsync
                0x8001f92c      0x148 C:/devkitPro/libogc/lib/wii\libogc.a(ipc.o)
                0x8001f92c                IOS_IoctlAsync
 .text.IOS_Ioctlv
                0x8001fa74      0x1f0 C:/devkitPro/libogc/lib/wii\libogc.a(ipc.o)
                0x8001fa74                IOS_Ioctlv
 .text.IOS_IoctlvAsync
                0x8001fc64      0x1d4 C:/devkitPro/libogc/lib/wii\libogc.a(ipc.o)
                0x8001fc64                IOS_IoctlvAsync
 .text.IOS_IoctlvFormat
                0x8001fe38      0x16c C:/devkitPro/libogc/lib/wii\libogc.a(ipc.o)
                0x8001fe38                IOS_IoctlvFormat
 .text.IOS_IoctlvFormatAsync
                0x8001ffa4      0x194 C:/devkitPro/libogc/lib/wii\libogc.a(ipc.o)
                0x8001ffa4                IOS_IoctlvFormatAsync
 .text.IOS_IoctlvReboot
                0x80020138      0x1f4 C:/devkitPro/libogc/lib/wii\libogc.a(ipc.o)
                0x80020138                IOS_IoctlvReboot
 .text.gettick  0x8002032c        0x8 C:/devkitPro/libogc/lib/wii\libogc.a(timesupp.o)
                0x8002032c                gettick
 .text.gettime  0x80020334       0x18 C:/devkitPro/libogc/lib/wii\libogc.a(timesupp.o)
                0x80020334                gettime
 .text.settime  0x8002034c       0x14 C:/devkitPro/libogc/lib/wii\libogc.a(timesupp.o)
                0x8002034c                settime
 .text.diff_usec
                0x80020360       0x88 C:/devkitPro/libogc/lib/wii\libogc.a(timesupp.o)
                0x80020360                diff_usec
 .text.__timesystem_init
                0x800203e8       0x1c C:/devkitPro/libogc/lib/wii\libogc.a(timesupp.o)
                0x800203e8                __timesystem_init
 .text.udelay   0x80020404       0xac C:/devkitPro/libogc/lib/wii\libogc.a(timesupp.o)
                0x80020404                udelay
 .text.__libogc_nanosleep
                0x800204b0      0x144 C:/devkitPro/libogc/lib/wii\libogc.a(timesupp.o)
                0x800204b0                __libogc_nanosleep
 .text.__syscall_lock_init
                0x800205f4       0x6c C:/devkitPro/libogc/lib/wii\libogc.a(lock_supp.o)
                0x800205f4                __syscall_lock_init
 .text.__syscall_lock_init_recursive
                0x80020660       0x6c C:/devkitPro/libogc/lib/wii\libogc.a(lock_supp.o)
                0x80020660                __syscall_lock_init_recursive
 .text.__syscall_lock_close
                0x800206cc       0x68 C:/devkitPro/libogc/lib/wii\libogc.a(lock_supp.o)
                0x800206cc                __syscall_lock_close
 .text.__syscall_lock_acquire
                0x80020734       0x18 C:/devkitPro/libogc/lib/wii\libogc.a(lock_supp.o)
                0x80020734                __syscall_lock_acquire
 .text.__syscall_lock_release
                0x8002074c       0x18 C:/devkitPro/libogc/lib/wii\libogc.a(lock_supp.o)
                0x8002074c                __syscall_lock_release
 .text.__usbgecko_exi_unlock
                0x80020764       0x34 C:/devkitPro/libogc/lib/wii\libogc.a(usbgecko.o)
 .text.usb_isgeckoalive
                0x80020798      0x1bc C:/devkitPro/libogc/lib/wii\libogc.a(usbgecko.o)
                0x80020798                usb_isgeckoalive
 .text.usb_sendbuffer_ex
                0x80020954      0x214 C:/devkitPro/libogc/lib/wii\libogc.a(usbgecko.o)
                0x80020954                usb_sendbuffer_ex
 .text.usb_sendbuffer
                0x80020b68        0x8 C:/devkitPro/libogc/lib/wii\libogc.a(usbgecko.o)
                0x80020b68                usb_sendbuffer
 .text.usb_sendbuffer_safe_ex
                0x80020b70      0x2ac C:/devkitPro/libogc/lib/wii\libogc.a(usbgecko.o)
                0x80020b70                usb_sendbuffer_safe_ex
 .text.usb_sendbuffer_safe
                0x80020e1c        0x8 C:/devkitPro/libogc/lib/wii\libogc.a(usbgecko.o)
                0x80020e1c                usb_sendbuffer_safe
 .text._sbrk_r  0x80020e24      0x28c C:/devkitPro/libogc/lib/wii\libogc.a(sbrk.o)
                0x80020e24                _sbrk_r
 .text.__memlock_init
                0x800210b0       0x7c C:/devkitPro/libogc/lib/wii\libogc.a(malloc_lock.o)
                0x800210b0                __memlock_init
 .text.__libogc_malloc_lock
                0x8002112c      0x1fc C:/devkitPro/libogc/lib/wii\libogc.a(malloc_lock.o)
                0x8002112c                __libogc_malloc_lock
 .text.__libogc_malloc_unlock
                0x80021328       0x64 C:/devkitPro/libogc/lib/wii\libogc.a(malloc_lock.o)
                0x80021328                __libogc_malloc_unlock
 .text.__STM_SetEventHook
                0x8002138c       0xb0 C:/devkitPro/libogc/lib/wii\libogc.a(stm.o)
                0x8002138c                __STM_SetEventHook
 .text.__STM_Init
                0x8002143c       0x8c C:/devkitPro/libogc/lib/wii\libogc.a(stm.o)
                0x8002143c                __STM_Init
 .text.__STMEventHandler
                0x800214c8       0x64 C:/devkitPro/libogc/lib/wii\libogc.a(stm.o)
 .text.__STM_ReleaseEventHook
                0x8002152c       0x80 C:/devkitPro/libogc/lib/wii\libogc.a(stm.o)
                0x8002152c                __STM_ReleaseEventHook
 .text.__STM_Close
                0x800215ac       0xac C:/devkitPro/libogc/lib/wii\libogc.a(stm.o)
                0x800215ac                __STM_Close
 .text.STM_RegisterEventHandler
                0x80021658       0x10 C:/devkitPro/libogc/lib/wii\libogc.a(stm.o)
                0x80021658                STM_RegisterEventHandler
 .text.STM_ShutdownToStandby
                0x80021668       0x50 C:/devkitPro/libogc/lib/wii\libogc.a(stm.o)
                0x80021668                STM_ShutdownToStandby
 .text.STM_ShutdownToIdle
                0x800216b8       0x70 C:/devkitPro/libogc/lib/wii\libogc.a(stm.o)
                0x800216b8                STM_ShutdownToIdle
 .text.STM_SetLedMode
                0x80021728       0x40 C:/devkitPro/libogc/lib/wii\libogc.a(stm.o)
                0x80021728                STM_SetLedMode
 .text.STM_RebootSystem
                0x80021768       0x50 C:/devkitPro/libogc/lib/wii\libogc.a(stm.o)
                0x80021768                STM_RebootSystem
 .text.__IOS_InitializeSubsystems
                0x800217b8       0x44 C:/devkitPro/libogc/lib/wii\libogc.a(ios.o)
                0x800217b8                __IOS_InitializeSubsystems
 .text.__IOS_ShutdownSubsystems
                0x800217fc       0x44 C:/devkitPro/libogc/lib/wii\libogc.a(ios.o)
                0x800217fc                __IOS_ShutdownSubsystems
 .text.__IOS_LoadStartupIOS
                0x80021840        0x8 C:/devkitPro/libogc/lib/wii\libogc.a(ios.o)
                0x80021840                __IOS_LoadStartupIOS
 .text._ES_fstat_r
                0x80021848      0x120 C:/devkitPro/libogc/lib/wii\libogc.a(es.o)
 .text._ES_seek_r
                0x80021968       0xdc C:/devkitPro/libogc/lib/wii\libogc.a(es.o)
 .text._ES_close_r
                0x80021a44       0xac C:/devkitPro/libogc/lib/wii\libogc.a(es.o)
 .text.__ES_Init
                0x80021af0       0x78 C:/devkitPro/libogc/lib/wii\libogc.a(es.o)
                0x80021af0                __ES_Init
 .text.__ES_Close
                0x80021b68       0x54 C:/devkitPro/libogc/lib/wii\libogc.a(es.o)
                0x80021b68                __ES_Close
 .text.ES_GetTitleID
                0x80021bbc       0x94 C:/devkitPro/libogc/lib/wii\libogc.a(es.o)
                0x80021bbc                ES_GetTitleID
 .text.ES_LaunchTitle
                0x80021c50       0xa4 C:/devkitPro/libogc/lib/wii\libogc.a(es.o)
                0x80021c50                ES_LaunchTitle
 .text.ES_GetNumTicketViews
                0x80021cf4       0x98 C:/devkitPro/libogc/lib/wii\libogc.a(es.o)
                0x80021cf4                ES_GetNumTicketViews
 .text.ES_GetTicketViews
                0x80021d8c       0x8c C:/devkitPro/libogc/lib/wii\libogc.a(es.o)
                0x80021d8c                ES_GetTicketViews
 .text.ES_GetStoredTMD
                0x80021e18       0x90 C:/devkitPro/libogc/lib/wii\libogc.a(es.o)
                0x80021e18                ES_GetStoredTMD
 .text._ES_decodepath
                0x80021ea8      0x440 C:/devkitPro/libogc/lib/wii\libogc.a(es.o)
 .text._ES_stat_r
                0x800222e8       0xec C:/devkitPro/libogc/lib/wii\libogc.a(es.o)
 .text._ES_open_r
                0x800223d4      0x1d0 C:/devkitPro/libogc/lib/wii\libogc.a(es.o)
 .text.ES_ReadContent
                0x800225a4       0x6c C:/devkitPro/libogc/lib/wii\libogc.a(es.o)
                0x800225a4                ES_ReadContent
 .text._ES_read_r
                0x80022610      0x1a0 C:/devkitPro/libogc/lib/wii\libogc.a(es.o)
 .text.__usbv5_devicechangeCB
                0x800227b0      0x180 C:/devkitPro/libogc/lib/wii\libogc.a(usb.o)
 .text.__usbv5_attachfinishCB
                0x80022930       0xcc C:/devkitPro/libogc/lib/wii\libogc.a(usb.o)
 .text.__usbv5_messageCB
                0x800229fc       0x5c C:/devkitPro/libogc/lib/wii\libogc.a(usb.o)
 .text.__usb_control_message
                0x80022a58      0x458 C:/devkitPro/libogc/lib/wii\libogc.a(usb.o)
 .text.__usb_interrupt_bulk_message
                0x80022eb0      0x2c0 C:/devkitPro/libogc/lib/wii\libogc.a(usb.o)
 .text.__usbv0_messageCB
                0x80023170       0xa8 C:/devkitPro/libogc/lib/wii\libogc.a(usb.o)
 .text.USB_FreeDescriptors.part.0
                0x80023218       0xfc C:/devkitPro/libogc/lib/wii\libogc.a(usb.o)
 .text.USB_GetDescriptors.part.0
                0x80023314      0x708 C:/devkitPro/libogc/lib/wii\libogc.a(usb.o)
 .text.USBV5_SuspendResume
                0x80023a1c      0x138 C:/devkitPro/libogc/lib/wii\libogc.a(usb.o)
 .text.USBV5_GetDescriptors
                0x80023b54      0x524 C:/devkitPro/libogc/lib/wii\libogc.a(usb.o)
 .text.USB_Deinitialize
                0x80024078       0xc8 C:/devkitPro/libogc/lib/wii\libogc.a(usb.o)
                0x80024078                USB_Deinitialize
 .text.USB_Initialize
                0x80024140      0x2f8 C:/devkitPro/libogc/lib/wii\libogc.a(usb.o)
                0x80024140                USB_Initialize
 .text.USB_OpenDevice
                0x80024438      0x2b8 C:/devkitPro/libogc/lib/wii\libogc.a(usb.o)
                0x80024438                USB_OpenDevice
 .text.USBV5_CloseDevice
                0x800246f0      0x128 C:/devkitPro/libogc/lib/wii\libogc.a(usb.o)
                0x800246f0                USBV5_CloseDevice
 .text.USB_CloseDeviceAsync
                0x80024818       0xd0 C:/devkitPro/libogc/lib/wii\libogc.a(usb.o)
                0x80024818                USB_CloseDeviceAsync
 .text.USB_ReadIntrMsgAsync
                0x800248e8       0x28 C:/devkitPro/libogc/lib/wii\libogc.a(usb.o)
                0x800248e8                USB_ReadIntrMsgAsync
 .text.USB_ReadBlkMsgAsync
                0x80024910       0x28 C:/devkitPro/libogc/lib/wii\libogc.a(usb.o)
                0x80024910                USB_ReadBlkMsgAsync
 .text.USB_WriteBlkMsgAsync
                0x80024938       0x28 C:/devkitPro/libogc/lib/wii\libogc.a(usb.o)
                0x80024938                USB_WriteBlkMsgAsync
 .text.USB_WriteCtrlMsgAsync
                0x80024960        0x4 C:/devkitPro/libogc/lib/wii\libogc.a(usb.o)
                0x80024960                USB_WriteCtrlMsgAsync
 .text.inet_aton
                0x80024964      0x238 C:/devkitPro/libogc/lib/wii\libogc.a(network_common.o)
                0x80024964                inet_aton
 .text.inet_ntoa
                0x80024b9c       0xfc C:/devkitPro/libogc/lib/wii\libogc.a(network_common.o)
                0x80024b9c                inet_ntoa
 .text.__CheckARGV
                0x80024c98       0x80 C:/devkitPro/libogc/lib/wii\libogc.a(argv.o)
                0x80024c98                __CheckARGV
 .text.NetCreateHeap
                0x80024d18       0xf8 C:/devkitPro/libogc/lib/wii\libogc.a(network_wii.o)
 .text.net_init_callback
                0x80024e10        0xc C:/devkitPro/libogc/lib/wii\libogc.a(network_wii.o)
 .text.net_init_chain
                0x80024e1c      0x67c C:/devkitPro/libogc/lib/wii\libogc.a(network_wii.o)
 .text.net_init_alarm
                0x80025498        0x8 C:/devkitPro/libogc/lib/wii\libogc.a(network_wii.o)
 .text.net_init_async
                0x800254a0      0x12c C:/devkitPro/libogc/lib/wii\libogc.a(network_wii.o)
                0x800254a0                net_init_async
 .text.net_init
                0x800255cc       0x5c C:/devkitPro/libogc/lib/wii\libogc.a(network_wii.o)
                0x800255cc                net_init
 .text.net_wc24cleanup
                0x80025628       0x64 C:/devkitPro/libogc/lib/wii\libogc.a(network_wii.o)
                0x80025628                net_wc24cleanup
 .text.net_connect
                0x8002568c      0x124 C:/devkitPro/libogc/lib/wii\libogc.a(network_wii.o)
                0x8002568c                net_connect
 .text.net_sendto
                0x800257b0      0x2c4 C:/devkitPro/libogc/lib/wii\libogc.a(network_wii.o)
                0x800257b0                net_sendto
 .text.net_write
                0x80025a74       0x10 C:/devkitPro/libogc/lib/wii\libogc.a(network_wii.o)
                0x80025a74                net_write
 .text.net_recvfrom
                0x80025a84      0x290 C:/devkitPro/libogc/lib/wii\libogc.a(network_wii.o)
                0x80025a84                net_recvfrom
 .text.net_read
                0x80025d14       0x10 C:/devkitPro/libogc/lib/wii\libogc.a(network_wii.o)
                0x80025d14                net_read
 .text.net_close
                0x80025d24       0xa0 C:/devkitPro/libogc/lib/wii\libogc.a(network_wii.o)
                0x80025d24                net_close
 .text.net_setsockopt
                0x80025dc4      0x14c C:/devkitPro/libogc/lib/wii\libogc.a(network_wii.o)
                0x80025dc4                net_setsockopt
 .text.net_socket
                0x80025f10      0x100 C:/devkitPro/libogc/lib/wii\libogc.a(network_wii.o)
                0x80025f10                net_socket
 .text.if_configex
                0x80026010      0x360 C:/devkitPro/libogc/lib/wii\libogc.a(network_wii.o)
                0x80026010                if_configex
 .text.if_config
                0x80026370      0x138 C:/devkitPro/libogc/lib/wii\libogc.a(network_wii.o)
                0x80026370                if_config
 .text.CONF_Init
                0x800264a8      0x180 C:/devkitPro/libogc/lib/wii\libogc.a(conf.o)
                0x800264a8                CONF_Init
 .text.__CONF_GetTxt
                0x80026628      0x208 C:/devkitPro/libogc/lib/wii\libogc.a(conf.o)
                0x80026628                __CONF_GetTxt
 .text.__CONF_Find
                0x80026830       0xfc C:/devkitPro/libogc/lib/wii\libogc.a(conf.o)
                0x80026830                __CONF_Find
 .text.CONF_GetLength
                0x8002692c      0x12c C:/devkitPro/libogc/lib/wii\libogc.a(conf.o)
                0x8002692c                CONF_GetLength
 .text.CONF_Get
                0x80026a58      0x140 C:/devkitPro/libogc/lib/wii\libogc.a(conf.o)
                0x80026a58                CONF_Get
 .text.CONF_GetShutdownMode
                0x80026b98       0x54 C:/devkitPro/libogc/lib/wii\libogc.a(conf.o)
                0x80026b98                CONF_GetShutdownMode
 .text.CONF_GetIdleLedMode
                0x80026bec       0x54 C:/devkitPro/libogc/lib/wii\libogc.a(conf.o)
                0x80026bec                CONF_GetIdleLedMode
 .text.CONF_GetProgressiveScan
                0x80026c40       0x54 C:/devkitPro/libogc/lib/wii\libogc.a(conf.o)
                0x80026c40                CONF_GetProgressiveScan
 .text.CONF_GetEuRGB60
                0x80026c94       0x54 C:/devkitPro/libogc/lib/wii\libogc.a(conf.o)
                0x80026c94                CONF_GetEuRGB60
 .text.CONF_GetIRSensitivity
                0x80026ce8       0x54 C:/devkitPro/libogc/lib/wii\libogc.a(conf.o)
                0x80026ce8                CONF_GetIRSensitivity
 .text.CONF_GetSensorBarPosition
                0x80026d3c       0x54 C:/devkitPro/libogc/lib/wii\libogc.a(conf.o)
                0x80026d3c                CONF_GetSensorBarPosition
 .text.CONF_GetCounterBias
                0x80026d90       0x4c C:/devkitPro/libogc/lib/wii\libogc.a(conf.o)
                0x80026d90                CONF_GetCounterBias
 .text.CONF_GetDisplayOffsetH
                0x80026ddc       0x4c C:/devkitPro/libogc/lib/wii\libogc.a(conf.o)
                0x80026ddc                CONF_GetDisplayOffsetH
 .text.CONF_GetPadDevices
                0x80026e28       0x4c C:/devkitPro/libogc/lib/wii\libogc.a(conf.o)
                0x80026e28                CONF_GetPadDevices
 .text.CONF_GetVideo
                0x80026e74       0x88 C:/devkitPro/libogc/lib/wii\libogc.a(conf.o)
                0x80026e74                CONF_GetVideo
 .text.__WII_WriteNANDBootInfo.isra.0
                0x80026efc       0xbc C:/devkitPro/libogc/lib/wii\libogc.a(wiilaunch.o)
 .text.__WII_WriteStateFlags.isra.0
                0x80026fb8       0x94 C:/devkitPro/libogc/lib/wii\libogc.a(wiilaunch.o)
 .text.WII_Initialize
                0x8002704c      0x188 C:/devkitPro/libogc/lib/wii\libogc.a(wiilaunch.o)
                0x8002704c                WII_Initialize
 .text.WII_LaunchTitle
                0x800271d4      0x1ac C:/devkitPro/libogc/lib/wii\libogc.a(wiilaunch.o)
                0x800271d4                WII_LaunchTitle
 .text.WII_ReturnToMenu
                0x80027380       0x58 C:/devkitPro/libogc/lib/wii\libogc.a(wiilaunch.o)
                0x80027380                WII_ReturnToMenu
 .text.__lwp_priority_init
                0x800273d8       0x1c C:/devkitPro/libogc/lib/wii\libogc.a(lwp_priority.o)
                0x800273d8                __lwp_priority_init
 .text.__lwp_threadqueue_enqueuefifo
                0x800273f4      0x12c C:/devkitPro/libogc/lib/wii\libogc.a(lwp_threadq.o)
                0x800273f4                __lwp_threadqueue_enqueuefifo
 .text.__lwp_threadqueue_dequeuefifo
                0x80027520      0x140 C:/devkitPro/libogc/lib/wii\libogc.a(lwp_threadq.o)
                0x80027520                __lwp_threadqueue_dequeuefifo
 .text.__lwp_threadqueue_enqueuepriority
                0x80027660      0x338 C:/devkitPro/libogc/lib/wii\libogc.a(lwp_threadq.o)
                0x80027660                __lwp_threadqueue_enqueuepriority
 .text.__lwp_threadqueue_dequeuepriority
                0x80027998      0x1d8 C:/devkitPro/libogc/lib/wii\libogc.a(lwp_threadq.o)
                0x80027998                __lwp_threadqueue_dequeuepriority
 .text.__lwp_threadqueue_init
                0x80027b70       0x64 C:/devkitPro/libogc/lib/wii\libogc.a(lwp_threadq.o)
                0x80027b70                __lwp_threadqueue_init
 .text.__lwp_threadqueue_enqueue
                0x80027bd4      0x138 C:/devkitPro/libogc/lib/wii\libogc.a(lwp_threadq.o)
                0x80027bd4                __lwp_threadqueue_enqueue
 .text.__lwp_threadqueue_dequeue
                0x80027d0c       0x24 C:/devkitPro/libogc/lib/wii\libogc.a(lwp_threadq.o)
                0x80027d0c                __lwp_threadqueue_dequeue
 .text.__lwp_threadqueue_flush
                0x80027d30       0x68 C:/devkitPro/libogc/lib/wii\libogc.a(lwp_threadq.o)
                0x80027d30                __lwp_threadqueue_flush
 .text.__lwp_threadqueue_extractfifo
                0x80027d98       0xe8 C:/devkitPro/libogc/lib/wii\libogc.a(lwp_threadq.o)
                0x80027d98                __lwp_threadqueue_extractfifo
 .text.__lwp_threadqueue_extractpriority
                0x80027e80      0x148 C:/devkitPro/libogc/lib/wii\libogc.a(lwp_threadq.o)
                0x80027e80                __lwp_threadqueue_extractpriority
 .text.__lwp_threadqueue_timeout
                0x80027fc8       0xd0 C:/devkitPro/libogc/lib/wii\libogc.a(lwp_threadq.o)
 .text.__lwp_threadqueue_extractproxy
                0x80028098       0x64 C:/devkitPro/libogc/lib/wii\libogc.a(lwp_threadq.o)
                0x80028098                __lwp_threadqueue_extractproxy
 .text.__lwp_mutex_initialize
                0x800280fc       0xa4 C:/devkitPro/libogc/lib/wii\libogc.a(lwp_mutex.o)
                0x800280fc                __lwp_mutex_initialize
 .text.__lwp_mutex_surrender
                0x800281a0      0x14c C:/devkitPro/libogc/lib/wii\libogc.a(lwp_mutex.o)
                0x800281a0                __lwp_mutex_surrender
 .text.__lwp_mutex_seize_irq_blocking
                0x800282ec       0xf8 C:/devkitPro/libogc/lib/wii\libogc.a(lwp_mutex.o)
                0x800282ec                __lwp_mutex_seize_irq_blocking
 .text.__lwp_mutex_flush
                0x800283e4        0x4 C:/devkitPro/libogc/lib/wii\libogc.a(lwp_mutex.o)
                0x800283e4                __lwp_mutex_flush
 .text.__systemcall_init
                0x800283e8       0x6c C:/devkitPro/libogc/lib/wii\libogc.a(exception.o)
                0x800283e8                __systemcall_init
 .text.__exception_init
                0x80028454      0x120 C:/devkitPro/libogc/lib/wii\libogc.a(exception.o)
                0x80028454                __exception_init
 .text.__exception_close
                0x80028574       0xac C:/devkitPro/libogc/lib/wii\libogc.a(exception.o)
                0x80028574                __exception_close
 .text.__exception_closeall
                0x80028620       0x80 C:/devkitPro/libogc/lib/wii\libogc.a(exception.o)
                0x80028620                __exception_closeall
 .text.c_default_exceptionhandler
                0x800286a0      0x474 C:/devkitPro/libogc/lib/wii\libogc.a(exception.o)
                0x800286a0                c_default_exceptionhandler
 .text.__lwp_sema_init
                0x80028b14       0x14 C:/devkitPro/libogc/lib/wii\libogc.a(semaphore.o)
                0x80028b14                __lwp_sema_init
 .text.SPEC1_MakeStatus
                0x80028b28      0x104 C:/devkitPro/libogc/lib/wii\libogc.a(pad.o)
 .text.__pad_samplinghandler
                0x80028c2c        0x4 C:/devkitPro/libogc/lib/wii\libogc.a(pad.o)
 .text.__pad_doreset
                0x80028c30       0x50 C:/devkitPro/libogc/lib/wii\libogc.a(pad.o)
 .text.__pad_updateorigin
                0x80028c80       0xa4 C:/devkitPro/libogc/lib/wii\libogc.a(pad.o)
 .text.__pad_disable
                0x80028d24       0xbc C:/devkitPro/libogc/lib/wii\libogc.a(pad.o)
 .text.__pad_receivecheckcallback
                0x80028de0       0x84 C:/devkitPro/libogc/lib/wii\libogc.a(pad.o)
 .text.__pad_typeandstatuscallback
                0x80028e64      0x1ac C:/devkitPro/libogc/lib/wii\libogc.a(pad.o)
 .text.__pad_originupdatecallback
                0x80029010       0x2c C:/devkitPro/libogc/lib/wii\libogc.a(pad.o)
 .text.SPEC2_MakeStatus
                0x8002903c      0x214 C:/devkitPro/libogc/lib/wii\libogc.a(pad.o)
 .text.__pad_onreset
                0x80029250      0x108 C:/devkitPro/libogc/lib/wii\libogc.a(pad.o)
 .text.__pad_origincallback
                0x80029358       0x74 C:/devkitPro/libogc/lib/wii\libogc.a(pad.o)
 .text.__pad_probecallback
                0x800293cc       0x88 C:/devkitPro/libogc/lib/wii\libogc.a(pad.o)
 .text.__PADDisableRecalibration
                0x80029454       0x60 C:/devkitPro/libogc/lib/wii\libogc.a(pad.o)
                0x80029454                __PADDisableRecalibration
 .text.PAD_Reset
                0x800294b4       0xf0 C:/devkitPro/libogc/lib/wii\libogc.a(pad.o)
                0x800294b4                PAD_Reset
 .text.PAD_Read
                0x800295a4      0x2d4 C:/devkitPro/libogc/lib/wii\libogc.a(pad.o)
                0x800295a4                PAD_Read
 .text.PAD_Init
                0x80029878      0x100 C:/devkitPro/libogc/lib/wii\libogc.a(pad.o)
                0x80029878                PAD_Init
 .text.PAD_ScanPads
                0x80029978      0x14c C:/devkitPro/libogc/lib/wii\libogc.a(pad.o)
                0x80029978                PAD_ScanPads
 .text.PAD_ButtonsDown
                0x80029ac4       0x40 C:/devkitPro/libogc/lib/wii\libogc.a(pad.o)
                0x80029ac4                PAD_ButtonsDown
 .text.__exi_irq_handler
                0x80029b04       0x58 C:/devkitPro/libogc/lib/wii\libogc.a(exi.o)
 .text.__ext_irq_handler
                0x80029b5c       0xc8 C:/devkitPro/libogc/lib/wii\libogc.a(exi.o)
 .text.__tc_irq_handler
                0x80029c24      0x178 C:/devkitPro/libogc/lib/wii\libogc.a(exi.o)
 .text.__exi_probe
                0x80029d9c      0x214 C:/devkitPro/libogc/lib/wii\libogc.a(exi.o)
 .text.__exi_attach
                0x80029fb0      0x104 C:/devkitPro/libogc/lib/wii\libogc.a(exi.o)
 .text.EXI_Lock
                0x8002a0b4      0x218 C:/devkitPro/libogc/lib/wii\libogc.a(exi.o)
                0x8002a0b4                EXI_Lock
 .text.EXI_Unlock
                0x8002a2cc      0x224 C:/devkitPro/libogc/lib/wii\libogc.a(exi.o)
                0x8002a2cc                EXI_Unlock
 .text.EXI_Select
                0x8002a4f0      0x21c C:/devkitPro/libogc/lib/wii\libogc.a(exi.o)
                0x8002a4f0                EXI_Select
 .text.EXI_Deselect
                0x8002a70c      0x174 C:/devkitPro/libogc/lib/wii\libogc.a(exi.o)
                0x8002a70c                EXI_Deselect
 .text.EXI_Sync
                0x8002a880      0x108 C:/devkitPro/libogc/lib/wii\libogc.a(exi.o)
                0x8002a880                EXI_Sync
 .text.EXI_Imm  0x8002a988      0x1f8 C:/devkitPro/libogc/lib/wii\libogc.a(exi.o)
                0x8002a988                EXI_Imm
 .text.EXI_ImmEx
                0x8002ab80       0xd0 C:/devkitPro/libogc/lib/wii\libogc.a(exi.o)
                0x8002ab80                EXI_ImmEx
 .text.EXI_Dma  0x8002ac50      0x16c C:/devkitPro/libogc/lib/wii\libogc.a(exi.o)
                0x8002ac50                EXI_Dma
 .text.EXI_Detach
                0x8002adbc       0xac C:/devkitPro/libogc/lib/wii\libogc.a(exi.o)
                0x8002adbc                EXI_Detach
 .text.EXI_GetID
                0x8002ae68      0x354 C:/devkitPro/libogc/lib/wii\libogc.a(exi.o)
                0x8002ae68                EXI_GetID
 .text.__unlocked_handler
                0x8002b1bc       0x28 C:/devkitPro/libogc/lib/wii\libogc.a(exi.o)
 .text.EXI_ProbeReset
                0x8002b1e4       0x70 C:/devkitPro/libogc/lib/wii\libogc.a(exi.o)
                0x8002b1e4                EXI_ProbeReset
 .text.__exi_init
                0x8002b254      0x178 C:/devkitPro/libogc/lib/wii\libogc.a(exi.o)
                0x8002b254                __exi_init
 .text.__lwp_mutex_locksupp.constprop.0
                0x8002b3cc      0x2a8 C:/devkitPro/libogc/lib/wii\libogc.a(mutex.o)
 .text.__lwp_mutex_init
                0x8002b674       0x14 C:/devkitPro/libogc/lib/wii\libogc.a(mutex.o)
                0x8002b674                __lwp_mutex_init
 .text.LWP_MutexInit
                0x8002b688       0xf8 C:/devkitPro/libogc/lib/wii\libogc.a(mutex.o)
                0x8002b688                LWP_MutexInit
 .text.LWP_MutexDestroy
                0x8002b780      0x104 C:/devkitPro/libogc/lib/wii\libogc.a(mutex.o)