Archive member included to satisfy reference by file (symbol)

C:/devkitPro/libogc/lib/wii\libwiiuse.a(wpad.o)
                              template.o (WPAD_SetDataFormat)
C:/devkitPro/libogc/lib/wii\libwiiuse.a(motion_plus.o)
                              C:/devkitPro/libogc/lib/wii\libwiiuse.a(wpad.o) (wiiuse_set_motion_plus)
C:/devkitPro/libogc/lib/wii\libwiiuse.a(dynamics.o)
                              C:/devkitPro/libogc/lib/wii\libwiiuse.a(wpad.o) (calculate_gforce)
C:/devkitPro/libogc/lib/wii\libwiiuse.a(io.o)
                              C:/devkitPro/libogc/lib/wii\libwiiuse.a(motion_plus.o) (wiiuse_disable_expansion)
C:/devkitPro/libogc/lib/wii\libwiiuse.a(io_wii.o)
                              C:/devkitPro/libogc/lib/wii\libwiiuse.a(wpad.o) (__wiiuse_sensorbar_enable)
C:/devkitPro/libogc/lib/wii\libwiiuse.a(ir.o)
                              C:/devkitPro/libogc/lib/wii\libwiiuse.a(motion_plus.o) (wiiuse_set_ir_mode)
C:/devkitPro/libogc/lib/wii\libwiiuse.a(nunchuk.o)
                              C:/devkitPro/libogc/lib/wii\libwiiuse.a(io.o) (nunchuk_handshake)
C:/devkitPro/libogc/lib/wii\libwiiuse.a(wiiboard.o)
                              C:/devkitPro/libogc/lib/wii\libwiiuse.a(io.o) (wii_board_handshake)
C:/devkitPro/libogc/lib/wii\libwiiuse.a(wiiuse.o)
                              C:/devkitPro/libogc/lib/wii\libwiiuse.a(wpad.o) (wiiuse_init)
C:/devkitPro/libogc/lib/wii\libwiiuse.a(speaker.o)
                              C:/devkitPro/libogc/lib/wii\libwiiuse.a(wpad.o) (wencdata)
C:/devkitPro/libogc/lib/wii\libwiiuse.a(classic.o)
                              C:/devkitPro/libogc/lib/wii\libwiiuse.a(io.o) (classic_ctrl_handshake)
C:/devkitPro/libogc/lib/wii\libwiiuse.a(events.o)
                              C:/devkitPro/libogc/lib/wii\libwiiuse.a(io_wii.o) (parse_event)
C:/devkitPro/libogc/lib/wii\libwiiuse.a(guitar_hero_3.o)
                              C:/devkitPro/libogc/lib/wii\libwiiuse.a(io.o) (guitar_hero_3_handshake)
C:/devkitPro/libogc/lib/wii\libbte.a(bte.o)
                              C:/devkitPro/libogc/lib/wii\libwiiuse.a(wpad.o) (BTE_Init)
C:/devkitPro/libogc/lib/wii\libbte.a(hci.o)
                              C:/devkitPro/libogc/lib/wii\libbte.a(bte.o) (hci_init)
C:/devkitPro/libogc/lib/wii\libbte.a(l2cap.o)
                              C:/devkitPro/libogc/lib/wii\libbte.a(bte.o) (l2cap_init)
C:/devkitPro/libogc/lib/wii\libbte.a(btmemb.o)
                              C:/devkitPro/libogc/lib/wii\libbte.a(bte.o) (btmemb_init)
C:/devkitPro/libogc/lib/wii\libbte.a(btmemr.o)
                              C:/devkitPro/libogc/lib/wii\libbte.a(hci.o) (btmemr_init)
C:/devkitPro/libogc/lib/wii\libbte.a(btpbuf.o)
                              C:/devkitPro/libogc/lib/wii\libbte.a(hci.o) (btpbuf_init)
C:/devkitPro/libogc/lib/wii\libbte.a(physbusif.o)
                              C:/devkitPro/libogc/lib/wii\libbte.a(bte.o) (physbusif_init)
C:/devkitPro/libogc/lib/wii\libogc.a(console.o)
                              template.o (CON_Init)
C:/devkitPro/libogc/lib/wii\libogc.a(lwp_queue.o)
                              C:/devkitPro/libogc/lib/wii\libwiiuse.a(io_wii.o) (__lwp_queue_initialize)
C:/devkitPro/libogc/lib/wii\libogc.a(lwp_threads.o)
                              C:/devkitPro/libogc/lib/wii\libwiiuse.a(wpad.o) (_thread_dispatch_disable_level)
C:/devkitPro/libogc/lib/wii\libogc.a(lwp.o)
                              C:/devkitPro/libogc/lib/wii\libbte.a(bte.o) (LWP_InitQueue)
C:/devkitPro/libogc/lib/wii\libogc.a(lwp_handler.o)
                              C:/devkitPro/libogc/lib/wii\libogc.a(lwp_threads.o) (_cpu_context_save_fp)
C:/devkitPro/libogc/lib/wii\libogc.a(lwp_stack.o)
                              C:/devkitPro/libogc/lib/wii\libogc.a(lwp_threads.o) (__lwp_stack_allocate)
C:/devkitPro/libogc/lib/wii\libogc.a(lwp_watchdog.o)
                              C:/devkitPro/libogc/lib/wii\libogc.a(lwp_threads.o) (_wd_ticks_queue)
C:/devkitPro/libogc/lib/wii\libogc.a(lwp_wkspace.o)
                              C:/devkitPro/libogc/lib/wii\libwiiuse.a(motion_plus.o) (__wkspace_heap)
C:/devkitPro/libogc/lib/wii\libogc.a(lwp_objmgr.o)
                              C:/devkitPro/libogc/lib/wii\libogc.a(lwp.o) (__lwp_objmgr_initinfo)
C:/devkitPro/libogc/lib/wii\libogc.a(lwp_heap.o)
                              C:/devkitPro/libogc/lib/wii\libogc.a(lwp_wkspace.o) (__lwp_heap_init)
C:/devkitPro/libogc/lib/wii\libogc.a(sys_state.o)
                              C:/devkitPro/libogc/lib/wii\libogc.a(lwp_threads.o) (_sys_state_curr)
C:/devkitPro/libogc/lib/wii\libogc.a(irq.o)
                              C:/devkitPro/libogc/lib/wii\libwiiuse.a(io_wii.o) (IRQ_Disable)
C:/devkitPro/libogc/lib/wii\libogc.a(video.o)
                              C:/devkitPro/libogc/lib/wii\libogc.a(console.o) (VIDEO_GetCurrentFramebuffer)
C:/devkitPro/libogc/lib/wii\libogc.a(system.o)
                              C:/devkitPro/libogc/lib/wii\libwiiuse.a(wpad.o) (__SYS_DoPowerCB)
[...]
Memory Configuration

Name             Origin             Length             Attributes
*default*        0x00000000         0xffffffff

Linker script and memory map

                0x00003400                        . = 0x3400

.stub
 *(.stub)
                0x80004000                        . = 0x80004000

.init           0x80004000      0x194
 *crt0.o(*.init)
 .init          0x80004000      0x170 C:/devkitPro/libogc/lib/wii\libogc.a(ogc_crt0.o)
                0x80004000                _start
                0x80004140                _memset
 *(.init)
 .init          0x80004170        0xc C:/devkitPro/devkitPPC/bin/../lib/gcc/powerpc-eabi/14.2.0/ecrti.o
                0x80004170                __init
 .init          0x8000417c        0x4 C:/devkitPro/devkitPPC/bin/../lib/gcc/powerpc-eabi/14.2.0/crtbegin.o
 .init          0x80004180        0x4 C:/devkitPro/devkitPPC/bin/../lib/gcc/powerpc-eabi/14.2.0/crtend.o
 .init          0x80004184       0x10 C:/devkitPro/devkitPPC/bin/../lib/gcc/powerpc-eabi/14.2.0/ecrtn.o

.rela.dyn       0x80004194        0x0
 .rela.iplt     0x80004194        0x0 C:/devkitPro/devkitPPC/bin/../lib/gcc/powerpc-eabi/14.2.0/crtbegin.o

.plt
 *(.plt)

.interp
 *(.interp)

.hash
 *(.hash)

.dynsym
 *(.dynsym)

.dynstr
 *(.dynstr)

.gnu.version
 *(.gnu.version)

.gnu.version_d
 *(.gnu.version_d)

.gnu.version_r
 *(.gnu.version_r)

.rel.init
 *(.rel.init)

.rela.init
 *(.rela.init)

.rel.text
 *(.rel.text .rel.text.* .rel.gnu.linkonce.t.*)

.rela.text      0x80004194        0x0
 *(.rela.text .rela.text.* .rela.gnu.linkonce.t.*)
 .rela.text.__do_global_dtors_aux
                0x80004194        0x0 C:/devkitPro/devkitPPC/bin/../lib/gcc/powerpc-eabi/14.2.0/crtbegin.o
 .rela.text.frame_dummy
                0x80004194        0x0 C:/devkitPro/devkitPPC/bin/../lib/gcc/powerpc-eabi/14.2.0/crtbegin.o
 .rela.text.unlikely.abort
                0x80004194        0x0 C:/devkitPro/devkitPPC/bin/../lib/gcc/powerpc-eabi/14.2.0/crtbegin.o
 .rela.text.__assert_func
                0x80004194        0x0 C:/devkitPro/devkitPPC/bin/../lib/gcc/powerpc-eabi/14.2.0/crtbegin.o

.rel.fini
 *(.rel.fini)

.rela.fini
 *(.rela.fini)

.rel.rodata
 *(.rel.rodata .rel.rodata.* .rel.gnu.linkonce.r.*)

.rela.rodata
 *(.rela.rodata .rela.rodata.* .rela.gnu.linkonce.r.*)

.rel.data
 *(.rel.data .rel.data.* .rel.gnu.linkonce.d.*)

.rela.data
 *(.rela.data .rela.data.* .rela.gnu.linkonce.d.*)

.rel.tdata
 *(.rel.tdata .rel.tdata.* .rel.gnu.linkonce.td.*)

.rela.tdata
 *(.rela.tdata .rela.tdata.* .rela.gnu.linkonce.td.*)

.rel.tbss
 *(.rel.tbss .rel.tbss.* .rel.gnu.linkonce.tb.*)

.rela.tbss
 *(.rela.tbss .rela.tbss.* .rela.gnu.linkonce.tb.*)

.rel.ctors
 *(.rel.ctors)

.rela.ctors
 *(.rela.ctors)

.rel.dtors
 *(.rel.dtors)

.rela.dtors
 *(.rela.dtors)

.rel.got
 *(.rel.got)

.rela.got
 *(.rela.got)

.rela.got1
 *(.rela.got1)

.rela.got2
 *(.rela.got2)

.rel.sdata
 *(.rel.sdata .rel.sdata.* .rel.gnu.linkonce.s.*)

.rela.sdata
 *(.rela.sdata .rela.sdata.* .rela.gnu.linkonce.s.*)

.rel.sbss
 *(.rel.sbss .rel.sbss.* .rel.gnu.linkonce.sb.*)

.rela.sbss
 *(.rela.sbss .rela.sbss.* .rel.gnu.linkonce.sb.*)

.rel.sdata2
 *(.rel.sdata2 .rel.sdata2.* .rel.gnu.linkonce.s2.*)

.rela.sdata2
 *(.rela.sdata2 .rela.sdata2.* .rela.gnu.linkonce.s2.*)

.rel.sbss2
 *(.rel.sbss2 .rel.sbss2.* .rel.gnu.linkonce.sb2.*)

.rela.sbss2
 *(.rela.sbss2 .rela.sbss2.* .rela.gnu.linkonce.sb2.*)

.rel.bss
 *(.rel.bss .rel.bss.* .rel.gnu.linkonce.b.*)

.rela.bss
 *(.rela.bss .rela.bss.* .rela.gnu.linkonce.b.*)

.rel.plt
 *(.rel.plt)

.rela.plt
 *(.rela.plt)

.text           0x800041a0    0x4ce40
 *(.text)
 .text          0x800041a0      0x44c C:/devkitPro/libogc/lib/wii\libogc.a(lwp_handler.o)
                0x800041a0                _cpu_context_save_fp
                0x800042e0                _cpu_context_restore_fp
                0x80004420                _cpu_context_switch
                0x80004500                _cpu_context_save
                0x80004580                _cpu_context_restore
 .text          0x800045ec      0x4a0 C:/devkitPro/libogc/lib/wii\libogc.a(system_asm.o)
                0x800045ec                __realmode
                0x80004604                __configBATS
                0x80004734                __InitFPRS
                0x80004860                __InitPS
                0x800048bc                __InitCache
                0x80004914                __InitSystem
                0x8000499c                __flush_cache
                0x800049d0                __reset
                0x80004a40                __InitBATS
                0x80004a5c                SYS_SwitchFiber
 .text          0x80004a8c      0x1ac C:/devkitPro/libogc/lib/wii\libogc.a(irq_handler.o)
                0x80004a8c                irq_exceptionhandler
 .text          0x80004c38      0x4f4 C:/devkitPro/libogc/lib/wii\libogc.a(cache_asm.o)
                0x80004c38                DCFlashInvalidate
                0x80004c4c                DCEnable
                0x80004c60                DCDisable
                0x80004c74                DCFreeze
                0x80004c88                DCUnfreeze
                0x80004c9c                DCTouchLoad
                0x80004ca4                DCBlockZero
                0x80004cac                DCBlockStore
                0x80004cb4                DCBlockFlush
                0x80004cbc                DCBlockInvalidate
                0x80004cc4                DCInvalidateRange
                0x80004cf4                DCFlushRange
                0x80004d28                DCStoreRange
                0x80004d5c                DCFlushRangeNoSync
                0x80004d8c                DCStoreRangeNoSync
                0x80004dbc                DCZeroRange
                0x80004dec                DCTouchRange
                0x80004e1c                ICInvalidateRange
                0x80004e54                ICFlashInvalidate
                0x80004e68                ICEnable
                0x80004e7c                ICDisable
                0x80004e90                ICFreeze
                0x80004ea4                ICUnfreeze
                0x80004eb8                ICBlockInvalidate
                0x80004ec0                ICSync
                0x80004ec8                L2Init
                0x80004f10                L2Enable
                0x80004f2c                L2Disable
                0x80004f44                L2GlobalInvalidate
                0x80004f9c                __LCEnable
                0x80005068                LCDisable
                0x80005090                LCAllocOneTag
                0x800050a4                LCAllocTags
                0x800050e4                LCLoadBlocks
                0x80005108                LCStoreBlocks
 .text          0x8000512c      0x1ac C:/devkitPro/libogc/lib/wii\libogc.a(decrementer_handler.o)
                0x8000512c                dec_exceptionhandler
 .text          0x800052d8      0x35c C:/devkitPro/libogc/lib/wii\libogc.a(exception_handler.o)
                0x800052d8                exceptionhandler_start
                0x80005354                exceptionhandler_patch
                0x80005388                exceptionhandler_end
                0x8000538c                default_exceptionhandler
                0x800054bc                fpu_exceptionhandler
                0x80005604                systemcallhandler_start
                0x80005630                systemcallhandler_end
 .text          0x80005634       0x48 C:/devkitPro/devkitPPC/bin/../lib/gcc/powerpc-eabi/14.2.0\libgcc.a(eabi.o)
                0x80005634                __eabi
 .text          0x8000567c       0x58 C:/devkitPro/devkitPPC/bin/../lib/gcc/powerpc-eabi/14.2.0\libgcc.a(crtresxfpr.o)
                0x8000567c                _restfpr_14_x
                0x80005680                _restfpr_15_x
                0x80005684                _restfpr_16_x
                0x80005688                _restfpr_17_x
                0x8000568c                _restfpr_18_x
                0x80005690                _restfpr_19_x
                0x80005694                _restfpr_20_x
                0x80005698                _restfpr_21_x
                0x8000569c                _restfpr_22_x
                0x800056a0                _restfpr_23_x
                0x800056a4                _restfpr_24_x
                0x800056a8                _restfpr_25_x
                0x800056ac                _restfpr_26_x
                0x800056b0                _restfpr_27_x
                0x800056b4                _restfpr_28_x
                0x800056b8                _restfpr_29_x
                0x800056bc                _restfpr_30_x
                0x800056c0                _restfpr_31_x
 .text          0x800056d4       0x58 C:/devkitPro/devkitPPC/bin/../lib/gcc/powerpc-eabi/14.2.0\libgcc.a(crtresxgpr.o)
                0x800056d4                _restgpr_14_x
                0x800056d8                _restgpr_15_x
                0x800056dc                _restgpr_16_x
                0x800056e0                _restgpr_17_x
                0x800056e4                _restgpr_18_x
                0x800056e8                _restgpr_19_x
                0x800056ec                _restgpr_20_x
                0x800056f0                _restgpr_21_x
                0x800056f4                _restgpr_22_x
                0x800056f8                _restgpr_23_x
                0x800056fc                _restgpr_24_x
                0x80005700                _restgpr_25_x
                0x80005704                _restgpr_26_x
                0x80005708                _restgpr_27_x
                0x8000570c                _restgpr_28_x
                0x80005710                _restgpr_29_x
                0x80005714                _restgpr_30_x
                0x80005718                _restgpr_31_x
 *(.text.*)
 .text.__do_global_dtors_aux
                0x8000572c       0xcc C:/devkitPro/devkitPPC/bin/../lib/gcc/powerpc-eabi/14.2.0/crtbegin.o
 .text.frame_dummy
                0x800057f8       0x24 C:/devkitPro/devkitPPC/bin/../lib/gcc/powerpc-eabi/14.2.0/crtbegin.o
 .text.__crtmain
                0x8000581c       0x40 C:/devkitPro/devkitPPC/bin/../lib/gcc/powerpc-eabi/14.2.0/../../../../powerpc-eabi/lib/crtmain.o
                0x80005820                __crtmain
 .text.dummy_startup
                0x8000585c        0x8 template.o
 .text.dummy_readSectors
                0x80005864        0x8 template.o
 .text.dummy_writeSectors
                0x8000586c        0x8 template.o
 .text.dummy_isInserted
                0x80005874        0x8 template.o
 .text.dummy_clearStatus
                0x8000587c        0x8 template.o
 .text.dummy_shutdown
                0x80005884        0x8 template.o
 .text.try_load_config
                0x8000588c      0x27c template.o
                0x8000588c                try_load_config
 .text.initialize_socket
                0x80005b08       0xec template.o
                0x80005b08                initialize_socket
 .text.send_http_post_binary
                0x80005bf4      0x130 template.o
                0x80005bf4                send_http_post_binary
 .text.quat_from_gravity
                0x80005d24      0x1b0 template.o
                0x80005d24                quat_from_gravity
 .text.startup.main
                0x80005ed4      0x590 template.o
                0x80005ed4                main
 .text.__wpad_assign_slot
                0x80006464      0x228 C:/devkitPro/libogc/lib/wii\libwiiuse.a(wpad.o)
                0x80006464                __wpad_assign_slot
 .text.__wpad_def_powcb
                0x8000668c        0x4 C:/devkitPro/libogc/lib/wii\libwiiuse.a(wpad.o)
 .text.__readlinkkey_finished
                0x80006690       0x34 C:/devkitPro/libogc/lib/wii\libwiiuse.a(wpad.o)
 .text.__wpad_patch_finished
                0x800066c4       0x2c C:/devkitPro/libogc/lib/wii\libwiiuse.a(wpad.o)
 .text.__wpad_setfmt
                0x800066f0      0x14c C:/devkitPro/libogc/lib/wii\libwiiuse.a(wpad.o)
 .text.__wpad_eventCB
                0x8000683c      0xac4 C:/devkitPro/libogc/lib/wii\libwiiuse.a(wpad.o)
 .text.__wpad_disconnectCB
                0x80007300       0xd4 C:/devkitPro/libogc/lib/wii\libwiiuse.a(wpad.o)
                0x80007300                __wpad_disconnectCB
 .text.__wpad_timeouthandler
                0x800073d4       0xa8 C:/devkitPro/libogc/lib/wii\libwiiuse.a(wpad.o)
 .text.__initcore_finished
                0x8000747c       0x48 C:/devkitPro/libogc/lib/wii\libwiiuse.a(wpad.o)
 .text.__wpad_init_finished
                0x800074c4      0x194 C:/devkitPro/libogc/lib/wii\libwiiuse.a(wpad.o)
 .text.WPAD_ReadEvent
                0x80007658      0x688 C:/devkitPro/libogc/lib/wii\libwiiuse.a(wpad.o)
                0x80007658                WPAD_ReadEvent
 .text.WPAD_ReadPending
                0x80007ce0      0x1a0 C:/devkitPro/libogc/lib/wii\libwiiuse.a(wpad.o)
                0x80007ce0                WPAD_ReadPending
 .text.WPAD_SetDataFormat
                0x80007e80      0x188 C:/devkitPro/libogc/lib/wii\libwiiuse.a(wpad.o)
                0x80007e80                WPAD_SetDataFormat
 .text.WPAD_Probe
                0x80008008       0xd0 C:/devkitPro/libogc/lib/wii\libwiiuse.a(wpad.o)
                0x80008008                WPAD_Probe
 .text.WPAD_Shutdown
                0x800080d8      0x108 C:/devkitPro/libogc/lib/wii\libwiiuse.a(wpad.o)
                0x800080d8                WPAD_Shutdown
 .text.WPAD_Init
                0x800081e0      0x2c4 C:/devkitPro/libogc/lib/wii\libwiiuse.a(wpad.o)
                0x800081e0                WPAD_Init
 .text.__wpad_onreset
                0x800084a4       0x34 C:/devkitPro/libogc/lib/wii\libwiiuse.a(wpad.o)
 .text.WPAD_ScanPads
                0x800084d8       0x90 C:/devkitPro/libogc/lib/wii\libwiiuse.a(wpad.o)
                0x800084d8                WPAD_ScanPads
 .text.WPAD_Data
                0x80008568       0x24 C:/devkitPro/libogc/lib/wii\libwiiuse.a(wpad.o)
                0x80008568                WPAD_Data
 .text.WPAD_ButtonsDown
                0x8000858c       0x28 C:/devkitPro/libogc/lib/wii\libwiiuse.a(wpad.o)
                0x8000858c                WPAD_ButtonsDown
 .text.motion_plus_disconnected
                0x800085b4       0x10 C:/devkitPro/libogc/lib/wii\libwiiuse.a(motion_plus.o)
                0x800085b4                motion_plus_disconnected
 .text.motion_plus_event
                0x800085c4       0x64 C:/devkitPro/libogc/lib/wii\libwiiuse.a(motion_plus.o)
                0x800085c4                motion_plus_event
 .text.calculate_gforce
                0x80008628      0x114 C:/devkitPro/libogc/lib/wii\libwiiuse.a(dynamics.o)
                0x80008628                calculate_gforce
 .text.calc_joystick_state
                0x8000873c      0x210 C:/devkitPro/libogc/lib/wii\libwiiuse.a(dynamics.o)
                0x8000873c                calc_joystick_state
 .text.apply_smoothing
                0x8000894c      0x110 C:/devkitPro/libogc/lib/wii\libwiiuse.a(dynamics.o)
                0x8000894c                apply_smoothing
 .text.calculate_orientation
                0x80008a5c      0x374 C:/devkitPro/libogc/lib/wii\libwiiuse.a(dynamics.o)
                0x80008a5c                calculate_orientation
 .text.calc_balanceboard_state
                0x80008dd0      0x3a4 C:/devkitPro/libogc/lib/wii\libwiiuse.a(dynamics.o)
                0x80008dd0                calc_balanceboard_state
 .text.wiiuse_handshake
                0x80009174      0x27c C:/devkitPro/libogc/lib/wii\libwiiuse.a(io.o)
                0x80009174                wiiuse_handshake
 .text.wiiuse_handshake_expansion
                0x800093f0      0x1f0 C:/devkitPro/libogc/lib/wii\libwiiuse.a(io.o)
                0x800093f0                wiiuse_handshake_expansion
 .text.wiiuse_handshake_expansion_start
                0x800095e0       0x5c C:/devkitPro/libogc/lib/wii\libwiiuse.a(io.o)
                0x800095e0                wiiuse_handshake_expansion_start
 .text.wiiuse_disable_expansion
                0x8000963c      0x1b0 C:/devkitPro/libogc/lib/wii\libwiiuse.a(io.o)
                0x8000963c                wiiuse_disable_expansion
 .text.__wiiuse_connected
                0x800097ec       0x9c C:/devkitPro/libogc/lib/wii\libwiiuse.a(io_wii.o)
 .text.__wiiuse_disconnected
                0x80009888       0xb4 C:/devkitPro/libogc/lib/wii\libwiiuse.a(io_wii.o)
 .text.__wiiuse_receive
                0x8000993c       0xd0 C:/devkitPro/libogc/lib/wii\libwiiuse.a(io_wii.o)
 .text.__wiiuse_sensorbar_enable
                0x80009a0c       0x74 C:/devkitPro/libogc/lib/wii\libwiiuse.a(io_wii.o)
                0x80009a0c                __wiiuse_sensorbar_enable
 .text.wiiuse_register
                0x80009a80       0xf0 C:/devkitPro/libogc/lib/wii\libwiiuse.a(io_wii.o)
                0x80009a80                wiiuse_register
 .text.wiiuse_disconnect
                0x80009b70       0x24 C:/devkitPro/libogc/lib/wii\libwiiuse.a(io_wii.o)
                0x80009b70                wiiuse_disconnect
 .text.wiiuse_init_cmd_queue
                0x80009b94       0x9c C:/devkitPro/libogc/lib/wii\libwiiuse.a(io_wii.o)
                0x80009b94                wiiuse_init_cmd_queue
 .text.wiiuse_io_write
                0x80009c30       0x1c C:/devkitPro/libogc/lib/wii\libwiiuse.a(io_wii.o)
                0x80009c30                wiiuse_io_write
 .text.rotate_dots
                0x80009c4c      0x13c C:/devkitPro/libogc/lib/wii\libwiiuse.a(ir.o)
 .text.wiiuse_set_ir_mode
                0x80009d88       0x5c C:/devkitPro/libogc/lib/wii\libwiiuse.a(ir.o)
                0x80009d88                wiiuse_set_ir_mode
 .text.wiiuse_set_ir
                0x80009de4      0x270 C:/devkitPro/libogc/lib/wii\libwiiuse.a(ir.o)
                0x80009de4                wiiuse_set_ir
 .text.wiiuse_set_ir_position
                0x8000a054       0x80 C:/devkitPro/libogc/lib/wii\libwiiuse.a(ir.o)
                0x8000a054                wiiuse_set_ir_position
 .text.wiiuse_set_aspect_ratio
                0x8000a0d4       0xac C:/devkitPro/libogc/lib/wii\libwiiuse.a(ir.o)
                0x8000a0d4                wiiuse_set_aspect_ratio
 .text.wiiuse_set_ir_sensitivity
                0x8000a180      0x180 C:/devkitPro/libogc/lib/wii\libwiiuse.a(ir.o)
                0x8000a180                wiiuse_set_ir_sensitivity
 .text.calculate_basic_ir
                0x8000a300       0xe8 C:/devkitPro/libogc/lib/wii\libwiiuse.a(ir.o)
                0x8000a300                calculate_basic_ir
 .text.calculate_extended_ir
                0x8000a3e8       0x64 C:/devkitPro/libogc/lib/wii\libwiiuse.a(ir.o)
                0x8000a3e8                calculate_extended_ir
 .text.find_sensorbar
                0x8000a44c      0xaa0 C:/devkitPro/libogc/lib/wii\libwiiuse.a(ir.o)
                0x8000a44c                find_sensorbar
 .text.apply_ir_smoothing
                0x8000aeec      0x124 C:/devkitPro/libogc/lib/wii\libwiiuse.a(ir.o)
                0x8000aeec                apply_ir_smoothing
 .text.interpret_ir_data
                0x8000b010      0x3c8 C:/devkitPro/libogc/lib/wii\libwiiuse.a(ir.o)
                0x8000b010                interpret_ir_data
 .text.nunchuk_handshake
                0x8000b3d8      0x31c C:/devkitPro/libogc/lib/wii\libwiiuse.a(nunchuk.o)
                0x8000b3d8                nunchuk_handshake
 .text.nunchuk_disconnected
                0x8000b6f4        0xc C:/devkitPro/libogc/lib/wii\libwiiuse.a(nunchuk.o)
                0x8000b6f4                nunchuk_disconnected
 .text.nunchuk_event
                0x8000b700       0xe8 C:/devkitPro/libogc/lib/wii\libwiiuse.a(nunchuk.o)
                0x8000b700                nunchuk_event
 .text.wii_board_handshake
                0x8000b7e8      0x284 C:/devkitPro/libogc/lib/wii\libwiiuse.a(wiiboard.o)
                0x8000b7e8                wii_board_handshake
 .text.wii_board_disconnected
                0x8000ba6c        0xc C:/devkitPro/libogc/lib/wii\libwiiuse.a(wiiboard.o)
                0x8000ba6c                wii_board_disconnected
 .text.wii_board_event
                0x8000ba78       0x24 C:/devkitPro/libogc/lib/wii\libwiiuse.a(wiiboard.o)
                0x8000ba78                wii_board_event
 .text.wiiuse_send_next_command
                0x8000ba9c       0x58 C:/devkitPro/libogc/lib/wii\libwiiuse.a(wiiuse.o)
                0x8000ba9c                wiiuse_send_next_command
 .text.wiiuse_init
                0x8000baf4      0x208 C:/devkitPro/libogc/lib/wii\libwiiuse.a(wiiuse.o)
                0x8000baf4                wiiuse_init
 .text.wiiuse_set_flags
                0x8000bcfc       0x28 C:/devkitPro/libogc/lib/wii\libwiiuse.a(wiiuse.o)
                0x8000bcfc                wiiuse_set_flags
 .text.wiiuse_read_data
                0x8000bd24      0x154 C:/devkitPro/libogc/lib/wii\libwiiuse.a(wiiuse.o)
                0x8000bd24                wiiuse_read_data
 .text.wiiuse_write_data
                0x8000be78      0x18c C:/devkitPro/libogc/lib/wii\libwiiuse.a(wiiuse.o)
                0x8000be78                wiiuse_write_data
 .text.wiiuse_sendcmd
                0x8000c004      0x144 C:/devkitPro/libogc/lib/wii\libwiiuse.a(wiiuse.o)
                0x8000c004                wiiuse_sendcmd
 .text.wiiuse_set_leds
                0x8000c148       0x50 C:/devkitPro/libogc/lib/wii\libwiiuse.a(wiiuse.o)
                0x8000c148                wiiuse_set_leds
 .text.wiiuse_set_report_type
                0x8000c198       0xb0 C:/devkitPro/libogc/lib/wii\libwiiuse.a(wiiuse.o)
                0x8000c198                wiiuse_set_report_type
 .text.wiiuse_status
                0x8000c248       0x4c C:/devkitPro/libogc/lib/wii\libwiiuse.a(wiiuse.o)
                0x8000c248                wiiuse_status
 .text.wiiuse_motion_sensing
                0x8000c294       0x84 C:/devkitPro/libogc/lib/wii\libwiiuse.a(wiiuse.o)
                0x8000c294                wiiuse_motion_sensing
 .text.wiiuse_set_speaker
                0x8000c318      0x24c C:/devkitPro/libogc/lib/wii\libwiiuse.a(speaker.o)
                0x8000c318                wiiuse_set_speaker
 .text.classic_ctrl_handshake
                0x8000c564      0x410 C:/devkitPro/libogc/lib/wii\libwiiuse.a(classic.o)
                0x8000c564                classic_ctrl_handshake
 .text.classic_ctrl_disconnected
                0x8000c974        0xc C:/devkitPro/libogc/lib/wii\libwiiuse.a(classic.o)
                0x8000c974                classic_ctrl_disconnected
 .text.classic_ctrl_event
                0x8000c980      0x15c C:/devkitPro/libogc/lib/wii\libwiiuse.a(classic.o)
                0x8000c980                classic_ctrl_event
 .text.handle_expansion
                0x8000cadc       0x54 C:/devkitPro/libogc/lib/wii\libwiiuse.a(events.o)
 .text.parse_event
                0x8000cb30      0x730 C:/devkitPro/libogc/lib/wii\libwiiuse.a(events.o)
                0x8000cb30                parse_event
 .text.guitar_hero_3_handshake
                0x8000d260       0x5c C:/devkitPro/libogc/lib/wii\libwiiuse.a(guitar_hero_3.o)
                0x8000d260                guitar_hero_3_handshake
 .text.guitar_hero_3_disconnected
                0x8000d2bc        0xc C:/devkitPro/libogc/lib/wii\libwiiuse.a(guitar_hero_3.o)
                0x8000d2bc                guitar_hero_3_disconnected
 .text.guitar_hero_3_event
                0x8000d2c8       0x60 C:/devkitPro/libogc/lib/wii\libwiiuse.a(guitar_hero_3.o)
                0x8000d2c8                guitar_hero_3_event
 .text.acl_wlp_completed
                0x8000d328        0x8 C:/devkitPro/libogc/lib/wii\libbte.a(bte.o)
                0x8000d328                acl_wlp_completed
 .text.bt_alarmhandler
                0x8000d330       0x58 C:/devkitPro/libogc/lib/wii\libbte.a(bte.o)
 .text.__bte_send_pending_request
                0x8000d388      0x108 C:/devkitPro/libogc/lib/wii\libbte.a(bte.o)
 .text.acl_conn_complete
                0x8000d490       0x2c C:/devkitPro/libogc/lib/wii\libbte.a(bte.o)
                0x8000d490                acl_conn_complete
 .text.l2cap_accepted
                0x8000d4bc      0x11c C:/devkitPro/libogc/lib/wii\libbte.a(bte.o)
                0x8000d4bc                l2cap_accepted
 .text.l2cap_disconnect_cfm
                0x8000d5d8      0x190 C:/devkitPro/libogc/lib/wii\libbte.a(bte.o)
                0x8000d5d8                l2cap_disconnect_cfm
 .text.bte_process_input
                0x8000d768      0x11c C:/devkitPro/libogc/lib/wii\libbte.a(bte.o)
 .text.l2cap_disconnected_ind
                0x8000d884      0x194 C:/devkitPro/libogc/lib/wii\libbte.a(bte.o)
                0x8000d884                l2cap_disconnected_ind
 .text.__bte_shutdown_finished
                0x8000da18       0xdc C:/devkitPro/libogc/lib/wii\libbte.a(bte.o)
 .text.bte_hci_apply_patch_complete
                0x8000daf4      0x164 C:/devkitPro/libogc/lib/wii\libbte.a(bte.o)
                0x8000daf4                bte_hci_apply_patch_complete
 .text.bte_hci_patch_complete
                0x8000dc58      0x370 C:/devkitPro/libogc/lib/wii\libbte.a(bte.o)
                0x8000dc58                bte_hci_patch_complete
 .text.bte_hci_initcore_complete
                0x8000dfc8      0x258 C:/devkitPro/libogc/lib/wii\libbte.a(bte.o)
                0x8000dfc8                bte_hci_initcore_complete
 .text.bte_read_stored_link_key_complete
                0x8000e220      0x268 C:/devkitPro/libogc/lib/wii\libbte.a(bte.o)
                0x8000e220                bte_read_stored_link_key_complete
 .text.bte_hci_initcore_complete2
                0x8000e488      0x228 C:/devkitPro/libogc/lib/wii\libbte.a(bte.o)
 .text.bte_hci_initsub_complete
                0x8000e6b0      0x278 C:/devkitPro/libogc/lib/wii\libbte.a(bte.o)
                0x8000e6b0                bte_hci_initsub_complete
 .text.BTE_Init
                0x8000e928      0x138 C:/devkitPro/libogc/lib/wii\libbte.a(bte.o)
                0x8000e928                BTE_Init
 .text.BTE_Shutdown
                0x8000ea60      0x100 C:/devkitPro/libogc/lib/wii\libbte.a(bte.o)
                0x8000ea60                BTE_Shutdown
 .text.BTE_InitCore
                0x8000eb60       0x8c C:/devkitPro/libogc/lib/wii\libbte.a(bte.o)
                0x8000eb60                BTE_InitCore
 .text.BTE_ApplyPatch
                0x8000ebec       0xa4 C:/devkitPro/libogc/lib/wii\libbte.a(bte.o)
                0x8000ebec                BTE_ApplyPatch
 .text.BTE_InitSub
                0x8000ec90       0x90 C:/devkitPro/libogc/lib/wii\libbte.a(bte.o)
                0x8000ec90                BTE_InitSub
 .text.BTE_ReadStoredLinkKey
                0x8000ed20       0x90 C:/devkitPro/libogc/lib/wii\libbte.a(bte.o)
                0x8000ed20                BTE_ReadStoredLinkKey
 .text.BTE_SetDisconnectCallback
                0x8000edb0        0x4 C:/devkitPro/libogc/lib/wii\libbte.a(bte.o)
                0x8000edb0                BTE_SetDisconnectCallback
 .text.bte_new  0x8000edb4       0x54 C:/devkitPro/libogc/lib/wii\libbte.a(bte.o)
                0x8000edb4                bte_new
 .text.bte_registerdeviceasync
                0x8000ee08      0x158 C:/devkitPro/libogc/lib/wii\libbte.a(bte.o)
                0x8000ee08                bte_registerdeviceasync
 .text.bte_disconnect
                0x8000ef60       0xd8 C:/devkitPro/libogc/lib/wii\libbte.a(bte.o)
                0x8000ef60                bte_disconnect
 .text.bte_senddata
                0x8000f038      0x104 C:/devkitPro/libogc/lib/wii\libbte.a(bte.o)
                0x8000f038                bte_senddata
 .text.bte_arg  0x8000f13c       0x38 C:/devkitPro/libogc/lib/wii\libbte.a(bte.o)
                0x8000f13c                bte_arg
 .text.bte_received
                0x8000f174       0x38 C:/devkitPro/libogc/lib/wii\libbte.a(bte.o)
                0x8000f174                bte_received
 .text.bte_disconnected
                0x8000f1ac       0x38 C:/devkitPro/libogc/lib/wii\libbte.a(bte.o)
                0x8000f1ac                bte_disconnected
 .text.hci_get_link
                0x8000f1e4       0x84 C:/devkitPro/libogc/lib/wii\libbte.a(hci.o)
 .text.hci_init
                0x8000f268       0x7c C:/devkitPro/libogc/lib/wii\libbte.a(hci.o)
                0x8000f268                hci_init
 .text.hci_close
                0x8000f2e4       0xd0 C:/devkitPro/libogc/lib/wii\libbte.a(hci.o)
                0x8000f2e4                hci_close
 .text.hci_reset_all
                0x8000f3b4       0xa8 C:/devkitPro/libogc/lib/wii\libbte.a(hci.o)
                0x8000f3b4                hci_reset_all
 .text.hci_arg  0x8000f45c        0xc C:/devkitPro/libogc/lib/wii\libbte.a(hci.o)
                0x8000f45c                hci_arg
 .text.hci_cmd_complete
                0x8000f468        0xc C:/devkitPro/libogc/lib/wii\libbte.a(hci.o)
                0x8000f468                hci_cmd_complete
 .text.hci_connection_complete
                0x8000f474        0xc C:/devkitPro/libogc/lib/wii\libbte.a(hci.o)
                0x8000f474                hci_connection_complete
 .text.hci_wlp_complete
                0x8000f480        0xc C:/devkitPro/libogc/lib/wii\libbte.a(hci.o)
                0x8000f480                hci_wlp_complete
 .text.hci_reset
                0x8000f48c       0xa8 C:/devkitPro/libogc/lib/wii\libbte.a(hci.o)
                0x8000f48c                hci_reset
 .text.hci_read_buffer_size
                0x8000f534       0xa8 C:/devkitPro/libogc/lib/wii\libbte.a(hci.o)
                0x8000f534                hci_read_buffer_size
 .text.hci_read_bd_addr
                0x8000f5dc       0xa8 C:/devkitPro/libogc/lib/wii\libbte.a(hci.o)
                0x8000f5dc                hci_read_bd_addr
 .text.hci_read_local_version
                0x8000f684       0xa4 C:/devkitPro/libogc/lib/wii\libbte.a(hci.o)
                0x8000f684                hci_read_local_version
 .text.hci_read_local_features
                0x8000f728       0xa8 C:/devkitPro/libogc/lib/wii\libbte.a(hci.o)
                0x8000f728                hci_read_local_features
 .text.hci_read_stored_link_key
                0x8000f7d0       0xf8 C:/devkitPro/libogc/lib/wii\libbte.a(hci.o)
                0x8000f7d0                hci_read_stored_link_key
 .text.hci_write_page_timeout
                0x8000f8c8       0xcc C:/devkitPro/libogc/lib/wii\libbte.a(hci.o)
                0x8000f8c8                hci_write_page_timeout
 .text.hci_write_scan_enable
                0x8000f994       0xb8 C:/devkitPro/libogc/lib/wii\libbte.a(hci.o)
                0x8000f994                hci_write_scan_enable
 .text.hci_accecpt_conn_request
                0x8000fa4c       0xdc C:/devkitPro/libogc/lib/wii\libbte.a(hci.o)
                0x8000fa4c                hci_accecpt_conn_request
 .text.hci_write_local_name
                0x8000fb28       0xd4 C:/devkitPro/libogc/lib/wii\libbte.a(hci.o)
                0x8000fb28                hci_write_local_name
 .text.hci_write_pin_type
                0x8000fbfc       0xb8 C:/devkitPro/libogc/lib/wii\libbte.a(hci.o)
                0x8000fbfc                hci_write_pin_type
 .text.hci_write_inquiry_mode
                0x8000fcb4       0xb8 C:/devkitPro/libogc/lib/wii\libbte.a(hci.o)
                0x8000fcb4                hci_write_inquiry_mode
 .text.hci_write_page_scan_type
                0x8000fd6c       0xb8 C:/devkitPro/libogc/lib/wii\libbte.a(hci.o)
                0x8000fd6c                hci_write_page_scan_type
 .text.hci_write_inquiry_scan_type
                0x8000fe24       0xb8 C:/devkitPro/libogc/lib/wii\libbte.a(hci.o)
                0x8000fe24                hci_write_inquiry_scan_type
 .text.hci_vendor_specific_command
                0x8000fedc       0xe4 C:/devkitPro/libogc/lib/wii\libbte.a(hci.o)
                0x8000fedc                hci_vendor_specific_command
 .text.hci_write_link_policy_settings
                0x8000ffc0      0x100 C:/devkitPro/libogc/lib/wii\libbte.a(hci.o)
                0x8000ffc0                hci_write_link_policy_settings
 .text.hci_pin_code_request_neg_reply
                0x800100c0       0xc8 C:/devkitPro/libogc/lib/wii\libbte.a(hci.o)
                0x800100c0                hci_pin_code_request_neg_reply
 .text.hci_link_key_req_neg_reply
                0x80010188       0xc8 C:/devkitPro/libogc/lib/wii\libbte.a(hci.o)
                0x80010188                hci_link_key_req_neg_reply
 .text.hci_disconnect
                0x80010250       0xf8 C:/devkitPro/libogc/lib/wii\libbte.a(hci.o)
                0x80010250                hci_disconnect
 .text.hci_write_cod
                0x80010348       0xc8 C:/devkitPro/libogc/lib/wii\libbte.a(hci.o)
                0x80010348                hci_write_cod
 .text.hci_host_buffer_size
                0x80010410      0x108 C:/devkitPro/libogc/lib/wii\libbte.a(hci.o)
                0x80010410                hci_host_buffer_size
 .text.hci_host_num_comp_packets
                0x80010518      0x104 C:/devkitPro/libogc/lib/wii\libbte.a(hci.o)
                0x80010518                hci_host_num_comp_packets
 .text.lp_pdu_maxsize
                0x8001061c        0xc C:/devkitPro/libogc/lib/wii\libbte.a(hci.o)
                0x8001061c                lp_pdu_maxsize
 .text.lp_acl_write
                0x80010628      0x154 C:/devkitPro/libogc/lib/wii\libbte.a(hci.o)
                0x80010628                lp_acl_write
 .text.lp_write_flush_timeout
                0x8001077c      0x100 C:/devkitPro/libogc/lib/wii\libbte.a(hci.o)
                0x8001077c                lp_write_flush_timeout
 .text.hci_event_handler
                0x8001087c      0xc78 C:/devkitPro/libogc/lib/wii\libbte.a(hci.o)
                0x8001087c                hci_event_handler
 .text.hci_acldata_handler
                0x800114f4      0x118 C:/devkitPro/libogc/lib/wii\libbte.a(hci.o)
                0x800114f4                hci_acldata_handler
 .text.l2cap_init
                0x8001160c       0x60 C:/devkitPro/libogc/lib/wii\libbte.a(l2cap.o)
                0x8001160c                l2cap_init
 .text.l2cap_write
                0x8001166c      0x1a0 C:/devkitPro/libogc/lib/wii\libbte.a(l2cap.o)
                0x8001166c                l2cap_write
 .text.l2cap_new
                0x8001180c       0x60 C:/devkitPro/libogc/lib/wii\libbte.a(l2cap.o)
                0x8001180c                l2cap_new
 .text.l2cap_close
                0x8001186c      0x1c0 C:/devkitPro/libogc/lib/wii\libbte.a(l2cap.o)
                0x8001186c                l2cap_close
 .text.l2cap_reset_all
                0x80011a2c      0x148 C:/devkitPro/libogc/lib/wii\libbte.a(l2cap.o)
                0x80011a2c                l2cap_reset_all
 .text.l2cap_signal
                0x80011b74      0x204 C:/devkitPro/libogc/lib/wii\libbte.a(l2cap.o)
                0x80011b74                l2cap_signal
 .text.l2ca_config_req
                0x80011d78      0x154 C:/devkitPro/libogc/lib/wii\libbte.a(l2cap.o)
                0x80011d78                l2ca_config_req
 .text.l2ca_disconnect_req
                0x80011ecc       0xcc C:/devkitPro/libogc/lib/wii\libbte.a(l2cap.o)
                0x80011ecc                l2ca_disconnect_req
 .text.l2cap_tmr
                0x80011f98      0x260 C:/devkitPro/libogc/lib/wii\libbte.a(l2cap.o)
                0x80011f98                l2cap_tmr
 .text.l2cap_process_sig
                0x800121f8     0x1318 C:/devkitPro/libogc/lib/wii\libbte.a(l2cap.o)
                0x800121f8                l2cap_process_sig
 .text.l2cap_input
                0x80013510      0x584 C:/devkitPro/libogc/lib/wii\libbte.a(l2cap.o)
                0x80013510                l2cap_input
 .text.l2ca_datawrite
                0x80013a94      0x128 C:/devkitPro/libogc/lib/wii\libbte.a(l2cap.o)
                0x80013a94                l2ca_datawrite
 .text.lp_connect_cfm
                0x80013bbc      0x184 C:/devkitPro/libogc/lib/wii\libbte.a(l2cap.o)
                0x80013bbc                lp_connect_cfm
 .text.lp_connect_ind
                0x80013d40        0x4 C:/devkitPro/libogc/lib/wii\libbte.a(l2cap.o)
                0x80013d40                lp_connect_ind
 .text.lp_disconnect_ind
                0x80013d44      0x124 C:/devkitPro/libogc/lib/wii\libbte.a(l2cap.o)
                0x80013d44                lp_disconnect_ind
 .text.l2cap_disconnect_bb
                0x80013e68       0x10 C:/devkitPro/libogc/lib/wii\libbte.a(l2cap.o)
                0x80013e68                l2cap_disconnect_bb
 .text.l2cap_arg
                0x80013e78        0x8 C:/devkitPro/libogc/lib/wii\libbte.a(l2cap.o)
                0x80013e78                l2cap_arg
 .text.l2cap_connect_ind
                0x80013e80      0x100 C:/devkitPro/libogc/lib/wii\libbte.a(l2cap.o)
                0x80013e80                l2cap_connect_ind
 .text.l2cap_disconnect_ind
                0x80013f80        0x8 C:/devkitPro/libogc/lib/wii\libbte.a(l2cap.o)
                0x80013f80                l2cap_disconnect_ind
 .text.l2cap_recv
                0x80013f88        0x8 C:/devkitPro/libogc/lib/wii\libbte.a(l2cap.o)
                0x80013f88                l2cap_recv
 .text.btmemb_init
                0x80013f90       0x24 C:/devkitPro/libogc/lib/wii\libbte.a(btmemb.o)
                0x80013f90                btmemb_init
 .text.btmemb_alloc
                0x80013fb4       0x98 C:/devkitPro/libogc/lib/wii\libbte.a(btmemb.o)
                0x80013fb4                btmemb_alloc
 .text.btmemb_free
                0x8001404c       0xe0 C:/devkitPro/libogc/lib/wii\libbte.a(btmemb.o)
                0x8001404c                btmemb_free
 .text.plug_holes
                0x8001412c       0xac C:/devkitPro/libogc/lib/wii\libbte.a(btmemr.o)
 .text.btmemr_init
                0x800141d8       0xa4 C:/devkitPro/libogc/lib/wii\libbte.a(btmemr.o)
                0x800141d8                btmemr_init
 .text.btmemr_malloc
                0x8001427c      0x180 C:/devkitPro/libogc/lib/wii\libbte.a(btmemr.o)
                0x8001427c                btmemr_malloc
 .text.btmemr_free
                0x800143fc       0x98 C:/devkitPro/libogc/lib/wii\libbte.a(btmemr.o)
                0x800143fc                btmemr_free
 .text.btmemr_realloc
                0x80014494      0x108 C:/devkitPro/libogc/lib/wii\libbte.a(btmemr.o)
                0x80014494                btmemr_realloc
 .text.btpbuf_init
                0x8001459c       0x28 C:/devkitPro/libogc/lib/wii\libbte.a(btpbuf.o)
                0x8001459c                btpbuf_init
 .text.btpbuf_free
                0x800145c4      0x104 C:/devkitPro/libogc/lib/wii\libbte.a(btpbuf.o)
                0x800145c4                btpbuf_free
 .text.btpbuf_alloc
                0x800146c8      0x224 C:/devkitPro/libogc/lib/wii\libbte.a(btpbuf.o)
                0x800146c8                btpbuf_alloc
 .text.btpbuf_realloc
                0x800148ec      0x110 C:/devkitPro/libogc/lib/wii\libbte.a(btpbuf.o)
                0x800148ec                btpbuf_realloc
 .text.btpbuf_header
                0x800149fc       0x84 C:/devkitPro/libogc/lib/wii\libbte.a(btpbuf.o)
                0x800149fc                btpbuf_header
 .text.btpbuf_ref
                0x80014a80       0x48 C:/devkitPro/libogc/lib/wii\libbte.a(btpbuf.o)
                0x80014a80                btpbuf_ref
 .text.btpbuf_chain
                0x80014ac8       0x9c C:/devkitPro/libogc/lib/wii\libbte.a(btpbuf.o)
                0x80014ac8                btpbuf_chain
 .text.btpbuf_dechain
                0x80014b64       0x7c C:/devkitPro/libogc/lib/wii\libbte.a(btpbuf.o)
                0x80014b64                btpbuf_dechain
 .text.btpbuf_take
                0x80014be0      0x13c C:/devkitPro/libogc/lib/wii\libbte.a(btpbuf.o)
                0x80014be0                btpbuf_take
 .text.__usb_closeCB
                0x80014d1c       0x10 C:/devkitPro/libogc/lib/wii\libbte.a(physbusif.o)
 .text.__writebulkmsgCB
                0x80014d2c       0x3c C:/devkitPro/libogc/lib/wii\libbte.a(physbusif.o)
 .text.__writectrlmsgCB
                0x80014d68       0x3c C:/devkitPro/libogc/lib/wii\libbte.a(physbusif.o)
 .text.__issue_intrread.part.0
                0x80014da4       0x80 C:/devkitPro/libogc/lib/wii\libbte.a(physbusif.o)
 .text.__readintrdataCB
                0x80014e24      0x148 C:/devkitPro/libogc/lib/wii\libbte.a(physbusif.o)
 .text.__issue_bulkread.part.0
                0x80014f6c       0x80 C:/devkitPro/libogc/lib/wii\libbte.a(physbusif.o)
 .text.__readbulkdataCB
                0x80014fec      0x148 C:/devkitPro/libogc/lib/wii\libbte.a(physbusif.o)
 .text.physbusif_init
                0x80015134      0x1ec C:/devkitPro/libogc/lib/wii\libbte.a(physbusif.o)
                0x80015134                physbusif_init
 .text.physbusif_close
                0x80015320       0x20 C:/devkitPro/libogc/lib/wii\libbte.a(physbusif.o)
                0x80015320                physbusif_close
 .text.physbusif_shutdown
                0x80015340       0x24 C:/devkitPro/libogc/lib/wii\libbte.a(physbusif.o)
                0x80015340                physbusif_shutdown
 .text.physbusif_reset_all
                0x80015364        0x4 C:/devkitPro/libogc/lib/wii\libbte.a(physbusif.o)
                0x80015364                physbusif_reset_all
 .text.physbusif_output
                0x80015368      0x1e8 C:/devkitPro/libogc/lib/wii\libbte.a(physbusif.o)
                0x80015368                physbusif_output
 .text.__console_clear_line
                0x80015550       0xb8 C:/devkitPro/libogc/lib/wii\libogc.a(console.o)
 .text.__console_clear
                0x80015608       0xbc C:/devkitPro/libogc/lib/wii\libogc.a(console.o)
 .text.__console_write
                0x800156c4      0x830 C:/devkitPro/libogc/lib/wii\libogc.a(console.o)
                0x800156c4                __console_write
 .text.__console_init
                0x80015ef4      0x120 C:/devkitPro/libogc/lib/wii\libogc.a(console.o)
                0x80015ef4                __console_init
 .text.CON_Init
                0x80016014        0x4 C:/devkitPro/libogc/lib/wii\libogc.a(console.o)
                0x80016014                CON_Init
 .text.CON_EnableGecko
                0x80016018      0x100 C:/devkitPro/libogc/lib/wii\libogc.a(console.o)
                0x80016018                CON_EnableGecko
 .text.__lwp_queue_initialize
                0x80016118       0x98 C:/devkitPro/libogc/lib/wii\libogc.a(lwp_queue.o)
                0x80016118                __lwp_queue_initialize
 .text.__lwp_queue_get
                0x800161b0       0x74 C:/devkitPro/libogc/lib/wii\libogc.a(lwp_queue.o)
                0x800161b0                __lwp_queue_get
 .text.__lwp_queue_append
                0x80016224       0x4c C:/devkitPro/libogc/lib/wii\libogc.a(lwp_queue.o)
                0x80016224                __lwp_queue_append
 .text.__syscall_getreent
                0x80016270       0x24 C:/devkitPro/libogc/lib/wii\libogc.a(lwp_threads.o)
                0x80016270                __syscall_getreent
 .text.__lwp_isr_in_progress
                0x80016294        0x8 C:/devkitPro/libogc/lib/wii\libogc.a(lwp_threads.o)
                0x80016294                __lwp_isr_in_progress
 .text.__thread_dispatch_fp
                0x8001629c       0x88 C:/devkitPro/libogc/lib/wii\libogc.a(lwp_threads.o)
                0x8001629c                __thread_dispatch_fp
 .text.__thread_dispatch
                0x80016324       0xf4 C:/devkitPro/libogc/lib/wii\libogc.a(lwp_threads.o)
                0x80016324                __thread_dispatch
 .text.__lwp_thread_resettimeslice
                0x80016418       0xb4 C:/devkitPro/libogc/lib/wii\libogc.a(lwp_threads.o)
                0x80016418                __lwp_thread_resettimeslice
 .text.__lwp_thread_tickle_timeslice
                0x800164cc       0xc8 C:/devkitPro/libogc/lib/wii\libogc.a(lwp_threads.o)
                0x800164cc                __lwp_thread_tickle_timeslice
 .text.__lwp_thread_setstate
                0x80016594      0x16c C:/devkitPro/libogc/lib/wii\libogc.a(lwp_threads.o)
                0x80016594                __lwp_thread_setstate
 .text.__lwp_thread_clearstate
                0x80016700       0xe4 C:/devkitPro/libogc/lib/wii\libogc.a(lwp_threads.o)
                0x80016700                __lwp_thread_clearstate
 .text.__lwp_thread_delayended
                0x800167e4       0x48 C:/devkitPro/libogc/lib/wii\libogc.a(lwp_threads.o)
                0x800167e4                __lwp_thread_delayended
 .text.__lwp_thread_settransient
                0x8001682c       0xb4 C:/devkitPro/libogc/lib/wii\libogc.a(lwp_threads.o)
                0x8001682c                __lwp_thread_settransient
 .text.__lwp_thread_changepriority
                0x800168e0      0x1f8 C:/devkitPro/libogc/lib/wii\libogc.a(lwp_threads.o)
                0x800168e0                __lwp_thread_changepriority
 .text.__lwp_thread_ready
                0x80016ad8       0xf0 C:/devkitPro/libogc/lib/wii\libogc.a(lwp_threads.o)
                0x80016ad8                __lwp_thread_ready
 .text.__lwp_thread_init
                0x80016bc8      0x160 C:/devkitPro/libogc/lib/wii\libogc.a(lwp_threads.o)
                0x80016bc8                __lwp_thread_init
 .text.__lwp_thread_close
                0x80016d28      0x144 C:/devkitPro/libogc/lib/wii\libogc.a(lwp_threads.o)
                0x80016d28                __lwp_thread_close
 .text.__lwp_thread_handler
                0x80016e6c       0xc0 C:/devkitPro/libogc/lib/wii\libogc.a(lwp_threads.o)
 .text.__lwp_thread_closeall
                0x80016f2c       0xb0 C:/devkitPro/libogc/lib/wii\libogc.a(lwp_threads.o)
                0x80016f2c                __lwp_thread_closeall
 .text.__lwp_thread_start
                0x80016fdc      0x150 C:/devkitPro/libogc/lib/wii\libogc.a(lwp_threads.o)
                0x80016fdc                __lwp_thread_start
 .text.__lwp_thread_startmultitasking
                0x8001712c       0xac C:/devkitPro/libogc/lib/wii\libogc.a(lwp_threads.o)
                0x8001712c                __lwp_thread_startmultitasking
 .text.__lwp_thread_stopmultitasking
                0x800171d8       0x58 C:/devkitPro/libogc/lib/wii\libogc.a(lwp_threads.o)
                0x800171d8                __lwp_thread_stopmultitasking
 .text.__lwp_thread_coreinit
                0x80017230       0xc4 C:/devkitPro/libogc/lib/wii\libogc.a(lwp_threads.o)
                0x80017230                __lwp_thread_coreinit
 .text.idle_func
                0x800172f4        0x4 C:/devkitPro/libogc/lib/wii\libogc.a(lwp.o)
 .text.__lwp_sysinit
                0x800172f8      0x114 C:/devkitPro/libogc/lib/wii\libogc.a(lwp.o)
                0x800172f8                __lwp_sysinit
 .text.LWP_InitQueue
                0x8001740c      0x148 C:/devkitPro/libogc/lib/wii\libogc.a(lwp.o)
                0x8001740c                LWP_InitQueue
 .text.LWP_CloseQueue
                0x80017554       0xd4 C:/devkitPro/libogc/lib/wii\libogc.a(lwp.o)
                0x80017554                LWP_CloseQueue
 .text.LWP_ThreadSleep
                0x80017628       0xf8 C:/devkitPro/libogc/lib/wii\libogc.a(lwp.o)
                0x80017628                LWP_ThreadSleep
 .text.LWP_ThreadBroadcast
                0x80017720       0x88 C:/devkitPro/libogc/lib/wii\libogc.a(lwp.o)
                0x80017720                LWP_ThreadBroadcast
 .text.LWP_ThreadSignal
                0x800177a8       0x74 C:/devkitPro/libogc/lib/wii\libogc.a(lwp.o)
                0x800177a8                LWP_ThreadSignal
 .text.__lwp_stack_allocate
                0x8001781c       0x60 C:/devkitPro/libogc/lib/wii\libogc.a(lwp_stack.o)
                0x8001781c                __lwp_stack_allocate
 .text.__lwp_stack_free
                0x8001787c       0x1c C:/devkitPro/libogc/lib/wii\libogc.a(lwp_stack.o)
                0x8001787c                __lwp_stack_free
 .text.__lwp_wd_settimer
                0x80017898       0xdc C:/devkitPro/libogc/lib/wii\libogc.a(lwp_watchdog.o)
 .text.__lwp_watchdog_init
                0x80017974       0x2c C:/devkitPro/libogc/lib/wii\libogc.a(lwp_watchdog.o)
                0x80017974                __lwp_watchdog_init
 .text.__lwp_wd_insert
                0x800179a0      0x19c C:/devkitPro/libogc/lib/wii\libogc.a(lwp_watchdog.o)
                0x800179a0                __lwp_wd_insert
 .text.__lwp_wd_remove
                0x80017b3c      0x138 C:/devkitPro/libogc/lib/wii\libogc.a(lwp_watchdog.o)
                0x80017b3c                __lwp_wd_remove
 .text.__lwp_wd_tickle
                0x80017c74      0x120 C:/devkitPro/libogc/lib/wii\libogc.a(lwp_watchdog.o)
                0x80017c74                __lwp_wd_tickle
 .text.__lwp_wkspace_init
                0x80017d94       0xc0 C:/devkitPro/libogc/lib/wii\libogc.a(lwp_wkspace.o)
                0x80017d94                __lwp_wkspace_init
 .text.__lwp_objmgr_initinfo
                0x80017e54      0x1a0 C:/devkitPro/libogc/lib/wii\libogc.a(lwp_objmgr.o)
                0x80017e54                __lwp_objmgr_initinfo
 .text.__lwp_objmgr_getisrdisable
                0x80017ff4       0x60 C:/devkitPro/libogc/lib/wii\libogc.a(lwp_objmgr.o)
                0x80017ff4                __lwp_objmgr_getisrdisable
 .text.__lwp_objmgr_getnoprotection
                0x80018054       0x24 C:/devkitPro/libogc/lib/wii\libogc.a(lwp_objmgr.o)
                0x80018054                __lwp_objmgr_getnoprotection
 .text.__lwp_objmgr_get
                0x80018078       0x6c C:/devkitPro/libogc/lib/wii\libogc.a(lwp_objmgr.o)
                0x80018078                __lwp_objmgr_get
 .text.__lwp_objmgr_allocate
                0x800180e4       0x88 C:/devkitPro/libogc/lib/wii\libogc.a(lwp_objmgr.o)
                0x800180e4                __lwp_objmgr_allocate
 .text.__lwp_objmgr_free
                0x8001816c       0x60 C:/devkitPro/libogc/lib/wii\libogc.a(lwp_objmgr.o)
                0x8001816c                __lwp_objmgr_free
 .text.__lwp_heap_init
                0x800181cc       0xa4 C:/devkitPro/libogc/lib/wii\libogc.a(lwp_heap.o)
                0x800181cc                __lwp_heap_init
 .text.__lwp_heap_allocate
                0x80018270      0x160 C:/devkitPro/libogc/lib/wii\libogc.a(lwp_heap.o)
                0x80018270                __lwp_heap_allocate
 .text.__lwp_heap_free
                0x800183d0      0x188 C:/devkitPro/libogc/lib/wii\libogc.a(lwp_heap.o)
                0x800183d0                __lwp_heap_free
 .text.__SetInterrupts
                0x80018558      0x268 C:/devkitPro/libogc/lib/wii\libogc.a(irq.o)
 .text.c_irqdispatcher
                0x800187c0      0x268 C:/devkitPro/libogc/lib/wii\libogc.a(irq.o)
                0x800187c0                c_irqdispatcher
 .text.__UnmaskIrq
                0x80018a28       0x84 C:/devkitPro/libogc/lib/wii\libogc.a(irq.o)
                0x80018a28                __UnmaskIrq
 .text.__MaskIrq
                0x80018aac       0x84 C:/devkitPro/libogc/lib/wii\libogc.a(irq.o)
                0x80018aac                __MaskIrq
 .text.__irq_init
                0x80018b30       0x84 C:/devkitPro/libogc/lib/wii\libogc.a(irq.o)
                0x80018b30                __irq_init
 .text.IRQ_Request
                0x80018bb4       0x50 C:/devkitPro/libogc/lib/wii\libogc.a(irq.o)
                0x80018bb4                IRQ_Request
 .text.IRQ_GetHandler
                0x80018c04       0x44 C:/devkitPro/libogc/lib/wii\libogc.a(irq.o)
                0x80018c04                IRQ_GetHandler
 .text.IRQ_Disable
                0x80018c48       0x1c C:/devkitPro/libogc/lib/wii\libogc.a(irq.o)
                0x80018c48                IRQ_Disable
 .text.IRQ_Restore
                0x80018c64       0x1c C:/devkitPro/libogc/lib/wii\libogc.a(irq.o)
                0x80018c64                IRQ_Restore
 .text.__VISendI2CData.constprop.0.isra.0
                0x80018c80      0x428 C:/devkitPro/libogc/lib/wii\libogc.a(video.o)
 .text.__setFbbRegs.constprop.0
                0x800190a8      0x190 C:/devkitPro/libogc/lib/wii\libogc.a(video.o)
 .text.__VISetYUVSEL
                0x80019238       0xb8 C:/devkitPro/libogc/lib/wii\libogc.a(video.o)
 .text.VIDEO_Configure
                0x800192f0      0x600 C:/devkitPro/libogc/lib/wii\libogc.a(video.o)
                0x800192f0                VIDEO_Configure
 .text.VIDEO_WaitVSync
                0x800198f0       0x74 C:/devkitPro/libogc/lib/wii\libogc.a(video.o)
                0x800198f0                VIDEO_WaitVSync
 .text.VIDEO_SetFramebuffer
                0x80019964       0xd0 C:/devkitPro/libogc/lib/wii\libogc.a(video.o)
                0x80019964                VIDEO_SetFramebuffer
 .text.VIDEO_SetNextFramebuffer
                0x80019a34       0x70 C:/devkitPro/libogc/lib/wii\libogc.a(video.o)
                0x80019a34                VIDEO_SetNextFramebuffer
 .text.VIDEO_Flush
                0x80019aa4       0xf4 C:/devkitPro/libogc/lib/wii\libogc.a(video.o)
                0x80019aa4                VIDEO_Flush
 .text.VIDEO_SetBlack
                0x80019b98      0x15c C:/devkitPro/libogc/lib/wii\libogc.a(video.o)
                0x80019b98                VIDEO_SetBlack
 .text.VIDEO_GetCurrentTvMode
                0x80019cf4       0x78 C:/devkitPro/libogc/lib/wii\libogc.a(video.o)
                0x80019cf4                VIDEO_GetCurrentTvMode
 .text.__VIRetraceHandler
                0x80019d6c      0x284 C:/devkitPro/libogc/lib/wii\libogc.a(video.o)
 .text.__VISetupEncoder
                0x80019ff0      0x288 C:/devkitPro/libogc/lib/wii\libogc.a(video.o)
 .text.VIDEO_Init
                0x8001a278      0x3cc C:/devkitPro/libogc/lib/wii\libogc.a(video.o)
                0x8001a278                VIDEO_Init
 .text.VIDEO_GetPreferredMode
                0x8001a644      0x108 C:/devkitPro/libogc/lib/wii\libogc.a(video.o)
                0x8001a644                VIDEO_GetPreferredMode
 .text.VIDEO_GetCurrentLine
                0x8001a74c       0xa0 C:/devkitPro/libogc/lib/wii\libogc.a(video.o)
                0x8001a74c                VIDEO_GetCurrentLine
 .text.VIDEO_GetFrameBufferSize
                0x8001a7ec       0x34 C:/devkitPro/libogc/lib/wii\libogc.a(video.o)
                0x8001a7ec                VIDEO_GetFrameBufferSize
 .text.__call_resetfuncs
                0x8001a820       0xbc C:/devkitPro/libogc/lib/wii\libogc.a(system.o)
 .text.__MEMInterruptHandler
                0x8001a8dc       0x14 C:/devkitPro/libogc/lib/wii\libogc.a(system.o)
 .text.__RSWDefaultHandler
                0x8001a8f0        0x4 C:/devkitPro/libogc/lib/wii\libogc.a(system.o)
 .text.__POWDefaultHandler
                0x8001a8f4        0x4 C:/devkitPro/libogc/lib/wii\libogc.a(system.o)
 .text.__STMEventHandler
                0x8001a8f8      0x104 C:/devkitPro/libogc/lib/wii\libogc.a(system.o)
 .text.__getrtc
                0x8001a9fc      0x13c C:/devkitPro/libogc/lib/wii\libogc.a(system.o)
 .text.__sram_write
                0x8001ab38      0x130 C:/devkitPro/libogc/lib/wii\libogc.a(system.o)
 .text.__sram_writecallback
                0x8001ac68       0x54 C:/devkitPro/libogc/lib/wii\libogc.a(system.o)
 .text.__mem_onreset
                0x8001acbc       0x48 C:/devkitPro/libogc/lib/wii\libogc.a(system.o)
 .text.__unlocksram
                0x8001ad04      0x174 C:/devkitPro/libogc/lib/wii\libogc.a(system.o)
 .text.__sys_alarmhandler
                0x8001ae78      0x154 C:/devkitPro/libogc/lib/wii\libogc.a(system.o)
 .text.__syscall_malloc_lock
                0x8001afcc        0x4 C:/devkitPro/libogc/lib/wii\libogc.a(system.o)
                0x8001afcc                __syscall_malloc_lock
 .text.__syscall_malloc_unlock
                0x8001afd0        0x4 C:/devkitPro/libogc/lib/wii\libogc.a(system.o)
                0x8001afd0                __syscall_malloc_unlock
 .text.__syscall_gettod_r
                0x8001afd4        0x4 C:/devkitPro/libogc/lib/wii\libogc.a(system.o)
                0x8001afd4                __syscall_gettod_r
 .text.__syscall_nanosleep
                0x8001afd8        0x4 C:/devkitPro/libogc/lib/wii\libogc.a(system.o)
                0x8001afd8                __syscall_nanosleep
 .text.__SYS_GetRTC
                0x8001afdc       0x98 C:/devkitPro/libogc/lib/wii\libogc.a(system.o)
                0x8001afdc                __SYS_GetRTC
 .text.__SYS_SetBootTime
                0x8001b074      0x108 C:/devkitPro/libogc/lib/wii\libogc.a(system.o)
                0x8001b074                __SYS_SetBootTime
 .text.__SYS_GetIPCBufferLo
                0x8001b17c        0x8 C:/devkitPro/libogc/lib/wii\libogc.a(system.o)
                0x8001b17c                __SYS_GetIPCBufferLo
 .text.__SYS_GetIPCBufferHi
                0x8001b184        0x8 C:/devkitPro/libogc/lib/wii\libogc.a(system.o)
                0x8001b184                __SYS_GetIPCBufferHi
 .text.__SYS_DoPowerCB
                0x8001b18c       0x74 C:/devkitPro/libogc/lib/wii\libogc.a(system.o)
                0x8001b18c                __SYS_DoPowerCB
 .text.__SYS_PreInit
                0x8001b200        0x4 C:/devkitPro/libogc/lib/wii\libogc.a(system.o)
                0x8001b200                __SYS_PreInit
 .text.SYS_PreMain
                0x8001b204       0x7c C:/devkitPro/libogc/lib/wii\libogc.a(system.o)
                0x8001b204                SYS_PreMain
 .text.SYS_ResetButtonDown
                0x8001b280       0x18 C:/devkitPro/libogc/lib/wii\libogc.a(system.o)
                0x8001b280                SYS_ResetButtonDown
 .text.SYS_ResetSystem
                0x8001b298      0x1f8 C:/devkitPro/libogc/lib/wii\libogc.a(system.o)
                0x8001b298                SYS_ResetSystem
 .text.__reload
                0x8001b490       0x84 C:/devkitPro/libogc/lib/wii\libogc.a(system.o)
                0x8001b490                __reload
 .text.__syscall_exit
                0x8001b514       0x8c C:/devkitPro/libogc/lib/wii\libogc.a(system.o)
                0x8001b514                __syscall_exit
 .text.SYS_RegisterResetFunc
                0x8001b5a0       0x78 C:/devkitPro/libogc/lib/wii\libogc.a(system.o)
                0x8001b5a0                SYS_RegisterResetFunc
 .text.SYS_SetArena1Lo
                0x8001b618       0x38 C:/devkitPro/libogc/lib/wii\libogc.a(system.o)
                0x8001b618                SYS_SetArena1Lo
 .text.SYS_GetArena1Lo
                0x8001b650       0x38 C:/devkitPro/libogc/lib/wii\libogc.a(system.o)
                0x8001b650                SYS_GetArena1Lo
 .text.SYS_GetArena1Hi
                0x8001b688       0x38 C:/devkitPro/libogc/lib/wii\libogc.a(system.o)
                0x8001b688                SYS_GetArena1Hi
 .text.SYS_SetArena2Lo
                0x8001b6c0       0x38 C:/devkitPro/libogc/lib/wii\libogc.a(system.o)
                0x8001b6c0                SYS_SetArena2Lo
 .text.SYS_GetArena2Lo
                0x8001b6f8       0x38 C:/devkitPro/libogc/lib/wii\libogc.a(system.o)
                0x8001b6f8                SYS_GetArena2Lo
 .text.SYS_SetArena2Hi
                0x8001b730       0x38 C:/devkitPro/libogc/lib/wii\libogc.a(system.o)
                0x8001b730                SYS_SetArena2Hi
 .text.SYS_GetArena2Hi
                0x8001b768       0x38 C:/devkitPro/libogc/lib/wii\libogc.a(system.o)
                0x8001b768                SYS_GetArena2Hi
 .text.SYS_AllocateFramebuffer
                0x8001b7a0       0x28 C:/devkitPro/libogc/lib/wii\libogc.a(system.o)
                0x8001b7a0                SYS_AllocateFramebuffer
 .text.SYS_CreateAlarm
                0x8001b7c8      0x104 C:/devkitPro/libogc/lib/wii\libogc.a(system.o)
                0x8001b7c8                SYS_CreateAlarm
 .text.SYS_SetAlarm
                0x8001b8cc      0x1e0 C:/devkitPro/libogc/lib/wii\libogc.a(system.o)
                0x8001b8cc                SYS_SetAlarm
 .text.SYS_SetPeriodicAlarm
                0x8001baac      0x270 C:/devkitPro/libogc/lib/wii\libogc.a(system.o)
                0x8001baac                SYS_SetPeriodicAlarm
 .text.SYS_RemoveAlarm
                0x8001bd1c      0x10c C:/devkitPro/libogc/lib/wii\libogc.a(system.o)
                0x8001bd1c                SYS_RemoveAlarm
 .text.SYS_CancelAlarm
                0x8001be28       0xbc C:/devkitPro/libogc/lib/wii\libogc.a(system.o)
                0x8001be28                SYS_CancelAlarm
 .text.SYS_GetWirelessID
                0x8001bee4       0x90 C:/devkitPro/libogc/lib/wii\libogc.a(system.o)
                0x8001bee4                SYS_GetWirelessID
 .text.SYS_SetWirelessID
                0x8001bf74       0x90 C:/devkitPro/libogc/lib/wii\libogc.a(system.o)
                0x8001bf74                SYS_SetWirelessID
 .text.SYS_SetGBSMode
                0x8001c004       0xa8 C:/devkitPro/libogc/lib/wii\libogc.a(system.o)
                0x8001c004                SYS_SetGBSMode
 .text.__sram_init
                0x8001c0ac      0x1b8 C:/devkitPro/libogc/lib/wii\libogc.a(system.o)
                0x8001c0ac                __sram_init
 .text.SYS_Init
                0x8001c264      0x5b4 C:/devkitPro/libogc/lib/wii\libogc.a(system.o)
                0x8001c264                SYS_Init
 .text.SYS_GetHollywoodRevision
                0x8001c818       0x3c C:/devkitPro/libogc/lib/wii\libogc.a(system.o)
                0x8001c818                SYS_GetHollywoodRevision
 .text.SYS_Time
                0x8001c854       0x78 C:/devkitPro/libogc/lib/wii\libogc.a(system.o)
                0x8001c854                SYS_Time
 .text.__lwp_cond_init
                0x8001c8cc       0x14 C:/devkitPro/libogc/lib/wii\libogc.a(cond.o)
                0x8001c8cc                __lwp_cond_init
 .text.__decrementer_init
                0x8001c8e0        0x4 C:/devkitPro/libogc/lib/wii\libogc.a(decrementer.o)
                0x8001c8e0                __decrementer_init
 .text.c_decrementer_handler
                0x8001c8e4        0xc C:/devkitPro/libogc/lib/wii\libogc.a(decrementer.o)
                0x8001c8e4                c_decrementer_handler
 .text.__lwp_mqbox_init
                0x8001c8f0       0x14 C:/devkitPro/libogc/lib/wii\libogc.a(message.o)
                0x8001c8f0                __lwp_mqbox_init
 .text.__si_transfer
                0x8001c904      0x194 C:/devkitPro/libogc/lib/wii\libogc.a(si.o)
 .text.__si_alarmhandler
                0x8001ca98       0xdc C:/devkitPro/libogc/lib/wii\libogc.a(si.o)
 .text.__si_completetransfer
                0x8001cb74      0x1fc C:/devkitPro/libogc/lib/wii\libogc.a(si.o)
 .text.__si_transfernext
                0x8001cd70       0xe0 C:/devkitPro/libogc/lib/wii\libogc.a(si.o)
 .text.SI_Busy  0x8001ce50       0x18 C:/devkitPro/libogc/lib/wii\libogc.a(si.o)
                0x8001ce50                SI_Busy
 .text.SI_IsChanBusy
                0x8001ce68       0x38 C:/devkitPro/libogc/lib/wii\libogc.a(si.o)
                0x8001ce68                SI_IsChanBusy
 .text.SI_SetXY
                0x8001cea0       0x64 C:/devkitPro/libogc/lib/wii\libogc.a(si.o)
                0x8001cea0                SI_SetXY
 .text.SI_EnablePolling
                0x8001cf04       0x78 C:/devkitPro/libogc/lib/wii\libogc.a(si.o)
                0x8001cf04                SI_EnablePolling
 .text.SI_DisablePolling
                0x8001cf7c       0x58 C:/devkitPro/libogc/lib/wii\libogc.a(si.o)
                0x8001cf7c                SI_DisablePolling
 .text.SI_SetSamplingRate
                0x8001cfd4       0xd8 C:/devkitPro/libogc/lib/wii\libogc.a(si.o)
                0x8001cfd4                SI_SetSamplingRate
 .text.SI_RefreshSamplingRate
                0x8001d0ac        0x8 C:/devkitPro/libogc/lib/wii\libogc.a(si.o)
                0x8001d0ac                SI_RefreshSamplingRate
 .text.SI_GetStatus
                0x8001d0b4       0x78 C:/devkitPro/libogc/lib/wii\libogc.a(si.o)
                0x8001d0b4                SI_GetStatus
 .text.SI_GetResponseRaw
                0x8001d12c       0xe8 C:/devkitPro/libogc/lib/wii\libogc.a(si.o)
                0x8001d12c                SI_GetResponseRaw
 .text.SI_GetResponse
                0x8001d214       0xb8 C:/devkitPro/libogc/lib/wii\libogc.a(si.o)
                0x8001d214                SI_GetResponse
 .text.SI_SetCommand
                0x8001d2cc       0x10 C:/devkitPro/libogc/lib/wii\libogc.a(si.o)
                0x8001d2cc                SI_SetCommand
 .text.SI_Transfer
                0x8001d2dc      0x268 C:/devkitPro/libogc/lib/wii\libogc.a(si.o)
                0x8001d2dc                SI_Transfer
 .text.__si_gettypecallback
                0x8001d544      0x2c0 C:/devkitPro/libogc/lib/wii\libogc.a(si.o)
 .text.__si_interrupthandler
                0x8001d804      0x268 C:/devkitPro/libogc/lib/wii\libogc.a(si.o)
 .text.SI_GetType
                0x8001da6c      0x214 C:/devkitPro/libogc/lib/wii\libogc.a(si.o)
                0x8001da6c                SI_GetType
 .text.SI_GetTypeAsync
                0x8001dc80      0x138 C:/devkitPro/libogc/lib/wii\libogc.a(si.o)
                0x8001dc80                SI_GetTypeAsync
 .text.SI_EnablePollingInterrupt
                0x8001ddb8       0x8c C:/devkitPro/libogc/lib/wii\libogc.a(si.o)
                0x8001ddb8                SI_EnablePollingInterrupt
 .text.SI_UnregisterPollingHandler
                0x8001de44       0xe0 C:/devkitPro/libogc/lib/wii\libogc.a(si.o)
                0x8001de44                SI_UnregisterPollingHandler
 .text.__si_init
                0x8001df24       0xe0 C:/devkitPro/libogc/lib/wii\libogc.a(si.o)
                0x8001df24                __si_init
 .text.__ipc_sendrequest.part.0
                0x8001e004       0xdc C:/devkitPro/libogc/lib/wii\libogc.a(ipc.o)
 .text.__ipc_syncrequest
                0x8001e0e0       0xec C:/devkitPro/libogc/lib/wii\libogc.a(ipc.o)
 .text.__ioctlvfmtCB
                0x8001e1cc      0x158 C:/devkitPro/libogc/lib/wii\libogc.a(ipc.o)
 .text.__ios_ioctlvformat_parse
                0x8001e324      0x820 C:/devkitPro/libogc/lib/wii\libogc.a(ipc.o)
 .text.__ipc_asyncrequest
                0x8001eb44      0x148 C:/devkitPro/libogc/lib/wii\libogc.a(ipc.o)
 .text.__ipc_interrupthandler
                0x8001ec8c      0x34c C:/devkitPro/libogc/lib/wii\libogc.a(ipc.o)
 .text.iosCreateHeap
                0x8001efd8      0x138 C:/devkitPro/libogc/lib/wii\libogc.a(ipc.o)
                0x8001efd8                iosCreateHeap
 .text.iosAlloc
                0x8001f110       0x30 C:/devkitPro/libogc/lib/wii\libogc.a(ipc.o)
                0x8001f110                iosAlloc
 .text.iosFree  0x8001f140       0x28 C:/devkitPro/libogc/lib/wii\libogc.a(ipc.o)
                0x8001f140                iosFree
 .text.__IPC_ClntInit
                0x8001f168       0xc8 C:/devkitPro/libogc/lib/wii\libogc.a(ipc.o)
                0x8001f168                __IPC_ClntInit
 .text.IOS_Open
                0x8001f230      0x110 C:/devkitPro/libogc/lib/wii\libogc.a(ipc.o)
                0x8001f230                IOS_Open
 .text.IOS_OpenAsync
                0x8001f340       0xf4 C:/devkitPro/libogc/lib/wii\libogc.a(ipc.o)
                0x8001f340                IOS_OpenAsync
 .text.IOS_Close
                0x8001f434       0xf0 C:/devkitPro/libogc/lib/wii\libogc.a(ipc.o)
                0x8001f434                IOS_Close
 .text.IOS_CloseAsync
                0x8001f524       0xb4 C:/devkitPro/libogc/lib/wii\libogc.a(ipc.o)
                0x8001f524                IOS_CloseAsync
 .text.IOS_Read
                0x8001f5d8      0x10c C:/devkitPro/libogc/lib/wii\libogc.a(ipc.o)
                0x8001f5d8                IOS_Read
 .text.IOS_Write
                0x8001f6e4      0x10c C:/devkitPro/libogc/lib/wii\libogc.a(ipc.o)
                0x8001f6e4                IOS_Write
 .text.IOS_Ioctl
                0x8001f7f0      0x158 C:/devkitPro/libogc/lib/wii\libogc.a(ipc.o)
                0x8001f7f0                IOS_Ioctl
 .text.IOS_IoctlAsync
                0x8001f948      0x148 C:/devkitPro/libogc/lib/wii\libogc.a(ipc.o)
                0x8001f948                IOS_IoctlAsync
 .text.IOS_Ioctlv
                0x8001fa90      0x1f0 C:/devkitPro/libogc/lib/wii\libogc.a(ipc.o)
                0x8001fa90                IOS_Ioctlv
 .text.IOS_IoctlvAsync
                0x8001fc80      0x1d4 C:/devkitPro/libogc/lib/wii\libogc.a(ipc.o)
                0x8001fc80                IOS_IoctlvAsync
 .text.IOS_IoctlvFormat
                0x8001fe54      0x16c C:/devkitPro/libogc/lib/wii\libogc.a(ipc.o)
                0x8001fe54                IOS_IoctlvFormat
 .text.IOS_IoctlvFormatAsync
                0x8001ffc0      0x194 C:/devkitPro/libogc/lib/wii\libogc.a(ipc.o)
                0x8001ffc0                IOS_IoctlvFormatAsync
 .text.IOS_IoctlvReboot
                0x80020154      0x1f4 C:/devkitPro/libogc/lib/wii\libogc.a(ipc.o)
                0x80020154                IOS_IoctlvReboot
 .text.gettick  0x80020348        0x8 C:/devkitPro/libogc/lib/wii\libogc.a(timesupp.o)
                0x80020348                gettick
 .text.gettime  0x80020350       0x18 C:/devkitPro/libogc/lib/wii\libogc.a(timesupp.o)
                0x80020350                gettime
 .text.settime  0x80020368       0x14 C:/devkitPro/libogc/lib/wii\libogc.a(timesupp.o)
                0x80020368                settime
 .text.diff_usec
                0x8002037c       0x88 C:/devkitPro/libogc/lib/wii\libogc.a(timesupp.o)
                0x8002037c                diff_usec
 .text.__timesystem_init
                0x80020404       0x1c C:/devkitPro/libogc/lib/wii\libogc.a(timesupp.o)
                0x80020404                __timesystem_init
 .text.udelay   0x80020420       0xac C:/devkitPro/libogc/lib/wii\libogc.a(timesupp.o)
                0x80020420                udelay
 .text.__libogc_nanosleep
                0x800204cc      0x144 C:/devkitPro/libogc/lib/wii\libogc.a(timesupp.o)
                0x800204cc                __libogc_nanosleep
 .text.__libogc_gettod_r
                0x80020610       0xd4 C:/devkitPro/libogc/lib/wii\libogc.a(timesupp.o)
                0x80020610                __libogc_gettod_r
 .text.__syscall_lock_init
                0x800206e4       0x6c C:/devkitPro/libogc/lib/wii\libogc.a(lock_supp.o)
                0x800206e4                __syscall_lock_init
 .text.__syscall_lock_init_recursive
                0x80020750       0x6c C:/devkitPro/libogc/lib/wii\libogc.a(lock_supp.o)
                0x80020750                __syscall_lock_init_recursive
 .text.__syscall_lock_close
                0x800207bc       0x68 C:/devkitPro/libogc/lib/wii\libogc.a(lock_supp.o)
                0x800207bc                __syscall_lock_close
 .text.__syscall_lock_acquire
                0x80020824       0x18 C:/devkitPro/libogc/lib/wii\libogc.a(lock_supp.o)
                0x80020824                __syscall_lock_acquire
 .text.__syscall_lock_release
                0x8002083c       0x18 C:/devkitPro/libogc/lib/wii\libogc.a(lock_supp.o)
                0x8002083c                __syscall_lock_release
 .text.__usbgecko_exi_unlock
                0x80020854       0x34 C:/devkitPro/libogc/lib/wii\libogc.a(usbgecko.o)
 .text.usb_isgeckoalive
                0x80020888      0x1bc C:/devkitPro/libogc/lib/wii\libogc.a(usbgecko.o)
                0x80020888                usb_isgeckoalive
 .text.usb_sendbuffer_ex
                0x80020a44      0x214 C:/devkitPro/libogc/lib/wii\libogc.a(usbgecko.o)
                0x80020a44                usb_sendbuffer_ex
 .text.usb_sendbuffer
                0x80020c58        0x8 C:/devkitPro/libogc/lib/wii\libogc.a(usbgecko.o)
                0x80020c58                usb_sendbuffer
 .text.usb_sendbuffer_safe_ex
                0x80020c60      0x2ac C:/devkitPro/libogc/lib/wii\libogc.a(usbgecko.o)
                0x80020c60                usb_sendbuffer_safe_ex
 .text.usb_sendbuffer_safe
                0x80020f0c        0x8 C:/devkitPro/libogc/lib/wii\libogc.a(usbgecko.o)
                0x80020f0c                usb_sendbuffer_safe
 .text._sbrk_r  0x80020f14      0x28c C:/devkitPro/libogc/lib/wii\libogc.a(sbrk.o)
                0x80020f14                _sbrk_r
 .text.__memlock_init
                0x800211a0       0x7c C:/devkitPro/libogc/lib/wii\libogc.a(malloc_lock.o)
                0x800211a0                __memlock_init
 .text.__libogc_malloc_lock
                0x8002121c      0x1fc C:/devkitPro/libogc/lib/wii\libogc.a(malloc_lock.o)
                0x8002121c                __libogc_malloc_lock
 .text.__libogc_malloc_unlock
                0x80021418       0x64 C:/devkitPro/libogc/lib/wii\libogc.a(malloc_lock.o)
                0x80021418                __libogc_malloc_unlock
 .text.__STM_SetEventHook
                0x8002147c       0xb0 C:/devkitPro/libogc/lib/wii\libogc.a(stm.o)
                0x8002147c                __STM_SetEventHook
 .text.__STM_Init
                0x8002152c       0x8c C:/devkitPro/libogc/lib/wii\libogc.a(stm.o)
                0x8002152c                __STM_Init
 .text.__STMEventHandler
                0x800215b8       0x64 C:/devkitPro/libogc/lib/wii\libogc.a(stm.o)
 .text.__STM_ReleaseEventHook
                0x8002161c       0x80 C:/devkitPro/libogc/lib/wii\libogc.a(stm.o)
                0x8002161c                __STM_ReleaseEventHook
 .text.__STM_Close
                0x8002169c       0xac C:/devkitPro/libogc/lib/wii\libogc.a(stm.o)
                0x8002169c                __STM_Close
 .text.STM_RegisterEventHandler
                0x80021748       0x10 C:/devkitPro/libogc/lib/wii\libogc.a(stm.o)
                0x80021748                STM_RegisterEventHandler
 .text.STM_ShutdownToStandby
                0x80021758       0x50 C:/devkitPro/libogc/lib/wii\libogc.a(stm.o)
                0x80021758                STM_ShutdownToStandby
 .text.STM_ShutdownToIdle
                0x800217a8       0x70 C:/devkitPro/libogc/lib/wii\libogc.a(stm.o)
                0x800217a8                STM_ShutdownToIdle
 .text.STM_SetLedMode
                0x80021818       0x40 C:/devkitPro/libogc/lib/wii\libogc.a(stm.o)
                0x80021818                STM_SetLedMode
 .text.STM_RebootSystem
                0x80021858       0x50 C:/devkitPro/libogc/lib/wii\libogc.a(stm.o)
                0x80021858                STM_RebootSystem
 .text.__IOS_InitializeSubsystems
                0x800218a8       0x44 C:/devkitPro/libogc/lib/wii\libogc.a(ios.o)
                0x800218a8                __IOS_InitializeSubsystems
 .text.__IOS_ShutdownSubsystems
                0x800218ec       0x44 C:/devkitPro/libogc/lib/wii\libogc.a(ios.o)
                0x800218ec                __IOS_ShutdownSubsystems
 .text.__IOS_LoadStartupIOS
                0x80021930        0x8 C:/devkitPro/libogc/lib/wii\libogc.a(ios.o)
                0x80021930                __IOS_LoadStartupIOS
 .text._ES_fstat_r
                0x80021938      0x120 C:/devkitPro/libogc/lib/wii\libogc.a(es.o)
 .text._ES_seek_r
                0x80021a58       0xdc C:/devkitPro/libogc/lib/wii\libogc.a(es.o)
 .text._ES_close_r
                0x80021b34       0xac C:/devkitPro/libogc/lib/wii\libogc.a(es.o)
 .text.__ES_Init
                0x80021be0       0x78 C:/devkitPro/libogc/lib/wii\libogc.a(es.o)
                0x80021be0                __ES_Init
 .text.__ES_Close
                0x80021c58       0x54 C:/devkitPro/libogc/lib/wii\libogc.a(es.o)
                0x80021c58                __ES_Close
 .text.ES_GetTitleID
                0x80021cac       0x94 C:/devkitPro/libogc/lib/wii\libogc.a(es.o)
                0x80021cac                ES_GetTitleID
 .text.ES_LaunchTitle
                0x80021d40       0xa4 C:/devkitPro/libogc/lib/wii\libogc.a(es.o)
                0x80021d40                ES_LaunchTitle
 .text.ES_GetNumTicketViews
                0x80021de4       0x98 C:/devkitPro/libogc/lib/wii\libogc.a(es.o)
                0x80021de4                ES_GetNumTicketViews
 .text.ES_GetTicketViews
                0x80021e7c       0x8c C:/devkitPro/libogc/lib/wii\libogc.a(es.o)
                0x80021e7c                ES_GetTicketViews
 .text.ES_GetStoredTMD
                0x80021f08       0x90 C:/devkitPro/libogc/lib/wii\libogc.a(es.o)
                0x80021f08                ES_GetStoredTMD
 .text._ES_decodepath
                0x80021f98      0x440 C:/devkitPro/libogc/lib/wii\libogc.a(es.o)
 .text._ES_stat_r
                0x800223d8       0xec C:/devkitPro/libogc/lib/wii\libogc.a(es.o)
 .text._ES_open_r
                0x800224c4      0x1d0 C:/devkitPro/libogc/lib/wii\libogc.a(es.o)
 .text.ES_ReadContent
                0x80022694       0x6c C:/devkitPro/libogc/lib/wii\libogc.a(es.o)
                0x80022694                ES_ReadContent
 .text._ES_read_r
                0x80022700      0x1a0 C:/devkitPro/libogc/lib/wii\libogc.a(es.o)
 .text.__usbv5_devicechangeCB
                0x800228a0      0x180 C:/devkitPro/libogc/lib/wii\libogc.a(usb.o)
 .text.__usbv5_attachfinishCB
                0x80022a20       0xcc C:/devkitPro/libogc/lib/wii\libogc.a(usb.o)
 .text.__usbv5_messageCB
                0x80022aec       0x5c C:/devkitPro/libogc/lib/wii\libogc.a(usb.o)
 .text.__usb_control_message
                0x80022b48      0x458 C:/devkitPro/libogc/lib/wii\libogc.a(usb.o)
 .text.__usb_interrupt_bulk_message
                0x80022fa0      0x2c0 C:/devkitPro/libogc/lib/wii\libogc.a(usb.o)
 .text.__usbv0_messageCB
                0x80023260       0xa8 C:/devkitPro/libogc/lib/wii\libogc.a(usb.o)
 .text.USB_FreeDescriptors.part.0
                0x80023308       0xfc C:/devkitPro/libogc/lib/wii\libogc.a(usb.o)
 .text.USB_GetDescriptors.part.0
                0x80023404      0x708 C:/devkitPro/libogc/lib/wii\libogc.a(usb.o)
 .text.USB5_RegisterDeviceRemoval
                0x80023b0c       0xe8 C:/devkitPro/libogc/lib/wii\libogc.a(usb.o)
 .text.USBV5_SuspendResume
                0x80023bf4      0x138 C:/devkitPro/libogc/lib/wii\libogc.a(usb.o)
 .text.USBV5_GetDescriptors
                0x80023d2c      0x524 C:/devkitPro/libogc/lib/wii\libogc.a(usb.o)
 .text.USB_Deinitialize
                0x80024250       0xc8 C:/devkitPro/libogc/lib/wii\libogc.a(usb.o)
                0x80024250                USB_Deinitialize
 .text.USB_Initialize
                0x80024318      0x2f8 C:/devkitPro/libogc/lib/wii\libogc.a(usb.o)
                0x80024318                USB_Initialize
 .text.USB_OpenDevice
                0x80024610      0x2b8 C:/devkitPro/libogc/lib/wii\libogc.a(usb.o)
                0x80024610                USB_OpenDevice
 .text.USBV5_CloseDevice
                0x800248c8      0x128 C:/devkitPro/libogc/lib/wii\libogc.a(usb.o)
                0x800248c8                USBV5_CloseDevice
 .text.USB_CloseDevice
                0x800249f0       0x84 C:/devkitPro/libogc/lib/wii\libogc.a(usb.o)
                0x800249f0                USB_CloseDevice
 .text.USB_CloseDeviceAsync
                0x80024a74       0xd0 C:/devkitPro/libogc/lib/wii\libogc.a(usb.o)
                0x80024a74                USB_CloseDeviceAsync
 .text.USB_GetDescriptors
                0x80024b44       0x40 C:/devkitPro/libogc/lib/wii\libogc.a(usb.o)
                0x80024b44                USB_GetDescriptors
 .text.USB_FreeDescriptors
                0x80024b84       0x10 C:/devkitPro/libogc/lib/wii\libogc.a(usb.o)
                0x80024b84                USB_FreeDescriptors
 .text.USB_ReadIntrMsgAsync
                0x80024b94       0x28 C:/devkitPro/libogc/lib/wii\libogc.a(usb.o)
                0x80024b94                USB_ReadIntrMsgAsync
 .text.USB_ReadBlkMsgAsync
                0x80024bbc       0x28 C:/devkitPro/libogc/lib/wii\libogc.a(usb.o)
                0x80024bbc                USB_ReadBlkMsgAsync
 .text.USB_WriteBlkMsgAsync
                0x80024be4       0x28 C:/devkitPro/libogc/lib/wii\libogc.a(usb.o)
                0x80024be4                USB_WriteBlkMsgAsync
 .text.USB_WriteCtrlMsgAsync
                0x80024c0c        0x4 C:/devkitPro/libogc/lib/wii\libogc.a(usb.o)
                0x80024c0c                USB_WriteCtrlMsgAsync
 .text.USB_DeviceRemovalNotifyAsync
                0x80024c10       0xbc C:/devkitPro/libogc/lib/wii\libogc.a(usb.o)
                0x80024c10                USB_DeviceRemovalNotifyAsync
 .text.USB_ResumeDevice
                0x80024ccc       0x2c C:/devkitPro/libogc/lib/wii\libogc.a(usb.o)
                0x80024ccc                USB_ResumeDevice
 .text.USB_GetDeviceList
                0x80024cf8      0x2b8 C:/devkitPro/libogc/lib/wii\libogc.a(usb.o)
                0x80024cf8                USB_GetDeviceList
 .text.USB_SetConfiguration
                0x80024fb0       0x40 C:/devkitPro/libogc/lib/wii\libogc.a(usb.o)
                0x80024fb0                USB_SetConfiguration
 .text.USB_GetConfiguration
                0x80024ff0       0xa4 C:/devkitPro/libogc/lib/wii\libogc.a(usb.o)
                0x80024ff0                USB_GetConfiguration
 .text.USB_SetAlternativeInterface
                0x80025094       0x40 C:/devkitPro/libogc/lib/wii\libogc.a(usb.o)
                0x80025094                USB_SetAlternativeInterface
 .text.USB_ClearHalt
                0x800250d4      0x1d0 C:/devkitPro/libogc/lib/wii\libogc.a(usb.o)
                0x800250d4                USB_ClearHalt
 .text.inet_aton
                0x800252a4      0x238 C:/devkitPro/libogc/lib/wii\libogc.a(network_common.o)
                0x800252a4                inet_aton
 .text.inet_addr
                0x800254dc       0x44 C:/devkitPro/libogc/lib/wii\libogc.a(network_common.o)
                0x800254dc                inet_addr
 .text.inet_ntoa
                0x80025520       0xfc C:/devkitPro/libogc/lib/wii\libogc.a(network_common.o)
                0x80025520                inet_ntoa
 .text.__CheckARGV
                0x8002561c       0x80 C:/devkitPro/libogc/lib/wii\libogc.a(argv.o)
                0x8002561c                __CheckARGV
 .text.NetCreateHeap
                0x8002569c       0xf8 C:/devkitPro/libogc/lib/wii\libogc.a(network_wii.o)
 .text.net_init_callback
                0x80025794        0xc C:/devkitPro/libogc/lib/wii\libogc.a(network_wii.o)
 .text.net_init_chain
                0x800257a0      0x67c C:/devkitPro/libogc/lib/wii\libogc.a(network_wii.o)
 .text.net_init_alarm
                0x80025e1c        0x8 C:/devkitPro/libogc/lib/wii\libogc.a(network_wii.o)
 .text.net_init_async
                0x80025e24      0x12c C:/devkitPro/libogc/lib/wii\libogc.a(network_wii.o)
                0x80025e24                net_init_async
 .text.net_init
                0x80025f50       0x5c C:/devkitPro/libogc/lib/wii\libogc.a(network_wii.o)
                0x80025f50                net_init
 .text.net_wc24cleanup
                0x80025fac       0x64 C:/devkitPro/libogc/lib/wii\libogc.a(network_wii.o)
                0x80025fac                net_wc24cleanup
 .text.net_connect
                0x80026010      0x124 C:/devkitPro/libogc/lib/wii\libogc.a(network_wii.o)
                0x80026010                net_connect
 .text.net_sendto
                0x80026134      0x2c4 C:/devkitPro/libogc/lib/wii\libogc.a(network_wii.o)
                0x80026134                net_sendto
 .text.net_write
                0x800263f8       0x10 C:/devkitPro/libogc/lib/wii\libogc.a(network_wii.o)
                0x800263f8                net_write
 .text.net_recvfrom
                0x80026408      0x290 C:/devkitPro/libogc/lib/wii\libogc.a(network_wii.o)
                0x80026408                net_recvfrom
 .text.net_read
                0x80026698       0x10 C:/devkitPro/libogc/lib/wii\libogc.a(network_wii.o)
                0x80026698                net_read
 .text.net_close
                0x800266a8       0xa0 C:/devkitPro/libogc/lib/wii\libogc.a(network_wii.o)
                0x800266a8                net_close
 .text.net_setsockopt
                0x80026748      0x14c C:/devkitPro/libogc/lib/wii\libogc.a(network_wii.o)
                0x80026748                net_setsockopt
 .text.net_socket
                0x80026894      0x100 C:/devkitPro/libogc/lib/wii\libogc.a(network_wii.o)
                0x80026894                net_socket
 .text.if_configex
                0x80026994      0x360 C:/devkitPro/libogc/lib/wii\libogc.a(network_wii.o)
                0x80026994                if_configex
 .text.if_config
                0x80026cf4      0x138 C:/devkitPro/libogc/lib/wii\libogc.a(network_wii.o)
                0x80026cf4                if_config
 .text.sdio_ClearStatus
                0x80026e2c        0x8 C:/devkitPro/libogc/lib/wii\libogc.a(wiisd.o)
 .text.__sdio_sendcommand
                0x80026e34      0x118 C:/devkitPro/libogc/lib/wii\libogc.a(wiisd.o)
 .text.__sdio_waithcr
                0x80026f4c      0x148 C:/devkitPro/libogc/lib/wii\libogc.a(wiisd.o)
 .text.sdio_IsInserted
                0x80027094       0x58 C:/devkitPro/libogc/lib/wii\libogc.a(wiisd.o)
 .text.sdio_Shutdown
                0x800270ec       0x80 C:/devkitPro/libogc/lib/wii\libogc.a(wiisd.o)
 .text.sdio_WriteSectors
                0x8002716c      0x1d4 C:/devkitPro/libogc/lib/wii\libogc.a(wiisd.o)
 .text.sdio_ReadSectors
                0x80027340      0x1d4 C:/devkitPro/libogc/lib/wii\libogc.a(wiisd.o)
 .text.__sd0_deselect.isra.0
                0x80027514       0xdc C:/devkitPro/libogc/lib/wii\libogc.a(wiisd.o)
 .text.sdio_Startup
                0x800275f0      0x858 C:/devkitPro/libogc/lib/wii\libogc.a(wiisd.o)
 .text.CONF_Init
                0x80027e48      0x180 C:/devkitPro/libogc/lib/wii\libogc.a(conf.o)
                0x80027e48                CONF_Init
 .text.__CONF_GetTxt
                0x80027fc8      0x208 C:/devkitPro/libogc/lib/wii\libogc.a(conf.o)
                0x80027fc8                __CONF_GetTxt
 .text.__CONF_Find
                0x800281d0       0xfc C:/devkitPro/libogc/lib/wii\libogc.a(conf.o)
                0x800281d0                __CONF_Find
 .text.CONF_GetLength
                0x800282cc      0x12c C:/devkitPro/libogc/lib/wii\libogc.a(conf.o)
                0x800282cc                CONF_GetLength
 .text.CONF_Get
                0x800283f8      0x140 C:/devkitPro/libogc/lib/wii\libogc.a(conf.o)
                0x800283f8                CONF_Get
 .text.CONF_GetShutdownMode
                0x80028538       0x54 C:/devkitPro/libogc/lib/wii\libogc.a(conf.o)
                0x80028538                CONF_GetShutdownMode
 .text.CONF_GetIdleLedMode
                0x8002858c       0x54 C:/devkitPro/libogc/lib/wii\libogc.a(conf.o)
                0x8002858c                CONF_GetIdleLedMode
 .text.CONF_GetProgressiveScan
                0x800285e0       0x54 C:/devkitPro/libogc/lib/wii\libogc.a(conf.o)
                0x800285e0                CONF_GetProgressiveScan
 .text.CONF_GetEuRGB60
                0x80028634       0x54 C:/devkitPro/libogc/lib/wii\libogc.a(conf.o)
                0x80028634                CONF_GetEuRGB60
 .text.CONF_GetIRSensitivity
                0x80028688       0x54 C:/devkitPro/libogc/lib/wii\libogc.a(conf.o)
                0x80028688                CONF_GetIRSensitivity
 .text.CONF_GetSensorBarPosition
                0x800286dc       0x54 C:/devkitPro/libogc/lib/wii\libogc.a(conf.o)
                0x800286dc                CONF_GetSensorBarPosition
 .text.CONF_GetCounterBias
                0x80028730       0x4c C:/devkitPro/libogc/lib/wii\libogc.a(conf.o)
                0x80028730                CONF_GetCounterBias
 .text.CONF_GetDisplayOffsetH
                0x8002877c       0x4c C:/devkitPro/libogc/lib/wii\libogc.a(conf.o)
                0x8002877c                CONF_GetDisplayOffsetH
 .text.CONF_GetPadDevices
                0x800287c8       0x4c C:/devkitPro/libogc/lib/wii\libogc.a(conf.o)
                0x800287c8                CONF_GetPadDevices
 .text.CONF_GetVideo
                0x80028814       0x88 C:/devkitPro/libogc/lib/wii\libogc.a(conf.o)
                0x80028814                CONF_GetVideo
 .text.__usb_deviceremoved_cb
                0x8002889c       0x10 C:/devkitPro/libogc/lib/wii\libogc.a(usbstorage.o)
 .text.__usbstorage_ClearStatus
                0x800288ac        0x8 C:/devkitPro/libogc/lib/wii\libogc.a(usbstorage.o)
 .text.__usb_blkmsg_cb
                0x800288b4       0x34 C:/devkitPro/libogc/lib/wii\libogc.a(usbstorage.o)
 .text.__usb_timeouthandler
                0x800288e8       0x10 C:/devkitPro/libogc/lib/wii\libogc.a(usbstorage.o)
 .text.__USB_BlkMsgTimeout
                0x800288f8       0xf0 C:/devkitPro/libogc/lib/wii\libogc.a(usbstorage.o)
 .text.__send_cbw
                0x800289e8      0x184 C:/devkitPro/libogc/lib/wii\libogc.a(usbstorage.o)
 .text.__read_csw
                0x80028b6c      0x110 C:/devkitPro/libogc/lib/wii\libogc.a(usbstorage.o)
 .text.__usbstorage_reset
                0x80028c7c      0x108 C:/devkitPro/libogc/lib/wii\libogc.a(usbstorage.o)
 .text.__cycle.constprop.0
                0x80028d84      0x304 C:/devkitPro/libogc/lib/wii\libogc.a(usbstorage.o)
 .text.__usbstorage_clearerrors
                0x80029088      0x12c C:/devkitPro/libogc/lib/wii\libogc.a(usbstorage.o)
 .text.USBStorage_Initialize
                0x800291b4      0x110 C:/devkitPro/libogc/lib/wii\libogc.a(usbstorage.o)
                0x800291b4                USBStorage_Initialize
 .text.__usbstorage_Startup
                0x800292c4       0x50 C:/devkitPro/libogc/lib/wii\libogc.a(usbstorage.o)
 .text.USBStorage_Close
                0x80029314       0xa8 C:/devkitPro/libogc/lib/wii\libogc.a(usbstorage.o)
                0x80029314                USBStorage_Close
 .text.__usbstorage_Shutdown
                0x800293bc       0x4c C:/devkitPro/libogc/lib/wii\libogc.a(usbstorage.o)
 .text.USBStorage_Open
                0x80029408      0x4b4 C:/devkitPro/libogc/lib/wii\libogc.a(usbstorage.o)
                0x80029408                USBStorage_Open
 .text.USBStorage_Inquiry
                0x800298bc       0xc8 C:/devkitPro/libogc/lib/wii\libogc.a(usbstorage.o)
                0x800298bc                USBStorage_Inquiry
 .text.USBStorage_ReadCapacity
                0x80029984       0xa8 C:/devkitPro/libogc/lib/wii\libogc.a(usbstorage.o)
                0x80029984                USBStorage_ReadCapacity
 .text.USBStorage_MountLUN
                0x80029a2c       0xe8 C:/devkitPro/libogc/lib/wii\libogc.a(usbstorage.o)
                0x80029a2c                USBStorage_MountLUN
 .text.__usbstorage_IsInserted
                0x80029b14      0x3b4 C:/devkitPro/libogc/lib/wii\libogc.a(usbstorage.o)
 .text.USBStorage_Read
                0x80029ec8      0x140 C:/devkitPro/libogc/lib/wii\libogc.a(usbstorage.o)
                0x80029ec8                USBStorage_Read
 .text.__usbstorage_ReadSectors
                0x8002a008       0x5c C:/devkitPro/libogc/lib/wii\libogc.a(usbstorage.o)
 .text.USBStorage_Write
                0x8002a064      0x140 C:/devkitPro/libogc/lib/wii\libogc.a(usbstorage.o)
                0x8002a064                USBStorage_Write
 .text.__usbstorage_WriteSectors
                0x8002a1a4       0x5c C:/devkitPro/libogc/lib/wii\libogc.a(usbstorage.o)
 .text.__WII_WriteNANDBootInfo.isra.0
                0x8002a200       0xbc C:/devkitPro/libogc/lib/wii\libogc.a(wiilaunch.o)
 .text.__WII_WriteStateFlags.isra.0
                0x8002a2bc       0x94 C:/devkitPro/libogc/lib/wii\libogc.a(wiilaunch.o)
 .text.WII_Initialize
                0x8002a350      0x188 C:/devkitPro/libogc/lib/wii\libogc.a(wiilaunch.o)
                0x8002a350                WII_Initialize
 .text.WII_LaunchTitle
                0x8002a4d8      0x1ac C:/devkitPro/libogc/lib/wii\libogc.a(wiilaunch.o)
                0x8002a4d8                WII_LaunchTitle
 .text.WII_ReturnToMenu
                0x8002a684       0x58 C:/devkitPro/libogc/lib/wii\libogc.a(wiilaunch.o)
                0x8002a684                WII_ReturnToMenu
 .text.__lwp_priority_init
                0x8002a6dc       0x1c C:/devkitPro/libogc/lib/wii\libogc.a(lwp_priority.o)
                0x8002a6dc                __lwp_priority_init
 .text.__lwp_threadqueue_enqueuefifo
                0x8002a6f8      0x12c C:/devkitPro/libogc/lib/wii\libogc.a(lwp_threadq.o)
                0x8002a6f8                __lwp_threadqueue_enqueuefifo
 .text.__lwp_threadqueue_dequeuefifo
                0x8002a824      0x140 C:/devkitPro/libogc/lib/wii\libogc.a(lwp_threadq.o)
                0x8002a824                __lwp_threadqueue_dequeuefifo
 .text.__lwp_threadqueue_enqueuepriority
                0x8002a964      0x338 C:/devkitPro/libogc/lib/wii\libogc.a(lwp_threadq.o)
                0x8002a964                __lwp_threadqueue_enqueuepriority
 .text.__lwp_threadqueue_dequeuepriority
                0x8002ac9c      0x1d8 C:/devkitPro/libogc/lib/wii\libogc.a(lwp_threadq.o)
                0x8002ac9c                __lwp_threadqueue_dequeuepriority
 .text.__lwp_threadqueue_init
                0x8002ae74       0x64 C:/devkitPro/libogc/lib/wii\libogc.a(lwp_threadq.o)
                0x8002ae74                __lwp_threadqueue_init
 .text.__lwp_threadqueue_enqueue
                0x8002aed8      0x138 C:/devkitPro/libogc/lib/wii\libogc.a(lwp_threadq.o)
                0x8002aed8                __lwp_threadqueue_enqueue
 .text.__lwp_threadqueue_dequeue
                0x8002b010       0x24 C:/devkitPro/libogc/lib/wii\libogc.a(lwp_threadq.o)
                0x8002b010                __lwp_threadqueue_dequeue
 .text.__lwp_threadqueue_flush
                0x8002b034       0x68 C:/devkitPro/libogc/lib/wii\libogc.a(lwp_threadq.o)
                0x8002b034                __lwp_threadqueue_flush
 .text.__lwp_threadqueue_extractfifo
                0x8002b09c       0xe8 C:/devkitPro/libogc/lib/wii\libogc.a(lwp_threadq.o)
                0x8002b09c                __lwp_threadqueue_extractfifo
 .text.__lwp_threadqueue_extractpriority
                0x8002b184      0x148 C:/devkitPro/libogc/lib/wii\libogc.a(lwp_threadq.o)
                0x8002b184                __lwp_threadqueue_extractpriority
 .text.__lwp_threadqueue_timeout
                0x8002b2cc       0xd0 C:/devkitPro/libogc/lib/wii\libogc.a(lwp_threadq.o)
 .text.__lwp_threadqueue_extractproxy
                0x8002b39c       0x64 C:/devkitPro/libogc/lib/wii\libogc.a(lwp_threadq.o)
                0x8002b39c                __lwp_threadqueue_extractproxy
 .text.__lwp_mutex_initialize
                0x8002b400       0xa4 C:/devkitPro/libogc/lib/wii\libogc.a(lwp_mutex.o)
                0x8002b400                __lwp_mutex_initialize
 .text.__lwp_mutex_surrender